Archive member included because of file (symbol)

d:/px4/toolchain/bin/../lib/gcc/arm-none-eabi/4.8.4/../../../../arm-none-eabi/lib/armv7e-m/fpu/libm.a(lib_a-sf_fpclassify.o)
                              e:/niu/Flow/Build/px4flow-v1_default.build/e/niu/Flow/src/modules/flow/module.pre.o (__fpclassifyf)

Discarded input sections

 .group         0x00000000        0x8 e:/niu/Flow/Build/px4flow-v1_default.build/e/niu/Flow/Build/px4flow-v1_default.build/empty.c.o
 .text          0x00000000        0x0 e:/niu/Flow/Build/px4flow-v1_default.build/e/niu/Flow/Build/px4flow-v1_default.build/empty.c.o
 .data          0x00000000        0x0 e:/niu/Flow/Build/px4flow-v1_default.build/e/niu/Flow/Build/px4flow-v1_default.build/empty.c.o
 .bss           0x00000000        0x0 e:/niu/Flow/Build/px4flow-v1_default.build/e/niu/Flow/Build/px4flow-v1_default.build/empty.c.o
 .debug_info    0x00000000       0x1d e:/niu/Flow/Build/px4flow-v1_default.build/e/niu/Flow/Build/px4flow-v1_default.build/empty.c.o
 .debug_abbrev  0x00000000       0x11 e:/niu/Flow/Build/px4flow-v1_default.build/e/niu/Flow/Build/px4flow-v1_default.build/empty.c.o
 .debug_aranges
                0x00000000       0x18 e:/niu/Flow/Build/px4flow-v1_default.build/e/niu/Flow/Build/px4flow-v1_default.build/empty.c.o
 .debug_macro   0x00000000       0x11 e:/niu/Flow/Build/px4flow-v1_default.build/e/niu/Flow/Build/px4flow-v1_default.build/empty.c.o
 .debug_macro   0x00000000      0x880 e:/niu/Flow/Build/px4flow-v1_default.build/e/niu/Flow/Build/px4flow-v1_default.build/empty.c.o
 .debug_line    0x00000000       0x53 e:/niu/Flow/Build/px4flow-v1_default.build/e/niu/Flow/Build/px4flow-v1_default.build/empty.c.o
 .debug_str     0x00000000     0x2539 e:/niu/Flow/Build/px4flow-v1_default.build/e/niu/Flow/Build/px4flow-v1_default.build/empty.c.o
 .comment       0x00000000       0x71 e:/niu/Flow/Build/px4flow-v1_default.build/e/niu/Flow/Build/px4flow-v1_default.build/empty.c.o
 .ARM.attributes
                0x00000000       0x35 e:/niu/Flow/Build/px4flow-v1_default.build/e/niu/Flow/Build/px4flow-v1_default.build/empty.c.o
 .group         0x00000000        0x8 e:/niu/Flow/Build/px4flow-v1_default.build/e/niu/Flow/src/drivers/boards/px4flow-v1/module.pre.o
 .group         0x00000000        0x8 e:/niu/Flow/Build/px4flow-v1_default.build/e/niu/Flow/src/drivers/boards/px4flow-v1/module.pre.o
 .group         0x00000000        0x8 e:/niu/Flow/Build/px4flow-v1_default.build/e/niu/Flow/src/drivers/boards/px4flow-v1/module.pre.o
 .group         0x00000000        0x8 e:/niu/Flow/Build/px4flow-v1_default.build/e/niu/Flow/src/drivers/boards/px4flow-v1/module.pre.o
 .group         0x00000000        0x8 e:/niu/Flow/Build/px4flow-v1_default.build/e/niu/Flow/src/drivers/boards/px4flow-v1/module.pre.o
 .group         0x00000000        0x8 e:/niu/Flow/Build/px4flow-v1_default.build/e/niu/Flow/src/drivers/boards/px4flow-v1/module.pre.o
 .group         0x00000000        0x8 e:/niu/Flow/Build/px4flow-v1_default.build/e/niu/Flow/src/drivers/boards/px4flow-v1/module.pre.o
 .group         0x00000000        0x8 e:/niu/Flow/Build/px4flow-v1_default.build/e/niu/Flow/src/drivers/boards/px4flow-v1/module.pre.o
 .group         0x00000000        0x8 e:/niu/Flow/Build/px4flow-v1_default.build/e/niu/Flow/src/drivers/boards/px4flow-v1/module.pre.o
 .group         0x00000000        0x8 e:/niu/Flow/Build/px4flow-v1_default.build/e/niu/Flow/src/drivers/boards/px4flow-v1/module.pre.o
 .group         0x00000000        0x8 e:/niu/Flow/Build/px4flow-v1_default.build/e/niu/Flow/src/drivers/boards/px4flow-v1/module.pre.o
 .group         0x00000000        0x8 e:/niu/Flow/Build/px4flow-v1_default.build/e/niu/Flow/src/drivers/boards/px4flow-v1/module.pre.o
 .group         0x00000000        0x8 e:/niu/Flow/Build/px4flow-v1_default.build/e/niu/Flow/src/drivers/boards/px4flow-v1/module.pre.o
 .group         0x00000000        0x8 e:/niu/Flow/Build/px4flow-v1_default.build/e/niu/Flow/src/drivers/boards/px4flow-v1/module.pre.o
 .group         0x00000000        0x8 e:/niu/Flow/Build/px4flow-v1_default.build/e/niu/Flow/src/drivers/boards/px4flow-v1/module.pre.o
 .group         0x00000000        0x8 e:/niu/Flow/Build/px4flow-v1_default.build/e/niu/Flow/src/drivers/boards/px4flow-v1/module.pre.o
 .group         0x00000000        0x8 e:/niu/Flow/Build/px4flow-v1_default.build/e/niu/Flow/src/drivers/boards/px4flow-v1/module.pre.o
 .group         0x00000000        0x8 e:/niu/Flow/Build/px4flow-v1_default.build/e/niu/Flow/src/drivers/boards/px4flow-v1/module.pre.o
 .group         0x00000000        0x8 e:/niu/Flow/Build/px4flow-v1_default.build/e/niu/Flow/src/drivers/boards/px4flow-v1/module.pre.o
 .group         0x00000000        0x8 e:/niu/Flow/Build/px4flow-v1_default.build/e/niu/Flow/src/drivers/boards/px4flow-v1/module.pre.o
 .group         0x00000000        0x8 e:/niu/Flow/Build/px4flow-v1_default.build/e/niu/Flow/src/drivers/boards/px4flow-v1/module.pre.o
[...]
Memory Configuration

Name             Origin             Length             Attributes
FLASH            0x08004000         0x000fc000         xr
RAM              0x20000000         0x00020000         xrw
CCM              0x10000000         0x00010000         xrw
*default*        0x00000000         0xffffffff

Linker script and memory map

                0x20020000                _estack = 0x20020000
                0x00000000                _Min_Heap_Size = 0x0
                0x00000400                _Min_Stack_Size = 0x400

.isr_vector     0x08004000      0x188
                0x08004000                . = ALIGN (0x4)
 *(.isr_vector)
 .isr_vector    0x08004000      0x188 e:/niu/Flow/Build/px4flow-v1_default.build/e/niu/Flow/src/modules/flow/module.pre.o
                0x08004000                g_pfnVectors
                0x08004188                . = ALIGN (0x4)

.text           0x08004188     0xaa54
                0x08004188                . = ALIGN (0x4)
 *(.text)
 *(.text*)
 .text.Reset_Handler
                0x08004188       0x50 e:/niu/Flow/Build/px4flow-v1_default.build/e/niu/Flow/src/modules/flow/module.pre.o
                0x08004188                Reset_Handler
 .text.Default_Handler
                0x080041d8        0x4 e:/niu/Flow/Build/px4flow-v1_default.build/e/niu/Flow/src/modules/flow/module.pre.o
                0x080041d8                RTC_Alarm_IRQHandler
                0x080041d8                HASH_RNG_IRQHandler
                0x080041d8                EXTI2_IRQHandler
                0x080041d8                TIM8_CC_IRQHandler
                0x080041d8                TIM1_CC_IRQHandler
                0x080041d8                DMA2_Stream5_IRQHandler
                0x080041d8                DMA1_Stream5_IRQHandler
                0x080041d8                PVD_IRQHandler
                0x080041d8                SDIO_IRQHandler
                0x080041d8                TAMP_STAMP_IRQHandler
                0x080041d8                CAN2_RX1_IRQHandler
                0x080041d8                EXTI3_IRQHandler
                0x080041d8                TIM8_TRG_COM_TIM14_IRQHandler
                0x080041d8                TIM1_UP_TIM10_IRQHandler
                0x080041d8                TIM8_UP_TIM13_IRQHandler
                0x080041d8                I2C3_ER_IRQHandler
                0x080041d8                EXTI0_IRQHandler
                0x080041d8                I2C2_EV_IRQHandler
                0x080041d8                DMA1_Stream2_IRQHandler
                0x080041d8                CAN1_RX0_IRQHandler
                0x080041d8                FPU_IRQHandler
                0x080041d8                OTG_HS_WKUP_IRQHandler
                0x080041d8                CAN2_SCE_IRQHandler
                0x080041d8                DMA2_Stream2_IRQHandler
                0x080041d8                SPI1_IRQHandler
                0x080041d8                TIM6_DAC_IRQHandler
                0x080041d8                TIM1_BRK_TIM9_IRQHandler
                0x080041d8                CAN2_RX0_IRQHandler
                0x080041d8                DMA2_Stream3_IRQHandler
                0x080041d8                USART6_IRQHandler
                0x080041d8                CRYP_IRQHandler
                0x080041d8                CAN1_RX1_IRQHandler
                0x080041d8                UART5_IRQHandler
                0x080041d8                DMA2_Stream0_IRQHandler
                0x080041d8                TIM4_IRQHandler
                0x080041d8                DMA1_Stream6_IRQHandler
                0x080041d8                DMA1_Stream1_IRQHandler
                0x080041d8                TIM3_IRQHandler
                0x080041d8                RCC_IRQHandler
                0x080041d8                TIM8_BRK_TIM12_IRQHandler
                0x080041d8                Default_Handler
                0x080041d8                EXTI15_10_IRQHandler
                0x080041d8                ADC_IRQHandler
                0x080041d8                DMA1_Stream7_IRQHandler
                0x080041d8                TIM7_IRQHandler
                0x080041d8                CAN2_TX_IRQHandler
                0x080041d8                TIM5_IRQHandler
                0x080041d8                DMA2_Stream7_IRQHandler
                0x080041d8                I2C3_EV_IRQHandler
                0x080041d8                EXTI9_5_IRQHandler
                0x080041d8                RTC_WKUP_IRQHandler
                0x080041d8                ETH_WKUP_IRQHandler
                0x080041d8                SPI2_IRQHandler
                0x080041d8                OTG_HS_EP1_IN_IRQHandler
                0x080041d8                DMA1_Stream0_IRQHandler
                0x080041d8                CAN1_TX_IRQHandler
                0x080041d8                EXTI4_IRQHandler
                0x080041d8                FSMC_IRQHandler
                0x080041d8                ETH_IRQHandler
                0x080041d8                OTG_HS_EP1_OUT_IRQHandler
                0x080041d8                WWDG_IRQHandler
                0x080041d8                TIM2_IRQHandler
                0x080041d8                OTG_FS_WKUP_IRQHandler
                0x080041d8                TIM1_TRG_COM_TIM11_IRQHandler
                0x080041d8                OTG_HS_IRQHandler
                0x080041d8                EXTI1_IRQHandler
                0x080041d8                I2C2_ER_IRQHandler
                0x080041d8                CAN1_SCE_IRQHandler
                0x080041d8                FLASH_IRQHandler
                0x080041d8                DMA2_Stream4_IRQHandler
                0x080041d8                USART1_IRQHandler
                0x080041d8                SPI3_IRQHandler
                0x080041d8                DMA1_Stream4_IRQHandler
                0x080041d8                DMA2_Stream6_IRQHandler
                0x080041d8                DMA1_Stream3_IRQHandler
 .text.SystemInit
                0x080041dc      0x100 e:/niu/Flow/Build/px4flow-v1_default.build/e/niu/Flow/src/modules/flow/module.pre.o
                0x080041dc                SystemInit
 .text.NMI_Handler
                0x080042dc        0x4 e:/niu/Flow/Build/px4flow-v1_default.build/e/niu/Flow/src/modules/flow/module.pre.o
                0x080042dc                NMI_Handler
 .text.HardFault_Handler
                0x080042e0        0x4 e:/niu/Flow/Build/px4flow-v1_default.build/e/niu/Flow/src/modules/flow/module.pre.o
                0x080042e0                HardFault_Handler
 .text.MemManage_Handler
                0x080042e4        0x4 e:/niu/Flow/Build/px4flow-v1_default.build/e/niu/Flow/src/modules/flow/module.pre.o
                0x080042e4                MemManage_Handler
 .text.BusFault_Handler
                0x080042e8        0x4 e:/niu/Flow/Build/px4flow-v1_default.build/e/niu/Flow/src/modules/flow/module.pre.o
                0x080042e8                BusFault_Handler
 .text.UsageFault_Handler
                0x080042ec        0x4 e:/niu/Flow/Build/px4flow-v1_default.build/e/niu/Flow/src/modules/flow/module.pre.o
                0x080042ec                UsageFault_Handler
 .text.SVC_Handler
                0x080042f0        0x4 e:/niu/Flow/Build/px4flow-v1_default.build/e/niu/Flow/src/modules/flow/module.pre.o
                0x080042f0                SVC_Handler
 .text.DebugMon_Handler
                0x080042f4        0x4 e:/niu/Flow/Build/px4flow-v1_default.build/e/niu/Flow/src/modules/flow/module.pre.o
                0x080042f4                DebugMon_Handler
 .text.PendSV_Handler
                0x080042f8        0x4 e:/niu/Flow/Build/px4flow-v1_default.build/e/niu/Flow/src/modules/flow/module.pre.o
                0x080042f8                PendSV_Handler
 .text.SysTick_Handler
                0x080042fc        0x4 e:/niu/Flow/Build/px4flow-v1_default.build/e/niu/Flow/src/modules/flow/module.pre.o
                0x080042fc                SysTick_Handler
 .text.OTG_FS_IRQHandler
                0x08004300        0xc e:/niu/Flow/Build/px4flow-v1_default.build/e/niu/Flow/src/modules/flow/module.pre.o
                0x08004300                OTG_FS_IRQHandler
 .text.timer_update_ms
                0x0800430c      0x124 e:/niu/Flow/Build/px4flow-v1_default.build/e/niu/Flow/src/modules/flow/module.pre.o
                0x0800430c                timer_update_ms
 .text.timer_update
                0x08004430       0x28 e:/niu/Flow/Build/px4flow-v1_default.build/e/niu/Flow/src/modules/flow/module.pre.o
                0x08004430                timer_update
 .text.get_boot_time_us
                0x08004458       0x10 e:/niu/Flow/Build/px4flow-v1_default.build/e/niu/Flow/src/modules/flow/module.pre.o
                0x08004458                get_boot_time_us
 .text.delay    0x08004468       0x10 e:/niu/Flow/Build/px4flow-v1_default.build/e/niu/Flow/src/modules/flow/module.pre.o
                0x08004468                delay
 .text.buffer_reset
                0x08004478        0xc e:/niu/Flow/Build/px4flow-v1_default.build/e/niu/Flow/src/modules/flow/module.pre.o
                0x08004478                buffer_reset
 .text.startup.main
                0x08004484     0x12c4 e:/niu/Flow/Build/px4flow-v1_default.build/e/niu/Flow/src/modules/flow/module.pre.o
                0x08004484                main
 .text.flow_ftoa
                0x08005748      0x13c e:/niu/Flow/Build/px4flow-v1_default.build/e/niu/Flow/src/modules/flow/module.pre.o
                0x08005748                flow_ftoa
 .text.LEDInit  0x08005884       0x4c e:/niu/Flow/Build/px4flow-v1_default.build/e/niu/Flow/src/modules/flow/module.pre.o
                0x08005884                LEDInit
 .text.LEDOff   0x080058d0       0x1c e:/niu/Flow/Build/px4flow-v1_default.build/e/niu/Flow/src/modules/flow/module.pre.o
                0x080058d0                LEDOff
 .text.LEDToggle
                0x080058ec       0x1c e:/niu/Flow/Build/px4flow-v1_default.build/e/niu/Flow/src/modules/flow/module.pre.o
                0x080058ec                LEDToggle
 .text.global_data_reset_param_defaults
                0x08005908      0x5ac e:/niu/Flow/Build/px4flow-v1_default.build/e/niu/Flow/src/modules/flow/module.pre.o
                0x08005908                global_data_reset_param_defaults
 .text.global_data_reset
                0x08005eb4        0x4 e:/niu/Flow/Build/px4flow-v1_default.build/e/niu/Flow/src/modules/flow/module.pre.o
                0x08005eb4                global_data_reset
 .text.set_sensor_position_settings
                0x08005eb8       0x28 e:/niu/Flow/Build/px4flow-v1_default.build/e/niu/Flow/src/modules/flow/module.pre.o
                0x08005eb8                set_sensor_position_settings
 .text.communication_init
                0x08005ee0       0x2c e:/niu/Flow/Build/px4flow-v1_default.build/e/niu/Flow/src/modules/flow/module.pre.o
                0x08005ee0                communication_init
 .text.communication_system_state_send
                0x08005f0c      0x3b4 e:/niu/Flow/Build/px4flow-v1_default.build/e/niu/Flow/src/modules/flow/module.pre.o
                0x08005f0c                communication_system_state_send
 .text.communication_parameter_send
                0x080062c0      0x2b8 e:/niu/Flow/Build/px4flow-v1_default.build/e/niu/Flow/src/modules/flow/module.pre.o
                0x080062c0                communication_parameter_send
 .text.handle_mavlink_message
                0x08006578     0x13ec e:/niu/Flow/Build/px4flow-v1_default.build/e/niu/Flow/src/modules/flow/module.pre.o
                0x08006578                handle_mavlink_message
 .text.communication_receive
                0x08007964      0x204 e:/niu/Flow/Build/px4flow-v1_default.build/e/niu/Flow/src/modules/flow/module.pre.o
                0x08007964                communication_receive
 .text.communication_receive_forward
                0x08007b68      0x288 e:/niu/Flow/Build/px4flow-v1_default.build/e/niu/Flow/src/modules/flow/module.pre.o
                0x08007b68                communication_receive_forward
 .text.communication_receive_usb
                0x08007df0      0x224 e:/niu/Flow/Build/px4flow-v1_default.build/e/niu/Flow/src/modules/flow/module.pre.o
                0x08007df0                communication_receive_usb
 .text.mavlink_send_uart_bytes
                0x08008014       0x3c e:/niu/Flow/Build/px4flow-v1_default.build/e/niu/Flow/src/modules/flow/module.pre.o
                0x08008014                mavlink_send_uart_bytes
 .text.mavlink_get_channel_status
                0x08008050       0x10 e:/niu/Flow/Build/px4flow-v1_default.build/e/niu/Flow/src/modules/flow/module.pre.o
                0x08008050                mavlink_get_channel_status
 .text.compute_flow
                0x08008060      0xb54 e:/niu/Flow/Build/px4flow-v1_default.build/e/niu/Flow/src/modules/flow/module.pre.o
                0x08008060                compute_flow
 .text.dcmi_restart_calibration_routine
                0x08008bb4       0x64 e:/niu/Flow/Build/px4flow-v1_default.build/e/niu/Flow/src/modules/flow/module.pre.o
                0x08008bb4                dcmi_restart_calibration_routine
 .text.DCMI_IRQHandler
                0x08008c18       0x18 e:/niu/Flow/Build/px4flow-v1_default.build/e/niu/Flow/src/modules/flow/module.pre.o
                0x08008c18                DCMI_IRQHandler
 .text.dma_swap_buffers
                0x08008c30       0xcc e:/niu/Flow/Build/px4flow-v1_default.build/e/niu/Flow/src/modules/flow/module.pre.o
                0x08008c30                dma_swap_buffers
 .text.DMA2_Stream1_IRQHandler
                0x08008cfc       0xc8 e:/niu/Flow/Build/px4flow-v1_default.build/e/niu/Flow/src/modules/flow/module.pre.o
                0x08008cfc                DMA2_Stream1_IRQHandler
 .text.get_time_between_images
                0x08008dc4        0xc e:/niu/Flow/Build/px4flow-v1_default.build/e/niu/Flow/src/modules/flow/module.pre.o
                0x08008dc4                get_time_between_images
 .text.get_frame_counter
                0x08008dd0        0xc e:/niu/Flow/Build/px4flow-v1_default.build/e/niu/Flow/src/modules/flow/module.pre.o
                0x08008dd0                get_frame_counter
 .text.dma_copy_image_buffers
                0x08008ddc       0x9c e:/niu/Flow/Build/px4flow-v1_default.build/e/niu/Flow/src/modules/flow/module.pre.o
                0x08008ddc                dma_copy_image_buffers
 .text.send_calibration_image
                0x08008e78      0x4c8 e:/niu/Flow/Build/px4flow-v1_default.build/e/niu/Flow/src/modules/flow/module.pre.o
                0x08008e78                send_calibration_image
 .text.dcmi_clock_init
                0x08009340       0xa4 e:/niu/Flow/Build/px4flow-v1_default.build/e/niu/Flow/src/modules/flow/module.pre.o
                0x08009340                dcmi_clock_init
 .text.dcmi_hw_init
                0x080093e4      0x1e4 e:/niu/Flow/Build/px4flow-v1_default.build/e/niu/Flow/src/modules/flow/module.pre.o
                0x080093e4                dcmi_hw_init
 .text.dcmi_dma_init
                0x080095c8       0xcc e:/niu/Flow/Build/px4flow-v1_default.build/e/niu/Flow/src/modules/flow/module.pre.o
                0x080095c8                dcmi_dma_init
 .text.enable_image_capture
                0x08009694       0x80 e:/niu/Flow/Build/px4flow-v1_default.build/e/niu/Flow/src/modules/flow/module.pre.o
                0x08009694                enable_image_capture
 .text.dma_reconfigure
                0x08009714       0xa0 e:/niu/Flow/Build/px4flow-v1_default.build/e/niu/Flow/src/modules/flow/module.pre.o
                0x08009714                dma_reconfigure
 .text.mt9v034_WriteReg
                0x080097b4       0xa0 e:/niu/Flow/Build/px4flow-v1_default.build/e/niu/Flow/src/modules/flow/module.pre.o
                0x080097b4                mt9v034_WriteReg
 .text.mt9v034_set_context
                0x08009854       0x2c e:/niu/Flow/Build/px4flow-v1_default.build/e/niu/Flow/src/modules/flow/module.pre.o
                0x08009854                mt9v034_set_context
 .text.mt9v034_ReadReg
                0x08009880       0xf8 e:/niu/Flow/Build/px4flow-v1_default.build/e/niu/Flow/src/modules/flow/module.pre.o
                0x08009880                mt9v034_ReadReg
 .text.mt9v034_context_configuration
                0x08009978      0x3ac e:/niu/Flow/Build/px4flow-v1_default.build/e/niu/Flow/src/modules/flow/module.pre.o
                0x08009978                mt9v034_context_configuration
 .text.gyro_read
                0x08009d24      0x2a0 e:/niu/Flow/Build/px4flow-v1_default.build/e/niu/Flow/src/modules/flow/module.pre.o
                0x08009d24                gyro_read
 .text.l3gd20_config
                0x08009fc4      0x1ac e:/niu/Flow/Build/px4flow-v1_default.build/e/niu/Flow/src/modules/flow/module.pre.o
                0x08009fc4                l3gd20_config
 .text.spi_config
                0x0800a170       0xfc e:/niu/Flow/Build/px4flow-v1_default.build/e/niu/Flow/src/modules/flow/module.pre.o
                0x0800a170                spi_config
 .text.gyro_config
                0x0800a26c      0x1b0 e:/niu/Flow/Build/px4flow-v1_default.build/e/niu/Flow/src/modules/flow/module.pre.o
                0x0800a26c                gyro_config
 .text.getGyroRange
                0x0800a41c        0xc e:/niu/Flow/Build/px4flow-v1_default.build/e/niu/Flow/src/modules/flow/module.pre.o
                0x0800a41c                getGyroRange
 .text.getGyroScalingFactor
                0x0800a428       0x20 e:/niu/Flow/Build/px4flow-v1_default.build/e/niu/Flow/src/modules/flow/module.pre.o
                0x0800a428                getGyroScalingFactor
 .text.usart2_tx_ringbuffer_push
                0x0800a448       0xa4 e:/niu/Flow/Build/px4flow-v1_default.build/e/niu/Flow/src/modules/flow/module.pre.o
                0x0800a448                usart2_tx_ringbuffer_push
 .text.usart3_tx_ringbuffer_push
                0x0800a4ec       0xa4 e:/niu/Flow/Build/px4flow-v1_default.build/e/niu/Flow/src/modules/flow/module.pre.o
                0x0800a4ec                usart3_tx_ringbuffer_push
 .text.usart2_char_available
                0x0800a590       0x18 e:/niu/Flow/Build/px4flow-v1_default.build/e/niu/Flow/src/modules/flow/module.pre.o
                0x0800a590                usart2_char_available
 .text.usart3_char_available
                0x0800a5a8       0x18 e:/niu/Flow/Build/px4flow-v1_default.build/e/niu/Flow/src/modules/flow/module.pre.o
                0x0800a5a8                usart3_char_available
 .text.usart2_rx_ringbuffer_pop
                0x0800a5c0       0x50 e:/niu/Flow/Build/px4flow-v1_default.build/e/niu/Flow/src/modules/flow/module.pre.o
                0x0800a5c0                usart2_rx_ringbuffer_pop
 .text.usart3_rx_ringbuffer_pop
                0x0800a610       0x50 e:/niu/Flow/Build/px4flow-v1_default.build/e/niu/Flow/src/modules/flow/module.pre.o
                0x0800a610                usart3_rx_ringbuffer_pop
 .text.USART2_IRQHandler
                0x0800a660       0xcc e:/niu/Flow/Build/px4flow-v1_default.build/e/niu/Flow/src/modules/flow/module.pre.o
                0x0800a660                USART2_IRQHandler
 .text.USART3_IRQHandler
                0x0800a72c       0xcc e:/niu/Flow/Build/px4flow-v1_default.build/e/niu/Flow/src/modules/flow/module.pre.o
                0x0800a72c                USART3_IRQHandler
 .text.usart_init
                0x0800a7f8      0x160 e:/niu/Flow/Build/px4flow-v1_default.build/e/niu/Flow/src/modules/flow/module.pre.o
                0x0800a7f8                usart_init
 .text.sonar_trigger
                0x0800a958       0x10 e:/niu/Flow/Build/px4flow-v1_default.build/e/niu/Flow/src/modules/flow/module.pre.o
                0x0800a958                sonar_trigger
 .text.UART4_IRQHandler
                0x0800a968      0x154 e:/niu/Flow/Build/px4flow-v1_default.build/e/niu/Flow/src/modules/flow/module.pre.o
                0x0800a968                UART4_IRQHandler
 .text.sonar_read
                0x0800aabc       0xf0 e:/niu/Flow/Build/px4flow-v1_default.build/e/niu/Flow/src/modules/flow/module.pre.o
                0x0800aabc                sonar_read
 .text.sonar_config
                0x0800abac       0xe0 e:/niu/Flow/Build/px4flow-v1_default.build/e/niu/Flow/src/modules/flow/module.pre.o
                0x0800abac                sonar_config
 .text.get_sonar_measure_time
                0x0800ac8c        0xc e:/niu/Flow/Build/px4flow-v1_default.build/e/niu/Flow/src/modules/flow/module.pre.o
                0x0800ac8c                get_sonar_measure_time
 .text.debug_string_message_buffer
                0x0800ac98       0x5c e:/niu/Flow/Build/px4flow-v1_default.build/e/niu/Flow/src/modules/flow/module.pre.o
                0x0800ac98                debug_string_message_buffer
 .text.debug_int_message_buffer
                0x0800acf4       0x70 e:/niu/Flow/Build/px4flow-v1_default.build/e/niu/Flow/src/modules/flow/module.pre.o
                0x0800acf4                debug_int_message_buffer
 .text.debug_message_send_one
                0x0800ad64      0x3c4 e:/niu/Flow/Build/px4flow-v1_default.build/e/niu/Flow/src/modules/flow/module.pre.o
                0x0800ad64                debug_message_send_one
 .text.USB_OTG_BSP_Init
                0x0800b128       0x9c e:/niu/Flow/Build/px4flow-v1_default.build/e/niu/Flow/src/modules/flow/module.pre.o
                0x0800b128                USB_OTG_BSP_Init
 .text.USB_OTG_BSP_EnableInterrupt
                0x0800b1c4       0x30 e:/niu/Flow/Build/px4flow-v1_default.build/e/niu/Flow/src/modules/flow/module.pre.o
                0x0800b1c4                USB_OTG_BSP_EnableInterrupt
 .text.USB_OTG_BSP_uDelay
                0x0800b1f4       0x24 e:/niu/Flow/Build/px4flow-v1_default.build/e/niu/Flow/src/modules/flow/module.pre.o
                0x0800b1f4                USB_OTG_BSP_uDelay
 .text.USB_OTG_BSP_mDelay
                0x0800b218       0x28 e:/niu/Flow/Build/px4flow-v1_default.build/e/niu/Flow/src/modules/flow/module.pre.o
                0x0800b218                USB_OTG_BSP_mDelay
 .text.VCP_Init
                0x0800b240        0x4 e:/niu/Flow/Build/px4flow-v1_default.build/e/niu/Flow/src/modules/flow/module.pre.o
 .text.VCP_DeInit
                0x0800b244        0x4 e:/niu/Flow/Build/px4flow-v1_default.build/e/niu/Flow/src/modules/flow/module.pre.o
 .text.VCP_DataTx
                0x0800b248       0x34 e:/niu/Flow/Build/px4flow-v1_default.build/e/niu/Flow/src/modules/flow/module.pre.o
 .text.VCP_DataRx
                0x0800b27c       0x48 e:/niu/Flow/Build/px4flow-v1_default.build/e/niu/Flow/src/modules/flow/module.pre.o
 .text.VCP_Ctrl
                0x0800b2c4       0x2c e:/niu/Flow/Build/px4flow-v1_default.build/e/niu/Flow/src/modules/flow/module.pre.o
 .text.VCP_put_char
                0x0800b2f0       0x28 e:/niu/Flow/Build/px4flow-v1_default.build/e/niu/Flow/src/modules/flow/module.pre.o
                0x0800b2f0                VCP_put_char
 .text.VCP_get_char
                0x0800b318       0x34 e:/niu/Flow/Build/px4flow-v1_default.build/e/niu/Flow/src/modules/flow/module.pre.o
                0x0800b318                VCP_get_char
 .text.USBD_USR_DeviceDescriptor
                0x0800b34c        0xc e:/niu/Flow/Build/px4flow-v1_default.build/e/niu/Flow/src/modules/flow/module.pre.o
                0x0800b34c                USBD_USR_DeviceDescriptor
 .text.USBD_USR_LangIDStrDescriptor
                0x0800b358        0xc e:/niu/Flow/Build/px4flow-v1_default.build/e/niu/Flow/src/modules/flow/module.pre.o
                0x0800b358                USBD_USR_LangIDStrDescriptor
 .text.USBD_USR_ManufacturerStrDescriptor
                0x0800b364       0x1c e:/niu/Flow/Build/px4flow-v1_default.build/e/niu/Flow/src/modules/flow/module.pre.o
                0x0800b364                USBD_USR_ManufacturerStrDescriptor
 .text.USBD_USR_ProductStrDescriptor
                0x0800b380       0x1c e:/niu/Flow/Build/px4flow-v1_default.build/e/niu/Flow/src/modules/flow/module.pre.o
                0x0800b380                USBD_USR_ProductStrDescriptor
 .text.USBD_USR_SerialStrDescriptor
                0x0800b39c       0x1c e:/niu/Flow/Build/px4flow-v1_default.build/e/niu/Flow/src/modules/flow/module.pre.o
                0x0800b39c                USBD_USR_SerialStrDescriptor
 .text.USBD_USR_ConfigStrDescriptor
                0x0800b3b8       0x1c e:/niu/Flow/Build/px4flow-v1_default.build/e/niu/Flow/src/modules/flow/module.pre.o
                0x0800b3b8                USBD_USR_ConfigStrDescriptor
 .text.USBD_USR_InterfaceStrDescriptor
                0x0800b3d4       0x1c e:/niu/Flow/Build/px4flow-v1_default.build/e/niu/Flow/src/modules/flow/module.pre.o
                0x0800b3d4                USBD_USR_InterfaceStrDescriptor
 .text.USBD_USR_Init
                0x0800b3f0        0x4 e:/niu/Flow/Build/px4flow-v1_default.build/e/niu/Flow/src/modules/flow/module.pre.o
                0x0800b3f0                USBD_USR_Init
 .text.USBD_USR_DeviceReset
                0x0800b3f4        0x4 e:/niu/Flow/Build/px4flow-v1_default.build/e/niu/Flow/src/modules/flow/module.pre.o
                0x0800b3f4                USBD_USR_DeviceReset
 .text.USBD_USR_DeviceConfigured
                0x0800b3f8        0x4 e:/niu/Flow/Build/px4flow-v1_default.build/e/niu/Flow/src/modules/flow/module.pre.o
                0x0800b3f8                USBD_USR_DeviceConfigured
 .text.USBD_USR_DeviceSuspended
                0x0800b3fc        0x4 e:/niu/Flow/Build/px4flow-v1_default.build/e/niu/Flow/src/modules/flow/module.pre.o
                0x0800b3fc                USBD_USR_DeviceSuspended
 .text.USBD_USR_DeviceResumed
                0x0800b400        0x4 e:/niu/Flow/Build/px4flow-v1_default.build/e/niu/Flow/src/modules/flow/module.pre.o
                0x0800b400                USBD_USR_DeviceResumed
 .text.USBD_USR_DeviceConnected
                0x0800b404        0x4 e:/niu/Flow/Build/px4flow-v1_default.build/e/niu/Flow/src/modules/flow/module.pre.o
                0x0800b404                USBD_USR_DeviceConnected
 .text.USBD_USR_DeviceDisconnected
                0x0800b408        0x4 e:/niu/Flow/Build/px4flow-v1_default.build/e/niu/Flow/src/modules/flow/module.pre.o
                0x0800b408                USBD_USR_DeviceDisconnected
 .text.i2c_init
                0x0800b40c      0x184 e:/niu/Flow/Build/px4flow-v1_default.build/e/niu/Flow/src/modules/flow/module.pre.o
                0x0800b40c                i2c_init
 .text.I2C1_EV_IRQHandler
                0x0800b590      0x13c e:/niu/Flow/Build/px4flow-v1_default.build/e/niu/Flow/src/modules/flow/module.pre.o
                0x0800b590                I2C1_EV_IRQHandler
 .text.I2C1_ER_IRQHandler
                0x0800b6cc       0x20 e:/niu/Flow/Build/px4flow-v1_default.build/e/niu/Flow/src/modules/flow/module.pre.o
                0x0800b6cc                I2C1_ER_IRQHandler
 .text.update_TX_buffer
                0x0800b6ec      0x3e0 e:/niu/Flow/Build/px4flow-v1_default.build/e/niu/Flow/src/modules/flow/module.pre.o
                0x0800b6ec                update_TX_buffer
 .text.up_systemreset
                0x0800bacc       0x1c e:/niu/Flow/Build/px4flow-v1_default.build/e/niu/Flow/src/modules/flow/module.pre.o
                0x0800bacc                up_systemreset
 .text.systemreset
                0x0800bae8       0x24 e:/niu/Flow/Build/px4flow-v1_default.build/e/niu/Flow/src/modules/flow/module.pre.o
                0x0800bae8                systemreset
 .text.NVIC_PriorityGroupConfig
                0x0800bb0c       0x14 e:/niu/Flow/Build/px4flow-v1_default.build/e/niu/Flow/src/modules/flow/module.pre.o
                0x0800bb0c                NVIC_PriorityGroupConfig
 .text.NVIC_Init
                0x0800bb20       0x78 e:/niu/Flow/Build/px4flow-v1_default.build/e/niu/Flow/src/modules/flow/module.pre.o
                0x0800bb20                NVIC_Init
 .text.RCC_GetClocksFreq
                0x0800bb98       0x90 e:/niu/Flow/Build/px4flow-v1_default.build/e/niu/Flow/src/modules/flow/module.pre.o
                0x0800bb98                RCC_GetClocksFreq
 .text.RCC_AHB1PeriphClockCmd
                0x0800bc28       0x18 e:/niu/Flow/Build/px4flow-v1_default.build/e/niu/Flow/src/modules/flow/module.pre.o
                0x0800bc28                RCC_AHB1PeriphClockCmd
 .text.RCC_AHB2PeriphClockCmd
                0x0800bc40       0x18 e:/niu/Flow/Build/px4flow-v1_default.build/e/niu/Flow/src/modules/flow/module.pre.o
                0x0800bc40                RCC_AHB2PeriphClockCmd
 .text.RCC_APB1PeriphClockCmd
                0x0800bc58       0x18 e:/niu/Flow/Build/px4flow-v1_default.build/e/niu/Flow/src/modules/flow/module.pre.o
                0x0800bc58                RCC_APB1PeriphClockCmd
 .text.RCC_APB2PeriphClockCmd
                0x0800bc70       0x18 e:/niu/Flow/Build/px4flow-v1_default.build/e/niu/Flow/src/modules/flow/module.pre.o
                0x0800bc70                RCC_APB2PeriphClockCmd
 .text.RCC_APB1PeriphResetCmd
                0x0800bc88       0x18 e:/niu/Flow/Build/px4flow-v1_default.build/e/niu/Flow/src/modules/flow/module.pre.o
                0x0800bc88                RCC_APB1PeriphResetCmd
 .text.DMA_DeInit
                0x0800bca0      0x130 e:/niu/Flow/Build/px4flow-v1_default.build/e/niu/Flow/src/modules/flow/module.pre.o
                0x0800bca0                DMA_DeInit
 .text.DMA_Init
                0x0800bdd0       0x68 e:/niu/Flow/Build/px4flow-v1_default.build/e/niu/Flow/src/modules/flow/module.pre.o
                0x0800bdd0                DMA_Init
 .text.DMA_Cmd  0x0800be38       0x14 e:/niu/Flow/Build/px4flow-v1_default.build/e/niu/Flow/src/modules/flow/module.pre.o
                0x0800be38                DMA_Cmd
 .text.DMA_DoubleBufferModeConfig
                0x0800be4c       0x18 e:/niu/Flow/Build/px4flow-v1_default.build/e/niu/Flow/src/modules/flow/module.pre.o
                0x0800be4c                DMA_DoubleBufferModeConfig
 .text.DMA_DoubleBufferModeCmd
                0x0800be64       0x14 e:/niu/Flow/Build/px4flow-v1_default.build/e/niu/Flow/src/modules/flow/module.pre.o
                0x0800be64                DMA_DoubleBufferModeCmd
 .text.DMA_MemoryTargetConfig
                0x0800be78        0xc e:/niu/Flow/Build/px4flow-v1_default.build/e/niu/Flow/src/modules/flow/module.pre.o
                0x0800be78                DMA_MemoryTargetConfig
 .text.DMA_GetCurrentMemoryTarget
                0x0800be84        0x8 e:/niu/Flow/Build/px4flow-v1_default.build/e/niu/Flow/src/modules/flow/module.pre.o
                0x0800be84                DMA_GetCurrentMemoryTarget
 .text.DMA_ITConfig
                0x0800be8c       0x40 e:/niu/Flow/Build/px4flow-v1_default.build/e/niu/Flow/src/modules/flow/module.pre.o
                0x0800be8c                DMA_ITConfig
 .text.DMA_GetITStatus
                0x0800becc       0x54 e:/niu/Flow/Build/px4flow-v1_default.build/e/niu/Flow/src/modules/flow/module.pre.o
                0x0800becc                DMA_GetITStatus
 .text.DMA_ClearITPendingBit
                0x0800bf20       0x34 e:/niu/Flow/Build/px4flow-v1_default.build/e/niu/Flow/src/modules/flow/module.pre.o
                0x0800bf20                DMA_ClearITPendingBit
 .text.DCMI_Init
                0x0800bf54       0x48 e:/niu/Flow/Build/px4flow-v1_default.build/e/niu/Flow/src/modules/flow/module.pre.o
                0x0800bf54                DCMI_Init
 .text.DCMI_Cmd
                0x0800bf9c       0x1c e:/niu/Flow/Build/px4flow-v1_default.build/e/niu/Flow/src/modules/flow/module.pre.o
                0x0800bf9c                DCMI_Cmd
 .text.DCMI_CaptureCmd
                0x0800bfb8       0x1c e:/niu/Flow/Build/px4flow-v1_default.build/e/niu/Flow/src/modules/flow/module.pre.o
                0x0800bfb8                DCMI_CaptureCmd
 .text.DCMI_GetITStatus
                0x0800bfd4       0x14 e:/niu/Flow/Build/px4flow-v1_default.build/e/niu/Flow/src/modules/flow/module.pre.o
                0x0800bfd4                DCMI_GetITStatus
 .text.DCMI_ClearITPendingBit
                0x0800bfe8        0xc e:/niu/Flow/Build/px4flow-v1_default.build/e/niu/Flow/src/modules/flow/module.pre.o
                0x0800bfe8                DCMI_ClearITPendingBit
 .text.I2C_DeInit
                0x0800bff4       0x6c e:/niu/Flow/Build/px4flow-v1_default.build/e/niu/Flow/src/modules/flow/module.pre.o
                0x0800bff4                I2C_DeInit
 .text.I2C_Init
                0x0800c060       0xe0 e:/niu/Flow/Build/px4flow-v1_default.build/e/niu/Flow/src/modules/flow/module.pre.o
                0x0800c060                I2C_Init
 .text.I2C_Cmd  0x0800c140       0x1c e:/niu/Flow/Build/px4flow-v1_default.build/e/niu/Flow/src/modules/flow/module.pre.o
                0x0800c140                I2C_Cmd
 .text.I2C_GenerateSTART
                0x0800c15c       0x1c e:/niu/Flow/Build/px4flow-v1_default.build/e/niu/Flow/src/modules/flow/module.pre.o
                0x0800c15c                I2C_GenerateSTART
 .text.I2C_GenerateSTOP
                0x0800c178       0x1c e:/niu/Flow/Build/px4flow-v1_default.build/e/niu/Flow/src/modules/flow/module.pre.o
                0x0800c178                I2C_GenerateSTOP
 .text.I2C_Send7bitAddress
                0x0800c194       0x14 e:/niu/Flow/Build/px4flow-v1_default.build/e/niu/Flow/src/modules/flow/module.pre.o
                0x0800c194                I2C_Send7bitAddress
 .text.I2C_AcknowledgeConfig
                0x0800c1a8       0x1c e:/niu/Flow/Build/px4flow-v1_default.build/e/niu/Flow/src/modules/flow/module.pre.o
                0x0800c1a8                I2C_AcknowledgeConfig
 .text.I2C_SoftwareResetCmd
                0x0800c1c4       0x1c e:/niu/Flow/Build/px4flow-v1_default.build/e/niu/Flow/src/modules/flow/module.pre.o
                0x0800c1c4                I2C_SoftwareResetCmd
 .text.I2C_StretchClockCmd
                0x0800c1e0       0x1c e:/niu/Flow/Build/px4flow-v1_default.build/e/niu/Flow/src/modules/flow/module.pre.o
                0x0800c1e0                I2C_StretchClockCmd
 .text.I2C_SendData
                0x0800c1fc        0x4 e:/niu/Flow/Build/px4flow-v1_default.build/e/niu/Flow/src/modules/flow/module.pre.o
                0x0800c1fc                I2C_SendData
 .text.I2C_ReceiveData
                0x0800c200        0x8 e:/niu/Flow/Build/px4flow-v1_default.build/e/niu/Flow/src/modules/flow/module.pre.o
                0x0800c200                I2C_ReceiveData
 .text.I2C_ReadRegister
                0x0800c208       0x18 e:/niu/Flow/Build/px4flow-v1_default.build/e/niu/Flow/src/modules/flow/module.pre.o
                0x0800c208                I2C_ReadRegister
 .text.I2C_ITConfig
                0x0800c220       0x14 e:/niu/Flow/Build/px4flow-v1_default.build/e/niu/Flow/src/modules/flow/module.pre.o
                0x0800c220                I2C_ITConfig
 .text.I2C_CheckEvent
                0x0800c234       0x18 e:/niu/Flow/Build/px4flow-v1_default.build/e/niu/Flow/src/modules/flow/module.pre.o
                0x0800c234                I2C_CheckEvent
 .text.I2C_GetLastEvent
                0x0800c24c       0x10 e:/niu/Flow/Build/px4flow-v1_default.build/e/niu/Flow/src/modules/flow/module.pre.o
                0x0800c24c                I2C_GetLastEvent
 .text.TIM_TimeBaseInit
                0x0800c25c       0xa4 e:/niu/Flow/Build/px4flow-v1_default.build/e/niu/Flow/src/modules/flow/module.pre.o
                0x0800c25c                TIM_TimeBaseInit
 .text.TIM_ARRPreloadConfig
                0x0800c300       0x1c e:/niu/Flow/Build/px4flow-v1_default.build/e/niu/Flow/src/modules/flow/module.pre.o
                0x0800c300                TIM_ARRPreloadConfig
 .text.TIM_Cmd  0x0800c31c       0x1c e:/niu/Flow/Build/px4flow-v1_default.build/e/niu/Flow/src/modules/flow/module.pre.o
                0x0800c31c                TIM_Cmd
 .text.TIM_OC3Init
                0x0800c338       0x8c e:/niu/Flow/Build/px4flow-v1_default.build/e/niu/Flow/src/modules/flow/module.pre.o
                0x0800c338                TIM_OC3Init
 .text.TIM_OC3PreloadConfig
                0x0800c3c4       0x10 e:/niu/Flow/Build/px4flow-v1_default.build/e/niu/Flow/src/modules/flow/module.pre.o
                0x0800c3c4                TIM_OC3PreloadConfig
 .text.SPI_Init
                0x0800c3d4       0x50 e:/niu/Flow/Build/px4flow-v1_default.build/e/niu/Flow/src/modules/flow/module.pre.o
                0x0800c3d4                SPI_Init
 .text.SPI_Cmd  0x0800c424       0x1c e:/niu/Flow/Build/px4flow-v1_default.build/e/niu/Flow/src/modules/flow/module.pre.o
                0x0800c424                SPI_Cmd
 .text.SPI_I2S_ReceiveData
                0x0800c440        0x8 e:/niu/Flow/Build/px4flow-v1_default.build/e/niu/Flow/src/modules/flow/module.pre.o
                0x0800c440                SPI_I2S_ReceiveData
 .text.SPI_I2S_SendData
                0x0800c448        0x4 e:/niu/Flow/Build/px4flow-v1_default.build/e/niu/Flow/src/modules/flow/module.pre.o
                0x0800c448                SPI_I2S_SendData
 .text.SPI_I2S_GetFlagStatus
                0x0800c44c        0xc e:/niu/Flow/Build/px4flow-v1_default.build/e/niu/Flow/src/modules/flow/module.pre.o
                0x0800c44c                SPI_I2S_GetFlagStatus
 .text.USART_Init
                0x0800c458       0xc4 e:/niu/Flow/Build/px4flow-v1_default.build/e/niu/Flow/src/modules/flow/module.pre.o
                0x0800c458                USART_Init
 .text.USART_Cmd
                0x0800c51c       0x1c e:/niu/Flow/Build/px4flow-v1_default.build/e/niu/Flow/src/modules/flow/module.pre.o
                0x0800c51c                USART_Cmd
 .text.USART_SendData
                0x0800c538        0x8 e:/niu/Flow/Build/px4flow-v1_default.build/e/niu/Flow/src/modules/flow/module.pre.o
                0x0800c538                USART_SendData
 .text.USART_ReceiveData
                0x0800c540        0x8 e:/niu/Flow/Build/px4flow-v1_default.build/e/niu/Flow/src/modules/flow/module.pre.o
                0x0800c540                USART_ReceiveData
 .text.USART_ITConfig
                0x0800c548       0x3c e:/niu/Flow/Build/px4flow-v1_default.build/e/niu/Flow/src/modules/flow/module.pre.o
                0x0800c548                USART_ITConfig
 .text.USART_GetITStatus
                0x0800c584       0x4c e:/niu/Flow/Build/px4flow-v1_default.build/e/niu/Flow/src/modules/flow/module.pre.o
                0x0800c584                USART_GetITStatus
 .text.GPIO_Init
                0x0800c5d0       0xb8 e:/niu/Flow/Build/px4flow-v1_default.build/e/niu/Flow/src/modules/flow/module.pre.o
                0x0800c5d0                GPIO_Init
 .text.GPIO_ReadInputData
                0x0800c688        0x8 e:/niu/Flow/Build/px4flow-v1_default.build/e/niu/Flow/src/modules/flow/module.pre.o
                0x0800c688                GPIO_ReadInputData
 .text.GPIO_SetBits
                0x0800c690        0x4 e:/niu/Flow/Build/px4flow-v1_default.build/e/niu/Flow/src/modules/flow/module.pre.o
                0x0800c690                GPIO_SetBits
 .text.GPIO_ResetBits
                0x0800c694        0x4 e:/niu/Flow/Build/px4flow-v1_default.build/e/niu/Flow/src/modules/flow/module.pre.o
                0x0800c694                GPIO_ResetBits
 .text.GPIO_ToggleBits
                0x0800c698        0x8 e:/niu/Flow/Build/px4flow-v1_default.build/e/niu/Flow/src/modules/flow/module.pre.o
                0x0800c698                GPIO_ToggleBits
 .text.GPIO_PinAFConfig
                0x0800c6a0       0x28 e:/niu/Flow/Build/px4flow-v1_default.build/e/niu/Flow/src/modules/flow/module.pre.o
                0x0800c6a0                GPIO_PinAFConfig
 .text.USB_OTG_WritePacket
                0x0800c6c8       0x28 e:/niu/Flow/Build/px4flow-v1_default.build/e/niu/Flow/src/modules/flow/module.pre.o
                0x0800c6c8                USB_OTG_WritePacket
 .text.USB_OTG_ReadPacket
                0x0800c6f0       0x28 e:/niu/Flow/Build/px4flow-v1_default.build/e/niu/Flow/src/modules/flow/module.pre.o
                0x0800c6f0                USB_OTG_ReadPacket
 .text.USB_OTG_SelectCore
                0x0800c718      0x348 e:/niu/Flow/Build/px4flow-v1_default.build/e/niu/Flow/src/modules/flow/module.pre.o
                0x0800c718                USB_OTG_SelectCore
 .text.USB_OTG_CoreInit
                0x0800ca60      0x13c e:/niu/Flow/Build/px4flow-v1_default.build/e/niu/Flow/src/modules/flow/module.pre.o
                0x0800ca60                USB_OTG_CoreInit
 .text.USB_OTG_EnableGlobalInt
                0x0800cb9c       0x10 e:/niu/Flow/Build/px4flow-v1_default.build/e/niu/Flow/src/modules/flow/module.pre.o
                0x0800cb9c                USB_OTG_EnableGlobalInt
 .text.USB_OTG_DisableGlobalInt
                0x0800cbac       0x10 e:/niu/Flow/Build/px4flow-v1_default.build/e/niu/Flow/src/modules/flow/module.pre.o
                0x0800cbac                USB_OTG_DisableGlobalInt
 .text.USB_OTG_FlushTxFifo
                0x0800cbbc       0x48 e:/niu/Flow/Build/px4flow-v1_default.build/e/niu/Flow/src/modules/flow/module.pre.o
                0x0800cbbc                USB_OTG_FlushTxFifo
 .text.USB_OTG_SetCurrentMode
                0x0800cc04       0x2c e:/niu/Flow/Build/px4flow-v1_default.build/e/niu/Flow/src/modules/flow/module.pre.o
                0x0800cc04                USB_OTG_SetCurrentMode
 .text.USB_OTG_IsDeviceMode
                0x0800cc30       0x10 e:/niu/Flow/Build/px4flow-v1_default.build/e/niu/Flow/src/modules/flow/module.pre.o
                0x0800cc30                USB_OTG_IsDeviceMode
 .text.USB_OTG_ReadCoreItr
                0x0800cc40        0xc e:/niu/Flow/Build/px4flow-v1_default.build/e/niu/Flow/src/modules/flow/module.pre.o
                0x0800cc40                USB_OTG_ReadCoreItr
 .text.USB_OTG_CoreInitDev
                0x0800cc4c      0x1c8 e:/niu/Flow/Build/px4flow-v1_default.build/e/niu/Flow/src/modules/flow/module.pre.o
                0x0800cc4c                USB_OTG_CoreInitDev
 .text.USB_OTG_GetDeviceSpeed
                0x0800ce14       0x20 e:/niu/Flow/Build/px4flow-v1_default.build/e/niu/Flow/src/modules/flow/module.pre.o
                0x0800ce14                USB_OTG_GetDeviceSpeed
 .text.USB_OTG_EP0Activate
                0x0800ce34       0x2c e:/niu/Flow/Build/px4flow-v1_default.build/e/niu/Flow/src/modules/flow/module.pre.o
                0x0800ce34                USB_OTG_EP0Activate
 .text.USB_OTG_EPActivate
                0x0800ce60       0x60 e:/niu/Flow/Build/px4flow-v1_default.build/e/niu/Flow/src/modules/flow/module.pre.o
                0x0800ce60                USB_OTG_EPActivate
 .text.USB_OTG_EPDeactivate
                0x0800cec0       0x44 e:/niu/Flow/Build/px4flow-v1_default.build/e/niu/Flow/src/modules/flow/module.pre.o
                0x0800cec0                USB_OTG_EPDeactivate
 .text.USB_OTG_EPStartXfer
                0x0800cf04      0x13c e:/niu/Flow/Build/px4flow-v1_default.build/e/niu/Flow/src/modules/flow/module.pre.o
                0x0800cf04                USB_OTG_EPStartXfer
 .text.USB_OTG_EP0StartXfer
                0x0800d040      0x100 e:/niu/Flow/Build/px4flow-v1_default.build/e/niu/Flow/src/modules/flow/module.pre.o
                0x0800d040                USB_OTG_EP0StartXfer
 .text.USB_OTG_EPSetStall
                0x0800d140       0x30 e:/niu/Flow/Build/px4flow-v1_default.build/e/niu/Flow/src/modules/flow/module.pre.o
                0x0800d140                USB_OTG_EPSetStall
 .text.USB_OTG_EPClearStall
                0x0800d170       0x2c e:/niu/Flow/Build/px4flow-v1_default.build/e/niu/Flow/src/modules/flow/module.pre.o
                0x0800d170                USB_OTG_EPClearStall
 .text.USB_OTG_ReadDevAllOutEp_itr
                0x0800d19c        0xc e:/niu/Flow/Build/px4flow-v1_default.build/e/niu/Flow/src/modules/flow/module.pre.o
                0x0800d19c                USB_OTG_ReadDevAllOutEp_itr
 .text.USB_OTG_ReadDevOutEP_itr
                0x0800d1a8       0x10 e:/niu/Flow/Build/px4flow-v1_default.build/e/niu/Flow/src/modules/flow/module.pre.o
                0x0800d1a8                USB_OTG_ReadDevOutEP_itr
 .text.USB_OTG_ReadDevAllInEPItr
                0x0800d1b8        0xc e:/niu/Flow/Build/px4flow-v1_default.build/e/niu/Flow/src/modules/flow/module.pre.o
                0x0800d1b8                USB_OTG_ReadDevAllInEPItr
 .text.USB_OTG_EP0_OutStart
                0x0800d1c4       0x48 e:/niu/Flow/Build/px4flow-v1_default.build/e/niu/Flow/src/modules/flow/module.pre.o
                0x0800d1c4                USB_OTG_EP0_OutStart
 .text.USBD_OTG_ISR_Handler
                0x0800d20c      0x590 e:/niu/Flow/Build/px4flow-v1_default.build/e/niu/Flow/src/modules/flow/module.pre.o
                0x0800d20c                USBD_OTG_ISR_Handler
 .text.DCD_Init
                0x0800d79c       0x9c e:/niu/Flow/Build/px4flow-v1_default.build/e/niu/Flow/src/modules/flow/module.pre.o
                0x0800d79c                DCD_Init
 .text.DCD_EP_Open
                0x0800d838       0x50 e:/niu/Flow/Build/px4flow-v1_default.build/e/niu/Flow/src/modules/flow/module.pre.o
                0x0800d838                DCD_EP_Open
 .text.DCD_EP_Close
                0x0800d888       0x38 e:/niu/Flow/Build/px4flow-v1_default.build/e/niu/Flow/src/modules/flow/module.pre.o
                0x0800d888                DCD_EP_Close
 .text.DCD_EP_PrepareRx
                0x0800d8c0       0x3c e:/niu/Flow/Build/px4flow-v1_default.build/e/niu/Flow/src/modules/flow/module.pre.o
                0x0800d8c0                DCD_EP_PrepareRx
 .text.DCD_EP_Tx
                0x0800d8fc       0x38 e:/niu/Flow/Build/px4flow-v1_default.build/e/niu/Flow/src/modules/flow/module.pre.o
                0x0800d8fc                DCD_EP_Tx
 .text.DCD_EP_Stall
                0x0800d934       0x3c e:/niu/Flow/Build/px4flow-v1_default.build/e/niu/Flow/src/modules/flow/module.pre.o
                0x0800d934                DCD_EP_Stall
 .text.DCD_EP_ClrStall
                0x0800d970       0x3c e:/niu/Flow/Build/px4flow-v1_default.build/e/niu/Flow/src/modules/flow/module.pre.o
                0x0800d970                DCD_EP_ClrStall
 .text.DCD_EP_SetAddress
                0x0800d9ac       0x10 e:/niu/Flow/Build/px4flow-v1_default.build/e/niu/Flow/src/modules/flow/module.pre.o
                0x0800d9ac                DCD_EP_SetAddress
 .text.USBD_Resume
                0x0800d9bc       0x18 e:/niu/Flow/Build/px4flow-v1_default.build/e/niu/Flow/src/modules/flow/module.pre.o
 .text.USBD_Suspend
                0x0800d9d4       0x1c e:/niu/Flow/Build/px4flow-v1_default.build/e/niu/Flow/src/modules/flow/module.pre.o
 .text.USBD_SOF
                0x0800d9f0       0x10 e:/niu/Flow/Build/px4flow-v1_default.build/e/niu/Flow/src/modules/flow/module.pre.o
 .text.USBD_IsoINIncomplete
                0x0800da00       0x10 e:/niu/Flow/Build/px4flow-v1_default.build/e/niu/Flow/src/modules/flow/module.pre.o
 .text.USBD_IsoOUTIncomplete
                0x0800da10       0x10 e:/niu/Flow/Build/px4flow-v1_default.build/e/niu/Flow/src/modules/flow/module.pre.o
 .text.USBD_DevConnected
                0x0800da20       0x18 e:/niu/Flow/Build/px4flow-v1_default.build/e/niu/Flow/src/modules/flow/module.pre.o
 .text.USBD_DevDisconnected
                0x0800da38       0x20 e:/niu/Flow/Build/px4flow-v1_default.build/e/niu/Flow/src/modules/flow/module.pre.o
 .text.USBD_Reset
                0x0800da58       0x30 e:/niu/Flow/Build/px4flow-v1_default.build/e/niu/Flow/src/modules/flow/module.pre.o
 .text.USBD_SetupStage
                0x0800da88       0x58 e:/niu/Flow/Build/px4flow-v1_default.build/e/niu/Flow/src/modules/flow/module.pre.o
 .text.USBD_DataInStage
                0x0800dae0       0xb8 e:/niu/Flow/Build/px4flow-v1_default.build/e/niu/Flow/src/modules/flow/module.pre.o
 .text.USBD_DataOutStage
                0x0800db98       0x78 e:/niu/Flow/Build/px4flow-v1_default.build/e/niu/Flow/src/modules/flow/module.pre.o
 .text.USBD_Init
                0x0800dc10       0x38 e:/niu/Flow/Build/px4flow-v1_default.build/e/niu/Flow/src/modules/flow/module.pre.o
                0x0800dc10                USBD_Init
 .text.USBD_SetCfg
                0x0800dc48       0x18 e:/niu/Flow/Build/px4flow-v1_default.build/e/niu/Flow/src/modules/flow/module.pre.o
                0x0800dc48                USBD_SetCfg
 .text.USBD_ClrCfg
                0x0800dc60       0x10 e:/niu/Flow/Build/px4flow-v1_default.build/e/niu/Flow/src/modules/flow/module.pre.o
                0x0800dc60                USBD_ClrCfg
 .text.USBD_StdDevReq
                0x0800dc70      0x2ec e:/niu/Flow/Build/px4flow-v1_default.build/e/niu/Flow/src/modules/flow/module.pre.o
                0x0800dc70                USBD_StdDevReq
 .text.USBD_StdItfReq
                0x0800df5c       0x44 e:/niu/Flow/Build/px4flow-v1_default.build/e/niu/Flow/src/modules/flow/module.pre.o
                0x0800df5c                USBD_StdItfReq
 .text.USBD_StdEPReq
                0x0800dfa0       0xd4 e:/niu/Flow/Build/px4flow-v1_default.build/e/niu/Flow/src/modules/flow/module.pre.o
                0x0800dfa0                USBD_StdEPReq
 .text.USBD_ParseSetupRequest
                0x0800e074       0x44 e:/niu/Flow/Build/px4flow-v1_default.build/e/niu/Flow/src/modules/flow/module.pre.o
                0x0800e074                USBD_ParseSetupRequest
 .text.USBD_CtlError
                0x0800e0b8       0x1c e:/niu/Flow/Build/px4flow-v1_default.build/e/niu/Flow/src/modules/flow/module.pre.o
                0x0800e0b8                USBD_CtlError
 .text.USBD_GetString
                0x0800e0d4       0x4c e:/niu/Flow/Build/px4flow-v1_default.build/e/niu/Flow/src/modules/flow/module.pre.o
                0x0800e0d4                USBD_GetString
 .text.USBD_CtlSendData
                0x0800e120       0x20 e:/niu/Flow/Build/px4flow-v1_default.build/e/niu/Flow/src/modules/flow/module.pre.o
                0x0800e120                USBD_CtlSendData
 .text.USBD_CtlContinueSendData
                0x0800e140       0x10 e:/niu/Flow/Build/px4flow-v1_default.build/e/niu/Flow/src/modules/flow/module.pre.o
                0x0800e140                USBD_CtlContinueSendData
 .text.USBD_CtlPrepareRx
                0x0800e150       0x20 e:/niu/Flow/Build/px4flow-v1_default.build/e/niu/Flow/src/modules/flow/module.pre.o
                0x0800e150                USBD_CtlPrepareRx
 .text.USBD_CtlContinueRx
                0x0800e170       0x10 e:/niu/Flow/Build/px4flow-v1_default.build/e/niu/Flow/src/modules/flow/module.pre.o
                0x0800e170                USBD_CtlContinueRx
 .text.USBD_CtlSendStatus
                0x0800e180       0x20 e:/niu/Flow/Build/px4flow-v1_default.build/e/niu/Flow/src/modules/flow/module.pre.o
                0x0800e180                USBD_CtlSendStatus
 .text.USBD_CtlReceiveStatus
                0x0800e1a0       0x20 e:/niu/Flow/Build/px4flow-v1_default.build/e/niu/Flow/src/modules/flow/module.pre.o
                0x0800e1a0                USBD_CtlReceiveStatus
 .text.usbd_cdc_EP0_RxReady
                0x0800e1c0       0x30 e:/niu/Flow/Build/px4flow-v1_default.build/e/niu/Flow/src/modules/flow/module.pre.o
 .text.USBD_cdc_GetCfgDesc
                0x0800e1f0        0xc e:/niu/Flow/Build/px4flow-v1_default.build/e/niu/Flow/src/modules/flow/module.pre.o
 .text.usbd_cdc_SOF
                0x0800e1fc       0x94 e:/niu/Flow/Build/px4flow-v1_default.build/e/niu/Flow/src/modules/flow/module.pre.o
 .text.usbd_cdc_DataOut
                0x0800e290       0x34 e:/niu/Flow/Build/px4flow-v1_default.build/e/niu/Flow/src/modules/flow/module.pre.o
 .text.usbd_cdc_Setup
                0x0800e2c4       0xcc e:/niu/Flow/Build/px4flow-v1_default.build/e/niu/Flow/src/modules/flow/module.pre.o
 .text.usbd_cdc_DeInit
                0x0800e390       0x28 e:/niu/Flow/Build/px4flow-v1_default.build/e/niu/Flow/src/modules/flow/module.pre.o
 .text.usbd_cdc_Init
                0x0800e3b8       0x54 e:/niu/Flow/Build/px4flow-v1_default.build/e/niu/Flow/src/modules/flow/module.pre.o
 .text.usbd_cdc_DataIn
                0x0800e40c       0x58 e:/niu/Flow/Build/px4flow-v1_default.build/e/niu/Flow/src/modules/flow/module.pre.o
 .text.__libc_init_array
                0x0800e464       0x4c e:/niu/Flow/Build/px4flow-v1_default.build/e/niu/Flow/src/modules/libc/module.pre.o
                0x0800e464                __libc_init_array
 .text.memcpy   0x0800e4b0       0x80 e:/niu/Flow/Build/px4flow-v1_default.build/e/niu/Flow/src/modules/libc/module.pre.o
                0x0800e4b0                memcpy
 .text.memset   0x0800e530       0x60 e:/niu/Flow/Build/px4flow-v1_default.build/e/niu/Flow/src/modules/libc/module.pre.o
                0x0800e530                memset
 .text.strcpy   0x0800e590       0x10 e:/niu/Flow/Build/px4flow-v1_default.build/e/niu/Flow/src/modules/libc/module.pre.o
                0x0800e590                strcpy
 .text.strncpy  0x0800e5a0       0x38 e:/niu/Flow/Build/px4flow-v1_default.build/e/niu/Flow/src/modules/libc/module.pre.o
                0x0800e5a0                strncpy
 .text.strlen   0x0800e5d8       0x18 e:/niu/Flow/Build/px4flow-v1_default.build/e/niu/Flow/src/modules/libc/module.pre.o
                0x0800e5d8                strlen
 .text.strncat  0x0800e5f0       0x34 e:/niu/Flow/Build/px4flow-v1_default.build/e/niu/Flow/src/modules/libc/module.pre.o
                0x0800e5f0                strncat
 .text.lib_skipspace
                0x0800e624       0x20 e:/niu/Flow/Build/px4flow-v1_default.build/e/niu/Flow/src/modules/libc/module.pre.o
                0x0800e624                lib_skipspace
 .text.lib_isbasedigit
                0x0800e644       0x50 e:/niu/Flow/Build/px4flow-v1_default.build/e/niu/Flow/src/modules/libc/module.pre.o
                0x0800e644                lib_isbasedigit
 .text.strtol   0x0800e694       0x48 e:/niu/Flow/Build/px4flow-v1_default.build/e/niu/Flow/src/modules/libc/module.pre.o
                0x0800e694                strtol
 .text.strtoul  0x0800e6dc       0x4c e:/niu/Flow/Build/px4flow-v1_default.build/e/niu/Flow/src/modules/libc/module.pre.o
                0x0800e6dc                strtoul
 .text.lib_checkbase
                0x0800e728       0x54 e:/niu/Flow/Build/px4flow-v1_default.build/e/niu/Flow/src/modules/libc/module.pre.o
                0x0800e728                lib_checkbase
 .text.__fpclassifyf
                0x0800e77c       0x38 d:/px4/toolchain/bin/../lib/gcc/arm-none-eabi/4.8.4/../../../../arm-none-eabi/lib/armv7e-m/fpu/libm.a(lib_a-sf_fpclassify.o)
                0x0800e77c                __fpclassifyf
 *(.rodata)
 *(.rodata*)
 .rodata.str1.4
                0x0800e7b4      0x308 e:/niu/Flow/Build/px4flow-v1_default.build/e/niu/Flow/src/modules/flow/module.pre.o
 .rodata.LED_GPIO_CLKS
                0x0800eabc        0xc e:/niu/Flow/Build/px4flow-v1_default.build/e/niu/Flow/src/modules/flow/module.pre.o
                0x0800eabc                LED_GPIO_CLKS
 .rodata.LED_GPIO_PINS
                0x0800eac8        0x8 e:/niu/Flow/Build/px4flow-v1_default.build/e/niu/Flow/src/modules/flow/module.pre.o
                0x0800eac8                LED_GPIO_PINS
 .rodata.mavlink_message_crcs.5673
                0x0800ead0      0x100 e:/niu/Flow/Build/px4flow-v1_default.build/e/niu/Flow/src/modules/flow/module.pre.o
 .rodata.scaling_factors
                0x0800ebd0        0xc e:/niu/Flow/Build/px4flow-v1_default.build/e/niu/Flow/src/modules/flow/module.pre.o
 *(.glue_7)
 .glue_7        0x00000000        0x0 linker stubs
 *(.glue_7t)
 .glue_7t       0x00000000        0x0 linker stubs
 *(.eh_frame)
 *(.init)
 *(.fini)
                0x0800ebdc                . = ALIGN (0x4)
                0x0800ebdc                _etext = .
                0x0800ebdc                _exit = .

.vfp11_veneer   0x0800ebdc        0x0
 .vfp11_veneer  0x00000000        0x0 linker stubs

.v4_bx          0x0800ebdc        0x0
 .v4_bx         0x00000000        0x0 linker stubs

.iplt           0x0800ebdc        0x0
 .iplt          0x00000000        0x0 e:/niu/Flow/Build/px4flow-v1_default.build/e/niu/Flow/Build/px4flow-v1_default.build/empty.c.o

.rel.dyn        0x0800ebdc        0x0
 .rel.iplt      0x00000000        0x0 e:/niu/Flow/Build/px4flow-v1_default.build/e/niu/Flow/Build/px4flow-v1_default.build/empty.c.o

.ARM.extab
 *(.ARM.extab* .gnu.linkonce.armextab.*)

.ARM            0x0800ebdc        0x0
                0x0800ebdc                __exidx_start = .
 *(.ARM.exidx*)
                0x0800ebdc                __exidx_end = .

.preinit_array  0x0800ebdc        0x0
                0x0800ebdc                PROVIDE (__preinit_array_start, .)
 *(.preinit_array*)
                0x0800ebdc                PROVIDE (__preinit_array_end, .)

.init_array     0x0800ebdc        0x0
                0x0800ebdc                PROVIDE (__init_array_start, .)
 *(SORT(.init_array.*))
 *(.init_array*)
                0x0800ebdc                PROVIDE (__init_array_end, .)

.fini_array     0x0800ebdc        0x0
                0x0800ebdc                PROVIDE (__fini_array_start, .)
 *(.fini_array*)
 *(SORT(.fini_array.*))
                0x0800ebdc                PROVIDE (__fini_array_end, .)
                0x0800ebdc                _sidata = .

.data           0x20000000     0x2150 load address 0x0800ebdc
                0x20000000                . = ALIGN (0x4)
                0x20000000                _sdata = .
 *(.data)
 *(.data*)
 .data.SystemCoreClock
                0x20000000        0x4 e:/niu/Flow/Build/px4flow-v1_default.build/e/niu/Flow/src/modules/flow/module.pre.o
                0x20000000                SystemCoreClock
 .data.send_system_state_now
                0x20000004        0x1 e:/niu/Flow/Build/px4flow-v1_default.build/e/niu/Flow/src/modules/flow/module.pre.o
                0x20000004                send_system_state_now
 .data.send_params_now
                0x20000005        0x1 e:/niu/Flow/Build/px4flow-v1_default.build/e/niu/Flow/src/modules/flow/module.pre.o
                0x20000005                send_params_now
 *fill*         0x20000006        0x2 
 .data.timer_ms
                0x20000008        0x4 e:/niu/Flow/Build/px4flow-v1_default.build/e/niu/Flow/src/modules/flow/module.pre.o
 .data.receive_now
                0x2000000c        0x1 e:/niu/Flow/Build/px4flow-v1_default.build/e/niu/Flow/src/modules/flow/module.pre.o
                0x2000000c                receive_now
 .data.send_image_now
                0x2000000d        0x1 e:/niu/Flow/Build/px4flow-v1_default.build/e/niu/Flow/src/modules/flow/module.pre.o
                0x2000000d                send_image_now
 .data.send_lpos_now
                0x2000000e        0x1 e:/niu/Flow/Build/px4flow-v1_default.build/e/niu/Flow/src/modules/flow/module.pre.o
                0x2000000e                send_lpos_now
 *fill*         0x2000000f        0x1 
 .data.LED_GPIO_PORTS
                0x20000010        0xc e:/niu/Flow/Build/px4flow-v1_default.build/e/niu/Flow/src/modules/flow/module.pre.o
                0x20000010                LED_GPIO_PORTS
 .data.m_parameter_i
                0x2000001c        0x4 e:/niu/Flow/Build/px4flow-v1_default.build/e/niu/Flow/src/modules/flow/module.pre.o
 .data.dcmi_image_buffer_memory0
                0x20000020        0x1 e:/niu/Flow/Build/px4flow-v1_default.build/e/niu/Flow/src/modules/flow/module.pre.o
                0x20000020                dcmi_image_buffer_memory0
 .data.dcmi_image_buffer_memory1
                0x20000021        0x1 e:/niu/Flow/Build/px4flow-v1_default.build/e/niu/Flow/src/modules/flow/module.pre.o
                0x20000021                dcmi_image_buffer_memory1
 .data.dcmi_image_buffer_unused
                0x20000022        0x1 e:/niu/Flow/Build/px4flow-v1_default.build/e/niu/Flow/src/modules/flow/module.pre.o
                0x20000022                dcmi_image_buffer_unused
 *fill*         0x20000023        0x1 
 .data.usart2_tx_counter_write
                0x20000024        0x4 e:/niu/Flow/Build/px4flow-v1_default.build/e/niu/Flow/src/modules/flow/module.pre.o
                0x20000024                usart2_tx_counter_write
 .data.usart3_tx_counter_write
                0x20000028        0x4 e:/niu/Flow/Build/px4flow-v1_default.build/e/niu/Flow/src/modules/flow/module.pre.o
                0x20000028                usart3_tx_counter_write
 .data.usart2_tx_buffer
                0x2000002c     0x1000 e:/niu/Flow/Build/px4flow-v1_default.build/e/niu/Flow/src/modules/flow/module.pre.o
                0x2000002c                usart2_tx_buffer
 .data.usart3_tx_buffer
                0x2000102c     0x1000 e:/niu/Flow/Build/px4flow-v1_default.build/e/niu/Flow/src/modules/flow/module.pre.o
                0x2000102c                usart3_tx_buffer
 .data.VCP_fops
                0x2000202c       0x14 e:/niu/Flow/Build/px4flow-v1_default.build/e/niu/Flow/src/modules/flow/module.pre.o
                0x2000202c                VCP_fops
 .data.linecoding
                0x20002040        0x8 e:/niu/Flow/Build/px4flow-v1_default.build/e/niu/Flow/src/modules/flow/module.pre.o
                0x20002040                linecoding
 .data.USR_desc
                0x20002048       0x1c e:/niu/Flow/Build/px4flow-v1_default.build/e/niu/Flow/src/modules/flow/module.pre.o
                0x20002048                USR_desc
 .data.USBD_LangIDDesc
                0x20002064        0x4 e:/niu/Flow/Build/px4flow-v1_default.build/e/niu/Flow/src/modules/flow/module.pre.o
                0x20002064                USBD_LangIDDesc
 .data.USBD_DeviceDesc
                0x20002068       0x14 e:/niu/Flow/Build/px4flow-v1_default.build/e/niu/Flow/src/modules/flow/module.pre.o
                0x20002068                USBD_DeviceDesc
 .data.USR_cb   0x2000207c       0x1c e:/niu/Flow/Build/px4flow-v1_default.build/e/niu/Flow/src/modules/flow/module.pre.o
                0x2000207c                USR_cb
 .data.notpublishedIndexFrame1
                0x20002098        0x1 e:/niu/Flow/Build/px4flow-v1_default.build/e/niu/Flow/src/modules/flow/module.pre.o
                0x20002098                notpublishedIndexFrame1
 .data.readout_done_frame1
                0x20002099        0x1 e:/niu/Flow/Build/px4flow-v1_default.build/e/niu/Flow/src/modules/flow/module.pre.o
                0x20002099                readout_done_frame1
 .data.readout_done_frame2
                0x2000209a        0x1 e:/niu/Flow/Build/px4flow-v1_default.build/e/niu/Flow/src/modules/flow/module.pre.o
                0x2000209a                readout_done_frame2
 .data.notpublishedIndexFrame2
                0x2000209b        0x1 e:/niu/Flow/Build/px4flow-v1_default.build/e/niu/Flow/src/modules/flow/module.pre.o
                0x2000209b                notpublishedIndexFrame2
 .data.APBAHBPrescTable
                0x2000209c       0x10 e:/niu/Flow/Build/px4flow-v1_default.build/e/niu/Flow/src/modules/flow/module.pre.o
 .data.USBD_DCD_INT_fops
                0x200020ac        0x4 e:/niu/Flow/Build/px4flow-v1_default.build/e/niu/Flow/src/modules/flow/module.pre.o
                0x200020ac                USBD_DCD_INT_fops
 .data.USBD_DCD_INT_cb
                0x200020b0       0x2c e:/niu/Flow/Build/px4flow-v1_default.build/e/niu/Flow/src/modules/flow/module.pre.o
                0x200020b0                USBD_DCD_INT_cb
 .data.cdcCmd   0x200020dc        0x4 e:/niu/Flow/Build/px4flow-v1_default.build/e/niu/Flow/src/modules/flow/module.pre.o
 .data.USBD_CDC_cb
                0x200020e0       0x2c e:/niu/Flow/Build/px4flow-v1_default.build/e/niu/Flow/src/modules/flow/module.pre.o
                0x200020e0                USBD_CDC_cb
 .data.usbd_cdc_CfgDesc
                0x2000210c       0x44 e:/niu/Flow/Build/px4flow-v1_default.build/e/niu/Flow/src/modules/flow/module.pre.o
                0x2000210c                usbd_cdc_CfgDesc
                0x20002150                . = ALIGN (0x4)
                0x20002150                _edata = .

.igot.plt       0x20002150        0x0 load address 0x08010d2c
 .igot.plt      0x00000000        0x0 e:/niu/Flow/Build/px4flow-v1_default.build/e/niu/Flow/Build/px4flow-v1_default.build/empty.c.o
                0x20002150                . = ALIGN (0x4)

.bss            0x20002150    0x1ba4c load address 0x08010d2c
                0x20002150                _sbss = .
                0x20002150                __bss_start__ = _sbss
 *(.bss)
 *(.bss*)
 .bss.boot_time10_us
                0x20002150        0x4 e:/niu/Flow/Build/px4flow-v1_default.build/e/niu/Flow/src/modules/flow/module.pre.o
                0x20002150                boot_time10_us
 .bss.accumulated_framecount.22104
                0x20002154        0x2 e:/niu/Flow/Build/px4flow-v1_default.build/e/niu/Flow/src/modules/flow/module.pre.o
 *fill*         0x20002156        0x2 
 .bss.lasttime.22107
                0x20002158        0x4 e:/niu/Flow/Build/px4flow-v1_default.build/e/niu/Flow/src/modules/flow/module.pre.o
 .bss.accumulated_quality.22105
                0x2000215c        0x2 e:/niu/Flow/Build/px4flow-v1_default.build/e/niu/Flow/src/modules/flow/module.pre.o
 *fill*         0x2000215e        0x2 
 .bss.accumulated_flow_y.22100
                0x20002160        0x4 e:/niu/Flow/Build/px4flow-v1_default.build/e/niu/Flow/src/modules/flow/module.pre.o
 .bss.lpos      0x20002164       0x18 e:/niu/Flow/Build/px4flow-v1_default.build/e/niu/Flow/src/modules/flow/module.pre.o
 .bss.boot_time_ms
                0x2000217c        0x4 e:/niu/Flow/Build/px4flow-v1_default.build/e/niu/Flow/src/modules/flow/module.pre.o
                0x2000217c                boot_time_ms
 .bss.buffer_reset_needed
                0x20002180        0x1 e:/niu/Flow/Build/px4flow-v1_default.build/e/niu/Flow/src/modules/flow/module.pre.o
                0x20002180                buffer_reset_needed
 *fill*         0x20002181        0x3 
 .bss.accumulated_gyro_z.22103
                0x20002184        0x4 e:/niu/Flow/Build/px4flow-v1_default.build/e/niu/Flow/src/modules/flow/module.pre.o
 .bss.accumulated_gyro_y.22102
                0x20002188        0x4 e:/niu/Flow/Build/px4flow-v1_default.build/e/niu/Flow/src/modules/flow/module.pre.o
 .bss.accumulated_gyro_x.22101
                0x2000218c        0x4 e:/niu/Flow/Build/px4flow-v1_default.build/e/niu/Flow/src/modules/flow/module.pre.o
 .bss.timer     0x20002190       0x24 e:/niu/Flow/Build/px4flow-v1_default.build/e/niu/Flow/src/modules/flow/module.pre.o
 .bss.USB_OTG_dev
                0x200021b4      0x5f4 e:/niu/Flow/Build/px4flow-v1_default.build/e/niu/Flow/src/modules/flow/module.pre.o
                0x200021b4                USB_OTG_dev
 .bss.accumulated_flow_x.22099
                0x200027a8        0x4 e:/niu/Flow/Build/px4flow-v1_default.build/e/niu/Flow/src/modules/flow/module.pre.o
 .bss.integration_timespan.22106
                0x200027ac        0x4 e:/niu/Flow/Build/px4flow-v1_default.build/e/niu/Flow/src/modules/flow/module.pre.o
 .bss.outbuf.4970
                0x200027b0       0x10 e:/niu/Flow/Build/px4flow-v1_default.build/e/niu/Flow/src/modules/flow/module.pre.o
 .bss.global_data
                0x200027c0      0x2f8 e:/niu/Flow/Build/px4flow-v1_default.build/e/niu/Flow/src/modules/flow/module.pre.o
                0x200027c0                global_data
 .bss.mavlink_system
                0x20002ab8        0xc e:/niu/Flow/Build/px4flow-v1_default.build/e/niu/Flow/src/modules/flow/module.pre.o
                0x20002ab8                mavlink_system
 .bss.m_mavlink_buffer.17314
                0x20002ac4      0x440 e:/niu/Flow/Build/px4flow-v1_default.build/e/niu/Flow/src/modules/flow/module.pre.o
 .bss.m_mavlink_status.17310
                0x20002f04       0x30 e:/niu/Flow/Build/px4flow-v1_default.build/e/niu/Flow/src/modules/flow/module.pre.o
 .bss.dcmi_image_buffer_8bit_3
                0x20002f34     0x5820 e:/niu/Flow/Build/px4flow-v1_default.build/e/niu/Flow/src/modules/flow/module.pre.o
                0x20002f34                dcmi_image_buffer_8bit_3
 .bss.frame_counter
                0x20008754        0x4 e:/niu/Flow/Build/px4flow-v1_default.build/e/niu/Flow/src/modules/flow/module.pre.o
                0x20008754                frame_counter
 .bss.time_between_images
                0x20008758        0x4 e:/niu/Flow/Build/px4flow-v1_default.build/e/niu/Flow/src/modules/flow/module.pre.o
                0x20008758                time_between_images
 .bss.calibration_unused
                0x2000875c        0x1 e:/niu/Flow/Build/px4flow-v1_default.build/e/niu/Flow/src/modules/flow/module.pre.o
                0x2000875c                calibration_unused
 *fill*         0x2000875d        0x3 
 .bss.time_between_next_images
                0x20008760        0x4 e:/niu/Flow/Build/px4flow-v1_default.build/e/niu/Flow/src/modules/flow/module.pre.o
                0x20008760                time_between_next_images
 .bss.calibration_mem1
                0x20008764        0x1 e:/niu/Flow/Build/px4flow-v1_default.build/e/niu/Flow/src/modules/flow/module.pre.o
                0x20008764                calibration_mem1
 .bss.calibration_mem0
                0x20008765        0x1 e:/niu/Flow/Build/px4flow-v1_default.build/e/niu/Flow/src/modules/flow/module.pre.o
                0x20008765                calibration_mem0
 *fill*         0x20008766        0x2 
 .bss.cycle_time
                0x20008768        0x4 e:/niu/Flow/Build/px4flow-v1_default.build/e/niu/Flow/src/modules/flow/module.pre.o
                0x20008768                cycle_time
 .bss.calibration_used
                0x2000876c        0x1 e:/niu/Flow/Build/px4flow-v1_default.build/e/niu/Flow/src/modules/flow/module.pre.o
                0x2000876c                calibration_used
 *fill*         0x2000876d        0x3 
 .bss.time_last_frame
                0x20008770        0x4 e:/niu/Flow/Build/px4flow-v1_default.build/e/niu/Flow/src/modules/flow/module.pre.o
                0x20008770                time_last_frame
 .bss.dcmi_image_buffer_8bit_1
                0x20008774     0x5820 e:/niu/Flow/Build/px4flow-v1_default.build/e/niu/Flow/src/modules/flow/module.pre.o
                0x20008774                dcmi_image_buffer_8bit_1
 .bss.dcmi_image_buffer_8bit_2
                0x2000df94     0x5820 e:/niu/Flow/Build/px4flow-v1_default.build/e/niu/Flow/src/modules/flow/module.pre.o
                0x2000df94                dcmi_image_buffer_8bit_2
 .bss.image_counter
                0x200137b4        0x1 e:/niu/Flow/Build/px4flow-v1_default.build/e/niu/Flow/src/modules/flow/module.pre.o
                0x200137b4                image_counter
 *fill*         0x200137b5        0x3 
 .bss.z_rate_offset
                0x200137b8        0x4 e:/niu/Flow/Build/px4flow-v1_default.build/e/niu/Flow/src/modules/flow/module.pre.o
                0x200137b8                z_rate_offset
 .bss.gyro_scale
                0x200137bc        0x4 e:/niu/Flow/Build/px4flow-v1_default.build/e/niu/Flow/src/modules/flow/module.pre.o
                0x200137bc                gyro_scale
 .bss.y_rate_offset
                0x200137c0        0x4 e:/niu/Flow/Build/px4flow-v1_default.build/e/niu/Flow/src/modules/flow/module.pre.o
                0x200137c0                y_rate_offset
 .bss.sensor_range
                0x200137c4        0x4 e:/niu/Flow/Build/px4flow-v1_default.build/e/niu/Flow/src/modules/flow/module.pre.o
 .bss.x_rate_offset
                0x200137c8        0x4 e:/niu/Flow/Build/px4flow-v1_default.build/e/niu/Flow/src/modules/flow/module.pre.o
                0x200137c8                x_rate_offset
 .bss.usart3_tx_counter_read
                0x200137cc        0x4 e:/niu/Flow/Build/px4flow-v1_default.build/e/niu/Flow/src/modules/flow/module.pre.o
                0x200137cc                usart3_tx_counter_read
 .bss.usart2_rx_counter_write
                0x200137d0        0x4 e:/niu/Flow/Build/px4flow-v1_default.build/e/niu/Flow/src/modules/flow/module.pre.o
                0x200137d0                usart2_rx_counter_write
 .bss.usart2_rx_buffer
                0x200137d4     0x1000 e:/niu/Flow/Build/px4flow-v1_default.build/e/niu/Flow/src/modules/flow/module.pre.o
                0x200137d4                usart2_rx_buffer
 .bss.usart3_rx_buffer
                0x200147d4     0x1000 e:/niu/Flow/Build/px4flow-v1_default.build/e/niu/Flow/src/modules/flow/module.pre.o
                0x200147d4                usart3_rx_buffer
 .bss.usart2_rx_counter_read
                0x200157d4        0x4 e:/niu/Flow/Build/px4flow-v1_default.build/e/niu/Flow/src/modules/flow/module.pre.o
                0x200157d4                usart2_rx_counter_read
 .bss.usart2_tx_counter_read
                0x200157d8        0x4 e:/niu/Flow/Build/px4flow-v1_default.build/e/niu/Flow/src/modules/flow/module.pre.o
                0x200157d8                usart2_tx_counter_read
 .bss.usart3_rx_counter_write
                0x200157dc        0x4 e:/niu/Flow/Build/px4flow-v1_default.build/e/niu/Flow/src/modules/flow/module.pre.o
                0x200157dc                usart3_rx_counter_write
 .bss.usart3_rx_counter_read
                0x200157e0        0x4 e:/niu/Flow/Build/px4flow-v1_default.build/e/niu/Flow/src/modules/flow/module.pre.o
                0x200157e0                usart3_rx_counter_read
 .bss.v_post    0x200157e4        0x4 e:/niu/Flow/Build/px4flow-v1_default.build/e/niu/Flow/src/modules/flow/module.pre.o
                0x200157e4                v_post
 .bss.sonar_measure_time_interrupt
                0x200157e8        0x4 e:/niu/Flow/Build/px4flow-v1_default.build/e/niu/Flow/src/modules/flow/module.pre.o
 .bss.sonar_mode
                0x200157ec        0x4 e:/niu/Flow/Build/px4flow-v1_default.build/e/niu/Flow/src/modules/flow/module.pre.o
                0x200157ec                sonar_mode
 .bss.new_value
                0x200157f0        0x4 e:/niu/Flow/Build/px4flow-v1_default.build/e/niu/Flow/src/modules/flow/module.pre.o
 .bss.sonar_raw
                0x200157f4        0x4 e:/niu/Flow/Build/px4flow-v1_default.build/e/niu/Flow/src/modules/flow/module.pre.o
                0x200157f4                sonar_raw
 .bss.x_pred    0x200157f8        0x4 e:/niu/Flow/Build/px4flow-v1_default.build/e/niu/Flow/src/modules/flow/module.pre.o
                0x200157f8                x_pred
 .bss.sonar_measure_time
                0x200157fc        0x4 e:/niu/Flow/Build/px4flow-v1_default.build/e/niu/Flow/src/modules/flow/module.pre.o
 .bss.data_valid
                0x20015800        0x4 e:/niu/Flow/Build/px4flow-v1_default.build/e/niu/Flow/src/modules/flow/module.pre.o
 .bss.data_counter
                0x20015804        0x4 e:/niu/Flow/Build/px4flow-v1_default.build/e/niu/Flow/src/modules/flow/module.pre.o
 .bss.last_measure_time
                0x20015808        0x4 e:/niu/Flow/Build/px4flow-v1_default.build/e/niu/Flow/src/modules/flow/module.pre.o
 .bss.data_buffer
                0x2001580c        0x8 e:/niu/Flow/Build/px4flow-v1_default.build/e/niu/Flow/src/modules/flow/module.pre.o
 .bss.valid_data
                0x20015814        0x4 e:/niu/Flow/Build/px4flow-v1_default.build/e/niu/Flow/src/modules/flow/module.pre.o
 .bss.x_post    0x20015818        0x4 e:/niu/Flow/Build/px4flow-v1_default.build/e/niu/Flow/src/modules/flow/module.pre.o
                0x20015818                x_post
 .bss.sonar_valid
                0x2001581c        0x1 e:/niu/Flow/Build/px4flow-v1_default.build/e/niu/Flow/src/modules/flow/module.pre.o
                0x2001581c                sonar_valid
 *fill*         0x2001581d        0x3 
 .bss.v_pred    0x20015820        0x4 e:/niu/Flow/Build/px4flow-v1_default.build/e/niu/Flow/src/modules/flow/module.pre.o
                0x20015820                v_pred
 .bss.dt        0x20015824        0x4 e:/niu/Flow/Build/px4flow-v1_default.build/e/niu/Flow/src/modules/flow/module.pre.o
 .bss.measure_time
                0x20015828        0x4 e:/niu/Flow/Build/px4flow-v1_default.build/e/niu/Flow/src/modules/flow/module.pre.o
 .bss.m_debug_buf_float
                0x2001582c       0x40 e:/niu/Flow/Build/px4flow-v1_default.build/e/niu/Flow/src/modules/flow/module.pre.o
 .bss.m_debug_index_write
                0x2001586c        0x1 e:/niu/Flow/Build/px4flow-v1_default.build/e/niu/Flow/src/modules/flow/module.pre.o
 *fill*         0x2001586d        0x3 
 .bss.m_debug_buf_pointer
                0x20015870       0x40 e:/niu/Flow/Build/px4flow-v1_default.build/e/niu/Flow/src/modules/flow/module.pre.o
 .bss.m_debug_buf_int
                0x200158b0       0x40 e:/niu/Flow/Build/px4flow-v1_default.build/e/niu/Flow/src/modules/flow/module.pre.o
 .bss.m_debug_count
                0x200158f0        0x2 e:/niu/Flow/Build/px4flow-v1_default.build/e/niu/Flow/src/modules/flow/module.pre.o
 .bss.m_debug_was_full
                0x200158f2        0x1 e:/niu/Flow/Build/px4flow-v1_default.build/e/niu/Flow/src/modules/flow/module.pre.o
 *fill*         0x200158f3        0x1 
 .bss.m_debug_buf_type
                0x200158f4       0x10 e:/niu/Flow/Build/px4flow-v1_default.build/e/niu/Flow/src/modules/flow/module.pre.o
 .bss.m_debug_index_read
                0x20015904        0x1 e:/niu/Flow/Build/px4flow-v1_default.build/e/niu/Flow/src/modules/flow/module.pre.o
 *fill*         0x20015905        0x3 
 .bss.APP_tx_ptr_tail
                0x20015908        0x4 e:/niu/Flow/Build/px4flow-v1_default.build/e/niu/Flow/src/modules/flow/module.pre.o
                0x20015908                APP_tx_ptr_tail
 .bss.APP_tx_ptr_head
                0x2001590c        0x4 e:/niu/Flow/Build/px4flow-v1_default.build/e/niu/Flow/src/modules/flow/module.pre.o
                0x2001590c                APP_tx_ptr_head
 .bss.APP_Tx_Buffer
                0x20015910       0x80 e:/niu/Flow/Build/px4flow-v1_default.build/e/niu/Flow/src/modules/flow/module.pre.o
                0x20015910                APP_Tx_Buffer
 .bss.accumulated_gyro_z.20073
                0x20015990        0x4 e:/niu/Flow/Build/px4flow-v1_default.build/e/niu/Flow/src/modules/flow/module.pre.o
 .bss.integration_timespan.20074
                0x20015994        0x4 e:/niu/Flow/Build/px4flow-v1_default.build/e/niu/Flow/src/modules/flow/module.pre.o
 .bss.accumulated_gyro_y.20072
                0x20015998        0x4 e:/niu/Flow/Build/px4flow-v1_default.build/e/niu/Flow/src/modules/flow/module.pre.o
 .bss.stop_accumulation
                0x2001599c        0x1 e:/niu/Flow/Build/px4flow-v1_default.build/e/niu/Flow/src/modules/flow/module.pre.o
                0x2001599c                stop_accumulation
 .bss.dataRX    0x2001599d        0x1 e:/niu/Flow/Build/px4flow-v1_default.build/e/niu/Flow/src/modules/flow/module.pre.o
                0x2001599d                dataRX
 .bss.txDataIndex2.20037
                0x2001599e        0x1 e:/niu/Flow/Build/px4flow-v1_default.build/e/niu/Flow/src/modules/flow/module.pre.o
 *fill*         0x2001599f        0x1 
 .bss.accumulated_framecount.20069
                0x200159a0        0x2 e:/niu/Flow/Build/px4flow-v1_default.build/e/niu/Flow/src/modules/flow/module.pre.o
 .bss.rxDataIndex.20038
                0x200159a2        0x1 e:/niu/Flow/Build/px4flow-v1_default.build/e/niu/Flow/src/modules/flow/module.pre.o
 *fill*         0x200159a3        0x1 
 .bss.lasttime.20075
                0x200159a4        0x4 e:/niu/Flow/Build/px4flow-v1_default.build/e/niu/Flow/src/modules/flow/module.pre.o
 .bss.accumulated_gyro_x.20071
                0x200159a8        0x4 e:/niu/Flow/Build/px4flow-v1_default.build/e/niu/Flow/src/modules/flow/module.pre.o
 .bss.txDataFrame1
                0x200159ac       0x2c e:/niu/Flow/Build/px4flow-v1_default.build/e/niu/Flow/src/modules/flow/module.pre.o
                0x200159ac                txDataFrame1
 .bss.txDataFrame2
                0x200159d8       0x38 e:/niu/Flow/Build/px4flow-v1_default.build/e/niu/Flow/src/modules/flow/module.pre.o
                0x200159d8                txDataFrame2
 .bss.offset    0x20015a10        0x1 e:/niu/Flow/Build/px4flow-v1_default.build/e/niu/Flow/src/modules/flow/module.pre.o
 *fill*         0x20015a11        0x1 
 .bss.frame_count.20063
                0x20015a12        0x2 e:/niu/Flow/Build/px4flow-v1_default.build/e/niu/Flow/src/modules/flow/module.pre.o
 .bss.accumulated_flow_y.20068
                0x20015a14        0x4 e:/niu/Flow/Build/px4flow-v1_default.build/e/niu/Flow/src/modules/flow/module.pre.o
 .bss.publishedIndexFrame1
                0x20015a18        0x1 e:/niu/Flow/Build/px4flow-v1_default.build/e/niu/Flow/src/modules/flow/module.pre.o
                0x20015a18                publishedIndexFrame1
 .bss.publishedIndexFrame2
                0x20015a19        0x1 e:/niu/Flow/Build/px4flow-v1_default.build/e/niu/Flow/src/modules/flow/module.pre.o
                0x20015a19                publishedIndexFrame2
 .bss.accumulated_quality.20070
                0x20015a1a        0x2 e:/niu/Flow/Build/px4flow-v1_default.build/e/niu/Flow/src/modules/flow/module.pre.o
 .bss.accumulated_flow_x.20067
                0x20015a1c        0x4 e:/niu/Flow/Build/px4flow-v1_default.build/e/niu/Flow/src/modules/flow/module.pre.o
 .bss.txDataIndex1.20036
                0x20015a20        0x1 e:/niu/Flow/Build/px4flow-v1_default.build/e/niu/Flow/src/modules/flow/module.pre.o
 *fill*         0x20015a21        0x3 
 .bss.SET_TEST_MODE
                0x20015a24        0x4 e:/niu/Flow/Build/px4flow-v1_default.build/e/niu/Flow/src/modules/flow/module.pre.o
                0x20015a24                SET_TEST_MODE
 .bss.USBD_cfg_status
                0x20015a28        0x4 e:/niu/Flow/Build/px4flow-v1_default.build/e/niu/Flow/src/modules/flow/module.pre.o
                0x20015a28                USBD_cfg_status
 .bss.cfgidx.6526
                0x20015a2c        0x1 e:/niu/Flow/Build/px4flow-v1_default.build/e/niu/Flow/src/modules/flow/module.pre.o
 *fill*         0x20015a2d        0x3 
 .bss.USBD_ep_status
                0x20015a30        0x4 e:/niu/Flow/Build/px4flow-v1_default.build/e/niu/Flow/src/modules/flow/module.pre.o
                0x20015a30                USBD_ep_status
 .bss.USBD_StrDesc
                0x20015a34      0x100 e:/niu/Flow/Build/px4flow-v1_default.build/e/niu/Flow/src/modules/flow/module.pre.o
                0x20015a34                USBD_StrDesc
 .bss.USBD_default_cfg
                0x20015b34        0x4 e:/niu/Flow/Build/px4flow-v1_default.build/e/niu/Flow/src/modules/flow/module.pre.o
                0x20015b34                USBD_default_cfg
 .bss.APP_Rx_Buffer
                0x20015b38     0x8000 e:/niu/Flow/Build/px4flow-v1_default.build/e/niu/Flow/src/modules/flow/module.pre.o
                0x20015b38                APP_Rx_Buffer
 .bss.USB_Tx_State
                0x2001db38        0x1 e:/niu/Flow/Build/px4flow-v1_default.build/e/niu/Flow/src/modules/flow/module.pre.o
                0x2001db38                USB_Tx_State
 *fill*         0x2001db39        0x3 
 .bss.USB_Rx_Buffer
                0x2001db3c       0x40 e:/niu/Flow/Build/px4flow-v1_default.build/e/niu/Flow/src/modules/flow/module.pre.o
                0x2001db3c                USB_Rx_Buffer
 .bss.cdcLen    0x2001db7c        0x4 e:/niu/Flow/Build/px4flow-v1_default.build/e/niu/Flow/src/modules/flow/module.pre.o
 .bss.APP_Rx_ptr_in
                0x2001db80        0x4 e:/niu/Flow/Build/px4flow-v1_default.build/e/niu/Flow/src/modules/flow/module.pre.o
                0x2001db80                APP_Rx_ptr_in
 .bss.APP_Rx_ptr_out
                0x2001db84        0x4 e:/niu/Flow/Build/px4flow-v1_default.build/e/niu/Flow/src/modules/flow/module.pre.o
                0x2001db84                APP_Rx_ptr_out
 .bss.usbd_cdc_AltSet
                0x2001db88        0x4 e:/niu/Flow/Build/px4flow-v1_default.build/e/niu/Flow/src/modules/flow/module.pre.o
 .bss.APP_Rx_length
                0x2001db8c        0x4 e:/niu/Flow/Build/px4flow-v1_default.build/e/niu/Flow/src/modules/flow/module.pre.o
                0x2001db8c                APP_Rx_length
 .bss.CmdBuff   0x2001db90        0x8 e:/niu/Flow/Build/px4flow-v1_default.build/e/niu/Flow/src/modules/flow/module.pre.o
                0x2001db90                CmdBuff
 .bss.FrameCount.6519
                0x2001db98        0x4 e:/niu/Flow/Build/px4flow-v1_default.build/e/niu/Flow/src/modules/flow/module.pre.o
 *(COMMON)
                0x2001db9c                . = ALIGN (0x4)
                0x2001db9c                _ebss = .
                0x2001db9c                __bss_end__ = _ebss

._user_heap_stack
                0x2001db9c      0x400 load address 0x0802c778
                0x2001db9c                . = ALIGN (0x4)
                0x2001db9c                PROVIDE (end, .)
                0x2001db9c                PROVIDE (_end, .)
                0x2001db9c                . = (. + _Min_Heap_Size)
                0x2001df9c                . = (. + _Min_Stack_Size)
 *fill*         0x2001db9c      0x400 
                0x2001df9c                . = ALIGN (0x4)

.ccm            0x10000000     0xb040
 *(.ccm)
 .ccm           0x10000000     0xb040 e:/niu/Flow/Build/px4flow-v1_default.build/e/niu/Flow/src/modules/flow/module.pre.o
                0x10000000                image_buffer_8bit_1
                0x10005820                image_buffer_8bit_2
 *(.ccm*)
START GROUP
LOAD e:/niu/Flow/Build/px4flow-v1_default.build/e/niu/Flow/Build/px4flow-v1_default.build/empty.c.o
LOAD e:/niu/Flow/Build/px4flow-v1_default.build/e/niu/Flow/src/drivers/boards/px4flow-v1/module.pre.o
LOAD e:/niu/Flow/Build/px4flow-v1_default.build/e/niu/Flow/src/modules/flow/module.pre.o
LOAD e:/niu/Flow/Build/px4flow-v1_default.build/e/niu/Flow/src/modules/libc/module.pre.o
LOAD e:/niu/Flow/Build/px4flow-v1_default.build/e/niu/Flow/src/platforms/common/module.pre.o
LOAD d:/px4/toolchain/bin/../lib/gcc/arm-none-eabi/4.8.4/../../../../arm-none-eabi/lib/armv7e-m/fpu/libm.a
LOAD d:/px4/toolchain/bin/../lib/gcc/arm-none-eabi/4.8.4/armv7e-m/fpu/libgcc.a
END GROUP
OUTPUT(e:/niu/Flow/Build/px4flow-v1_default.build/firmware.elf elf32-littlearm)

.comment        0x00000000       0x70
 .comment       0x00000000       0x70 e:/niu/Flow/Build/px4flow-v1_default.build/e/niu/Flow/src/modules/flow/module.pre.o
                               0x10c6 (size before relaxing)
 .comment       0x00000000      0x69f e:/niu/Flow/Build/px4flow-v1_default.build/e/niu/Flow/src/modules/libc/module.pre.o

.ARM.attributes
                0x00000000       0x37
 .ARM.attributes
                0x00000000       0x31 e:/niu/Flow/Build/px4flow-v1_default.build/e/niu/Flow/src/modules/flow/module.pre.o
 .ARM.attributes
                0x00000031       0x35 e:/niu/Flow/Build/px4flow-v1_default.build/e/niu/Flow/src/modules/libc/module.pre.o
 .ARM.attributes
                0x00000066       0x34 d:/px4/toolchain/bin/../lib/gcc/arm-none-eabi/4.8.4/../../../../arm-none-eabi/lib/armv7e-m/fpu/libm.a(lib_a-sf_fpclassify.o)

.debug_aranges  0x00000000     0x1650
 .debug_aranges
                0x00000000     0x1460 e:/niu/Flow/Build/px4flow-v1_default.build/e/niu/Flow/src/modules/flow/module.pre.o
 .debug_aranges
                0x00001460      0x1f0 e:/niu/Flow/Build/px4flow-v1_default.build/e/niu/Flow/src/modules/libc/module.pre.o

.debug_info     0x00000000    0x2d5fa
 .debug_info    0x00000000    0x2c607 e:/niu/Flow/Build/px4flow-v1_default.build/e/niu/Flow/src/modules/flow/module.pre.o
 .debug_info    0x0002c607      0xff3 e:/niu/Flow/Build/px4flow-v1_default.build/e/niu/Flow/src/modules/libc/module.pre.o

.debug_abbrev   0x00000000     0x6840
 .debug_abbrev  0x00000000     0x5ea2 e:/niu/Flow/Build/px4flow-v1_default.build/e/niu/Flow/src/modules/flow/module.pre.o
 .debug_abbrev  0x00005ea2      0x99e e:/niu/Flow/Build/px4flow-v1_default.build/e/niu/Flow/src/modules/libc/module.pre.o

.debug_line     0x00000000    0x1754f
 .debug_line    0x00000000    0x14b8c e:/niu/Flow/Build/px4flow-v1_default.build/e/niu/Flow/src/modules/flow/module.pre.o
 .debug_line    0x00014b8c     0x29c3 e:/niu/Flow/Build/px4flow-v1_default.build/e/niu/Flow/src/modules/libc/module.pre.o

.debug_frame    0x00000000     0x2fe8
 .debug_frame   0x00000000     0x2d34 e:/niu/Flow/Build/px4flow-v1_default.build/e/niu/Flow/src/modules/flow/module.pre.o
 .debug_frame   0x00002d34      0x294 e:/niu/Flow/Build/px4flow-v1_default.build/e/niu/Flow/src/modules/libc/module.pre.o
 .debug_frame   0x00002fc8       0x20 d:/px4/toolchain/bin/../lib/gcc/arm-none-eabi/4.8.4/../../../../arm-none-eabi/lib/armv7e-m/fpu/libm.a(lib_a-sf_fpclassify.o)

.debug_str      0x00000000    0x85d5a
 .debug_str     0x00000000    0x84e8d e:/niu/Flow/Build/px4flow-v1_default.build/e/niu/Flow/src/modules/flow/module.pre.o
                             0x878a60 (size before relaxing)
 .debug_str     0x00084e8d      0xecd e:/niu/Flow/Build/px4flow-v1_default.build/e/niu/Flow/src/modules/libc/module.pre.o
                              0x4e05a (size before relaxing)

.debug_loc      0x00000000    0x1c311
 .debug_loc     0x00000000    0x1b79f e:/niu/Flow/Build/px4flow-v1_default.build/e/niu/Flow/src/modules/flow/module.pre.o
 .debug_loc     0x0001b79f      0xb72 e:/niu/Flow/Build/px4flow-v1_default.build/e/niu/Flow/src/modules/libc/module.pre.o

.debug_ranges   0x00000000     0x3ff0
 .debug_ranges  0x00000000     0x3ef0 e:/niu/Flow/Build/px4flow-v1_default.build/e/niu/Flow/src/modules/flow/module.pre.o
 .debug_ranges  0x00003ef0      0x100 e:/niu/Flow/Build/px4flow-v1_default.build/e/niu/Flow/src/modules/libc/module.pre.o

.debug_macro    0x00000000     0xf1bd
 .debug_macro   0x00000000     0x5374 e:/niu/Flow/Build/px4flow-v1_default.build/e/niu/Flow/src/modules/flow/module.pre.o
 .debug_macro   0x00005374       0x16 e:/niu/Flow/Build/px4flow-v1_default.build/e/niu/Flow/src/modules/flow/module.pre.o
 .debug_macro   0x0000538a      0x455 e:/niu/Flow/Build/px4flow-v1_default.build/e/niu/Flow/src/modules/flow/module.pre.o
 .debug_macro   0x000057df      0x3cf e:/niu/Flow/Build/px4flow-v1_default.build/e/niu/Flow/src/modules/flow/module.pre.o
 .debug_macro   0x00005bae      0x111 e:/niu/Flow/Build/px4flow-v1_default.build/e/niu/Flow/src/modules/flow/module.pre.o
 .debug_macro   0x00005cbf      0x188 e:/niu/Flow/Build/px4flow-v1_default.build/e/niu/Flow/src/modules/flow/module.pre.o
 .debug_macro   0x00005e47       0xb2 e:/niu/Flow/Build/px4flow-v1_default.build/e/niu/Flow/src/modules/flow/module.pre.o
 .debug_macro   0x00005ef9      0x149 e:/niu/Flow/Build/px4flow-v1_default.build/e/niu/Flow/src/modules/flow/module.pre.o
 .debug_macro   0x00006042      0x477 e:/niu/Flow/Build/px4flow-v1_default.build/e/niu/Flow/src/modules/flow/module.pre.o
 .debug_macro   0x000064b9       0xae e:/niu/Flow/Build/px4flow-v1_default.build/e/niu/Flow/src/modules/flow/module.pre.o
 .debug_macro   0x00006567      0x242 e:/niu/Flow/Build/px4flow-v1_default.build/e/niu/Flow/src/modules/flow/module.pre.o
 .debug_macro   0x000067a9      0x279 e:/niu/Flow/Build/px4flow-v1_default.build/e/niu/Flow/src/modules/flow/module.pre.o
 .debug_macro   0x00006a22       0xb5 e:/niu/Flow/Build/px4flow-v1_default.build/e/niu/Flow/src/modules/flow/module.pre.o
 .debug_macro   0x00006ad7      0x265 e:/niu/Flow/Build/px4flow-v1_default.build/e/niu/Flow/src/modules/flow/module.pre.o
 .debug_macro   0x00006d3c      0x2b3 e:/niu/Flow/Build/px4flow-v1_default.build/e/niu/Flow/src/modules/flow/module.pre.o
 .debug_macro   0x00006fef       0x64 e:/niu/Flow/Build/px4flow-v1_default.build/e/niu/Flow/src/modules/flow/module.pre.o
 .debug_macro   0x00007053       0xa7 e:/niu/Flow/Build/px4flow-v1_default.build/e/niu/Flow/src/modules/flow/module.pre.o
 .debug_macro   0x000070fa      0x53d e:/niu/Flow/Build/px4flow-v1_default.build/e/niu/Flow/src/modules/flow/module.pre.o
 .debug_macro   0x00007637       0x40 e:/niu/Flow/Build/px4flow-v1_default.build/e/niu/Flow/src/modules/flow/module.pre.o
 .debug_macro   0x00007677      0x57b e:/niu/Flow/Build/px4flow-v1_default.build/e/niu/Flow/src/modules/flow/module.pre.o
 .debug_macro   0x00007bf2      0x342 e:/niu/Flow/Build/px4flow-v1_default.build/e/niu/Flow/src/modules/flow/module.pre.o
 .debug_macro   0x00007f34      0x36c e:/niu/Flow/Build/px4flow-v1_default.build/e/niu/Flow/src/modules/flow/module.pre.o
 .debug_macro   0x000082a0       0xe1 e:/niu/Flow/Build/px4flow-v1_default.build/e/niu/Flow/src/modules/flow/module.pre.o
 .debug_macro   0x00008381      0x73b e:/niu/Flow/Build/px4flow-v1_default.build/e/niu/Flow/src/modules/flow/module.pre.o
 .debug_macro   0x00008abc      0x221 e:/niu/Flow/Build/px4flow-v1_default.build/e/niu/Flow/src/modules/flow/module.pre.o
 .debug_macro   0x00008cdd       0x34 e:/niu/Flow/Build/px4flow-v1_default.build/e/niu/Flow/src/modules/flow/module.pre.o
 .debug_macro   0x00008d11       0x82 e:/niu/Flow/Build/px4flow-v1_default.build/e/niu/Flow/src/modules/flow/module.pre.o
 .debug_macro   0x00008d93       0x52 e:/niu/Flow/Build/px4flow-v1_default.build/e/niu/Flow/src/modules/flow/module.pre.o
 .debug_macro   0x00008de5       0x76 e:/niu/Flow/Build/px4flow-v1_default.build/e/niu/Flow/src/modules/flow/module.pre.o
 .debug_macro   0x00008e5b      0x20f e:/niu/Flow/Build/px4flow-v1_default.build/e/niu/Flow/src/modules/flow/module.pre.o
 .debug_macro   0x0000906a       0x64 e:/niu/Flow/Build/px4flow-v1_default.build/e/niu/Flow/src/modules/flow/module.pre.o
 .debug_macro   0x000090ce       0x3a e:/niu/Flow/Build/px4flow-v1_default.build/e/niu/Flow/src/modules/flow/module.pre.o