Archive member included because of file (symbol)

d:/px4/toolchain/bin/../lib/gcc/arm-none-eabi/4.8.4/../../../../arm-none-eabi/lib/armv7e-m/fpu/libm.a(lib_a-sf_fpclassify.o)
                              e:/niu/Flow/Build/px4flow-v2_default.build/e/niu/Flow/src/modules/flow/module.pre.o (__fpclassifyf)
d:/px4/toolchain/bin/../lib/gcc/arm-none-eabi/4.8.4/armv7e-m/fpu/libgcc.a(_arm_addsubsf3.o)
                              e:/niu/Flow/Build/px4flow-v2_default.build/e/niu/Flow/src/modules/uavcannode/module.pre.o (__aeabi_l2f)
d:/px4/toolchain/bin/../lib/gcc/arm-none-eabi/4.8.4/armv7e-m/fpu/libgcc.a(_aeabi_ldivmod.o)
                              e:/niu/Flow/Build/px4flow-v2_default.build/e/niu/Flow/src/modules/uavcannode/module.pre.o (__aeabi_ldivmod)
d:/px4/toolchain/bin/../lib/gcc/arm-none-eabi/4.8.4/armv7e-m/fpu/libgcc.a(bpabi.o)
                              d:/px4/toolchain/bin/../lib/gcc/arm-none-eabi/4.8.4/armv7e-m/fpu/libgcc.a(_aeabi_ldivmod.o) (__gnu_ldivmod_helper)
d:/px4/toolchain/bin/../lib/gcc/arm-none-eabi/4.8.4/armv7e-m/fpu/libgcc.a(_dvmd_tls.o)
                              d:/px4/toolchain/bin/../lib/gcc/arm-none-eabi/4.8.4/armv7e-m/fpu/libgcc.a(_aeabi_ldivmod.o) (__aeabi_ldiv0)
d:/px4/toolchain/bin/../lib/gcc/arm-none-eabi/4.8.4/armv7e-m/fpu/libgcc.a(_divdi3.o)
                              d:/px4/toolchain/bin/../lib/gcc/arm-none-eabi/4.8.4/armv7e-m/fpu/libgcc.a(bpabi.o) (__divdi3)
d:/px4/toolchain/bin/../lib/gcc/arm-none-eabi/4.8.4/armv7e-m/fpu/libgcc.a(_udivdi3.o)
                              d:/px4/toolchain/bin/../lib/gcc/arm-none-eabi/4.8.4/armv7e-m/fpu/libgcc.a(bpabi.o) (__udivdi3)

Discarded input sections

 .group         0x00000000        0x8 e:/niu/Flow/Build/px4flow-v2_default.build/e/niu/Flow/Build/px4flow-v2_default.build/empty.c.o
 .text          0x00000000        0x0 e:/niu/Flow/Build/px4flow-v2_default.build/e/niu/Flow/Build/px4flow-v2_default.build/empty.c.o
 .data          0x00000000        0x0 e:/niu/Flow/Build/px4flow-v2_default.build/e/niu/Flow/Build/px4flow-v2_default.build/empty.c.o
 .bss           0x00000000        0x0 e:/niu/Flow/Build/px4flow-v2_default.build/e/niu/Flow/Build/px4flow-v2_default.build/empty.c.o
 .debug_info    0x00000000       0x1d e:/niu/Flow/Build/px4flow-v2_default.build/e/niu/Flow/Build/px4flow-v2_default.build/empty.c.o
 .debug_abbrev  0x00000000       0x11 e:/niu/Flow/Build/px4flow-v2_default.build/e/niu/Flow/Build/px4flow-v2_default.build/empty.c.o
 .debug_aranges
                0x00000000       0x18 e:/niu/Flow/Build/px4flow-v2_default.build/e/niu/Flow/Build/px4flow-v2_default.build/empty.c.o
 .debug_macro   0x00000000       0x11 e:/niu/Flow/Build/px4flow-v2_default.build/e/niu/Flow/Build/px4flow-v2_default.build/empty.c.o
 .debug_macro   0x00000000      0x880 e:/niu/Flow/Build/px4flow-v2_default.build/e/niu/Flow/Build/px4flow-v2_default.build/empty.c.o
 .debug_line    0x00000000       0x53 e:/niu/Flow/Build/px4flow-v2_default.build/e/niu/Flow/Build/px4flow-v2_default.build/empty.c.o
 .debug_str     0x00000000     0x2539 e:/niu/Flow/Build/px4flow-v2_default.build/e/niu/Flow/Build/px4flow-v2_default.build/empty.c.o
 .comment       0x00000000       0x71 e:/niu/Flow/Build/px4flow-v2_default.build/e/niu/Flow/Build/px4flow-v2_default.build/empty.c.o
 .ARM.attributes
                0x00000000       0x35 e:/niu/Flow/Build/px4flow-v2_default.build/e/niu/Flow/Build/px4flow-v2_default.build/empty.c.o
 .group         0x00000000        0x8 e:/niu/Flow/Build/px4flow-v2_default.build/e/niu/Flow/src/drivers/boards/px4flow-v2/module.pre.o
 .group         0x00000000        0x8 e:/niu/Flow/Build/px4flow-v2_default.build/e/niu/Flow/src/drivers/boards/px4flow-v2/module.pre.o
 .group         0x00000000        0x8 e:/niu/Flow/Build/px4flow-v2_default.build/e/niu/Flow/src/drivers/boards/px4flow-v2/module.pre.o
 .group         0x00000000        0x8 e:/niu/Flow/Build/px4flow-v2_default.build/e/niu/Flow/src/drivers/boards/px4flow-v2/module.pre.o
 .group         0x00000000        0x8 e:/niu/Flow/Build/px4flow-v2_default.build/e/niu/Flow/src/drivers/boards/px4flow-v2/module.pre.o
 .group         0x00000000        0x8 e:/niu/Flow/Build/px4flow-v2_default.build/e/niu/Flow/src/drivers/boards/px4flow-v2/module.pre.o
 .group         0x00000000        0x8 e:/niu/Flow/Build/px4flow-v2_default.build/e/niu/Flow/src/drivers/boards/px4flow-v2/module.pre.o
 .group         0x00000000        0x8 e:/niu/Flow/Build/px4flow-v2_default.build/e/niu/Flow/src/drivers/boards/px4flow-v2/module.pre.o
 .group         0x00000000        0x8 e:/niu/Flow/Build/px4flow-v2_default.build/e/niu/Flow/src/drivers/boards/px4flow-v2/module.pre.o
 .group         0x00000000        0x8 e:/niu/Flow/Build/px4flow-v2_default.build/e/niu/Flow/src/drivers/boards/px4flow-v2/module.pre.o
 .group         0x00000000        0x8 e:/niu/Flow/Build/px4flow-v2_default.build/e/niu/Flow/src/drivers/boards/px4flow-v2/module.pre.o
[...]
Memory Configuration

Name             Origin             Length             Attributes
FLASH            0x08004000         0x001fc000         xr
RAM              0x20000000         0x00030000         xrw
CCM              0x10000000         0x00010000         xrw
*default*        0x00000000         0xffffffff

Linker script and memory map

                0x20030000                _estack = 0x20030000
                0x00000000                _Min_Heap_Size = 0x0
                0x00000400                _Min_Stack_Size = 0x400

.isr_vector     0x08004000      0x1a8
                0x08004000                . = ALIGN (0x4)
 *(.isr_vector)
 .isr_vector    0x08004000      0x188 e:/niu/Flow/Build/px4flow-v2_default.build/e/niu/Flow/src/modules/flow/module.pre.o
                0x08004000                g_pfnVectors
                0x08004188                . = ALIGN (0x8)
 *(.app_descriptor)
 .app_descriptor
                0x08004188       0x20 e:/niu/Flow/Build/px4flow-v2_default.build/e/niu/Flow/src/modules/uavcannode/module.pre.o
                0x08004188                AppDescriptor

.text           0x080041a8    0x17848
                0x080041a8                . = ALIGN (0x4)
 *(.text)
 .text          0x080041a8      0x21c d:/px4/toolchain/bin/../lib/gcc/arm-none-eabi/4.8.4/armv7e-m/fpu/libgcc.a(_arm_addsubsf3.o)
                0x080041a8                __aeabi_frsub
                0x080041b0                __subsf3
                0x080041b0                __aeabi_fsub
                0x080041b4                __aeabi_fadd
                0x080041b4                __addsf3
                0x08004314                __aeabi_ui2f
                0x08004314                __floatunsisf
                0x0800431c                __aeabi_i2f
                0x0800431c                __floatsisf
                0x08004338                __aeabi_ul2f
                0x08004338                __floatundisf
                0x08004348                __aeabi_l2f
                0x08004348                __floatdisf
 .text          0x080043c4       0x38 d:/px4/toolchain/bin/../lib/gcc/arm-none-eabi/4.8.4/armv7e-m/fpu/libgcc.a(_aeabi_ldivmod.o)
                0x080043c4                __aeabi_ldivmod
 .text          0x080043fc       0x60 d:/px4/toolchain/bin/../lib/gcc/arm-none-eabi/4.8.4/armv7e-m/fpu/libgcc.a(bpabi.o)
                0x080043fc                __gnu_ldivmod_helper
                0x0800442c                __gnu_uldivmod_helper
 .text          0x0800445c        0x4 d:/px4/toolchain/bin/../lib/gcc/arm-none-eabi/4.8.4/armv7e-m/fpu/libgcc.a(_dvmd_tls.o)
                0x0800445c                __aeabi_idiv0
                0x0800445c                __aeabi_ldiv0
 .text          0x08004460      0x298 d:/px4/toolchain/bin/../lib/gcc/arm-none-eabi/4.8.4/armv7e-m/fpu/libgcc.a(_divdi3.o)
                0x08004460                __divdi3
 .text          0x080046f8      0x284 d:/px4/toolchain/bin/../lib/gcc/arm-none-eabi/4.8.4/armv7e-m/fpu/libgcc.a(_udivdi3.o)
                0x080046f8                __udivdi3
 *(.text*)
 .text.board_initialize
                0x0800497c       0x40 e:/niu/Flow/Build/px4flow-v2_default.build/e/niu/Flow/src/drivers/boards/px4flow-v2/module.pre.o
                0x0800497c                board_initialize
 .text.board_app_initialize
                0x080049bc        0x4 e:/niu/Flow/Build/px4flow-v2_default.build/e/niu/Flow/src/drivers/boards/px4flow-v2/module.pre.o
                0x080049bc                board_app_initialize
 .text.board_reset
                0x080049c0       0x10 e:/niu/Flow/Build/px4flow-v2_default.build/e/niu/Flow/src/drivers/boards/px4flow-v2/module.pre.o
                0x080049c0                board_reset
 .text.board_get_serialnumber
                0x080049d0       0x18 e:/niu/Flow/Build/px4flow-v2_default.build/e/niu/Flow/src/drivers/boards/px4flow-v2/module.pre.o
                0x080049d0                board_get_serialnumber
 .text.board_led_rgb
                0x080049e8      0x108 e:/niu/Flow/Build/px4flow-v2_default.build/e/niu/Flow/src/drivers/boards/px4flow-v2/module.pre.o
                0x080049e8                board_led_rgb
 .text.calulate_signature
                0x08004af0       0x24 e:/niu/Flow/Build/px4flow-v2_default.build/e/niu/Flow/src/drivers/boards/px4flow-v2/module.pre.o
 .text.bootloader_app_shared_read
                0x08004b14       0x7c e:/niu/Flow/Build/px4flow-v2_default.build/e/niu/Flow/src/drivers/boards/px4flow-v2/module.pre.o
                0x08004b14                bootloader_app_shared_read
 .text.bootloader_app_shared_write
                0x08004b90       0x6c e:/niu/Flow/Build/px4flow-v2_default.build/e/niu/Flow/src/drivers/boards/px4flow-v2/module.pre.o
                0x08004b90                bootloader_app_shared_write
 .text.bootloader_app_shared_invalidate
                0x08004bfc       0x30 e:/niu/Flow/Build/px4flow-v2_default.build/e/niu/Flow/src/drivers/boards/px4flow-v2/module.pre.o
                0x08004bfc                bootloader_app_shared_invalidate
 *fill*         0x08004c2c        0x4 
 .text.crc64_add_word
                0x08004c30       0x50 e:/niu/Flow/Build/px4flow-v2_default.build/e/niu/Flow/src/drivers/boards/px4flow-v2/module.pre.o
                0x08004c30                crc64_add_word
 .text.Reset_Handler
                0x08004c80       0x50 e:/niu/Flow/Build/px4flow-v2_default.build/e/niu/Flow/src/modules/flow/module.pre.o
                0x08004c80                Reset_Handler
 .text.Default_Handler
                0x08004cd0        0x4 e:/niu/Flow/Build/px4flow-v2_default.build/e/niu/Flow/src/modules/flow/module.pre.o
                0x08004cd0                RTC_Alarm_IRQHandler
                0x08004cd0                HASH_RNG_IRQHandler
                0x08004cd0                EXTI2_IRQHandler
                0x08004cd0                TIM8_CC_IRQHandler
                0x08004cd0                TIM1_CC_IRQHandler
                0x08004cd0                DMA2_Stream5_IRQHandler
                0x08004cd0                DMA1_Stream5_IRQHandler
                0x08004cd0                PVD_IRQHandler
                0x08004cd0                SDIO_IRQHandler
                0x08004cd0                TAMP_STAMP_IRQHandler
                0x08004cd0                CAN2_RX1_IRQHandler
                0x08004cd0                EXTI3_IRQHandler
                0x08004cd0                TIM8_TRG_COM_TIM14_IRQHandler
                0x08004cd0                TIM1_UP_TIM10_IRQHandler
                0x08004cd0                TIM8_UP_TIM13_IRQHandler
                0x08004cd0                I2C3_ER_IRQHandler
                0x08004cd0                EXTI0_IRQHandler
                0x08004cd0                I2C2_EV_IRQHandler
                0x08004cd0                DMA1_Stream2_IRQHandler
                0x08004cd0                FPU_IRQHandler
                0x08004cd0                OTG_HS_WKUP_IRQHandler
                0x08004cd0                CAN2_SCE_IRQHandler
                0x08004cd0                DMA2_Stream2_IRQHandler
                0x08004cd0                SPI1_IRQHandler
                0x08004cd0                TIM6_DAC_IRQHandler
                0x08004cd0                TIM1_BRK_TIM9_IRQHandler
                0x08004cd0                CAN2_RX0_IRQHandler
                0x08004cd0                DMA2_Stream3_IRQHandler
                0x08004cd0                USART6_IRQHandler
                0x08004cd0                CRYP_IRQHandler
                0x08004cd0                UART5_IRQHandler
                0x08004cd0                DMA2_Stream0_IRQHandler
                0x08004cd0                TIM4_IRQHandler
                0x08004cd0                DMA1_Stream6_IRQHandler
                0x08004cd0                DMA1_Stream1_IRQHandler
                0x08004cd0                TIM3_IRQHandler
                0x08004cd0                RCC_IRQHandler
                0x08004cd0                TIM8_BRK_TIM12_IRQHandler
                0x08004cd0                Default_Handler
                0x08004cd0                EXTI15_10_IRQHandler
                0x08004cd0                ADC_IRQHandler
                0x08004cd0                DMA1_Stream7_IRQHandler
                0x08004cd0                TIM7_IRQHandler
                0x08004cd0                CAN2_TX_IRQHandler
                0x08004cd0                TIM5_IRQHandler
                0x08004cd0                DMA2_Stream7_IRQHandler
                0x08004cd0                I2C3_EV_IRQHandler
                0x08004cd0                EXTI9_5_IRQHandler
                0x08004cd0                RTC_WKUP_IRQHandler
                0x08004cd0                ETH_WKUP_IRQHandler
                0x08004cd0                SPI2_IRQHandler
                0x08004cd0                OTG_HS_EP1_IN_IRQHandler
                0x08004cd0                DMA1_Stream0_IRQHandler
                0x08004cd0                EXTI4_IRQHandler
                0x08004cd0                FSMC_IRQHandler
                0x08004cd0                ETH_IRQHandler
                0x08004cd0                OTG_HS_EP1_OUT_IRQHandler
                0x08004cd0                WWDG_IRQHandler
                0x08004cd0                OTG_FS_WKUP_IRQHandler
                0x08004cd0                TIM1_TRG_COM_TIM11_IRQHandler
                0x08004cd0                OTG_HS_IRQHandler
                0x08004cd0                EXTI1_IRQHandler
                0x08004cd0                I2C2_ER_IRQHandler
                0x08004cd0                FLASH_IRQHandler
                0x08004cd0                DMA2_Stream4_IRQHandler
                0x08004cd0                USART1_IRQHandler
                0x08004cd0                SPI3_IRQHandler
                0x08004cd0                DMA1_Stream4_IRQHandler
                0x08004cd0                DMA2_Stream6_IRQHandler
                0x08004cd0                DMA1_Stream3_IRQHandler
 .text.SystemInit
                0x08004cd4      0x100 e:/niu/Flow/Build/px4flow-v2_default.build/e/niu/Flow/src/modules/flow/module.pre.o
                0x08004cd4                SystemInit
 .text.NMI_Handler
                0x08004dd4        0x4 e:/niu/Flow/Build/px4flow-v2_default.build/e/niu/Flow/src/modules/flow/module.pre.o
                0x08004dd4                NMI_Handler
 .text.HardFault_Handler
                0x08004dd8        0x4 e:/niu/Flow/Build/px4flow-v2_default.build/e/niu/Flow/src/modules/flow/module.pre.o
                0x08004dd8                HardFault_Handler
 .text.MemManage_Handler
                0x08004ddc        0x4 e:/niu/Flow/Build/px4flow-v2_default.build/e/niu/Flow/src/modules/flow/module.pre.o
                0x08004ddc                MemManage_Handler
 .text.BusFault_Handler
                0x08004de0        0x4 e:/niu/Flow/Build/px4flow-v2_default.build/e/niu/Flow/src/modules/flow/module.pre.o
                0x08004de0                BusFault_Handler
 .text.UsageFault_Handler
                0x08004de4        0x4 e:/niu/Flow/Build/px4flow-v2_default.build/e/niu/Flow/src/modules/flow/module.pre.o
                0x08004de4                UsageFault_Handler
 .text.SVC_Handler
                0x08004de8        0x4 e:/niu/Flow/Build/px4flow-v2_default.build/e/niu/Flow/src/modules/flow/module.pre.o
                0x08004de8                SVC_Handler
 .text.DebugMon_Handler
                0x08004dec        0x4 e:/niu/Flow/Build/px4flow-v2_default.build/e/niu/Flow/src/modules/flow/module.pre.o
                0x08004dec                DebugMon_Handler
 .text.PendSV_Handler
                0x08004df0        0x4 e:/niu/Flow/Build/px4flow-v2_default.build/e/niu/Flow/src/modules/flow/module.pre.o
                0x08004df0                PendSV_Handler
 .text.SysTick_Handler
                0x08004df4        0x4 e:/niu/Flow/Build/px4flow-v2_default.build/e/niu/Flow/src/modules/flow/module.pre.o
                0x08004df4                SysTick_Handler
 .text.OTG_FS_IRQHandler
                0x08004df8        0xc e:/niu/Flow/Build/px4flow-v2_default.build/e/niu/Flow/src/modules/flow/module.pre.o
                0x08004df8                OTG_FS_IRQHandler
 .text.timer_update_ms
                0x08004e04      0x124 e:/niu/Flow/Build/px4flow-v2_default.build/e/niu/Flow/src/modules/flow/module.pre.o
                0x08004e04                timer_update_ms
 .text.timer_update
                0x08004f28       0x28 e:/niu/Flow/Build/px4flow-v2_default.build/e/niu/Flow/src/modules/flow/module.pre.o
                0x08004f28                timer_update
 .text.get_boot_time_us
                0x08004f50       0x10 e:/niu/Flow/Build/px4flow-v2_default.build/e/niu/Flow/src/modules/flow/module.pre.o
                0x08004f50                get_boot_time_us
 .text.delay    0x08004f60       0x10 e:/niu/Flow/Build/px4flow-v2_default.build/e/niu/Flow/src/modules/flow/module.pre.o
                0x08004f60                delay
 .text.buffer_reset
                0x08004f70        0xc e:/niu/Flow/Build/px4flow-v2_default.build/e/niu/Flow/src/modules/flow/module.pre.o
                0x08004f70                buffer_reset
 .text.startup.main
                0x08004f7c     0x13ec e:/niu/Flow/Build/px4flow-v2_default.build/e/niu/Flow/src/modules/flow/module.pre.o
                0x08004f7c                main
 .text.flow_ftoa
                0x08006368      0x13c e:/niu/Flow/Build/px4flow-v2_default.build/e/niu/Flow/src/modules/flow/module.pre.o
                0x08006368                flow_ftoa
 .text.LEDInit  0x080064a4       0x4c e:/niu/Flow/Build/px4flow-v2_default.build/e/niu/Flow/src/modules/flow/module.pre.o
                0x080064a4                LEDInit
 .text.LEDOff   0x080064f0       0x1c e:/niu/Flow/Build/px4flow-v2_default.build/e/niu/Flow/src/modules/flow/module.pre.o
                0x080064f0                LEDOff
 .text.LEDToggle
                0x0800650c       0x1c e:/niu/Flow/Build/px4flow-v2_default.build/e/niu/Flow/src/modules/flow/module.pre.o
                0x0800650c                LEDToggle
 .text.global_data_reset_param_defaults
                0x08006528      0x5ac e:/niu/Flow/Build/px4flow-v2_default.build/e/niu/Flow/src/modules/flow/module.pre.o
                0x08006528                global_data_reset_param_defaults
 .text.global_data_reset
                0x08006ad4        0x4 e:/niu/Flow/Build/px4flow-v2_default.build/e/niu/Flow/src/modules/flow/module.pre.o
                0x08006ad4                global_data_reset
 .text.set_sensor_position_settings
                0x08006ad8       0x28 e:/niu/Flow/Build/px4flow-v2_default.build/e/niu/Flow/src/modules/flow/module.pre.o
                0x08006ad8                set_sensor_position_settings
 .text.communication_init
                0x08006b00       0x2c e:/niu/Flow/Build/px4flow-v2_default.build/e/niu/Flow/src/modules/flow/module.pre.o
                0x08006b00                communication_init
 .text.communication_system_state_send
                0x08006b2c      0x3b4 e:/niu/Flow/Build/px4flow-v2_default.build/e/niu/Flow/src/modules/flow/module.pre.o
                0x08006b2c                communication_system_state_send
 .text.communication_parameter_send
                0x08006ee0      0x2b8 e:/niu/Flow/Build/px4flow-v2_default.build/e/niu/Flow/src/modules/flow/module.pre.o
                0x08006ee0                communication_parameter_send
 .text.handle_mavlink_message
                0x08007198     0x13ec e:/niu/Flow/Build/px4flow-v2_default.build/e/niu/Flow/src/modules/flow/module.pre.o
                0x08007198                handle_mavlink_message
 .text.communication_receive
                0x08008584      0x204 e:/niu/Flow/Build/px4flow-v2_default.build/e/niu/Flow/src/modules/flow/module.pre.o
                0x08008584                communication_receive
 .text.communication_receive_forward
                0x08008788      0x288 e:/niu/Flow/Build/px4flow-v2_default.build/e/niu/Flow/src/modules/flow/module.pre.o
                0x08008788                communication_receive_forward
 .text.communication_receive_usb
                0x08008a10      0x224 e:/niu/Flow/Build/px4flow-v2_default.build/e/niu/Flow/src/modules/flow/module.pre.o
                0x08008a10                communication_receive_usb
 .text.mavlink_send_uart_bytes
                0x08008c34       0x3c e:/niu/Flow/Build/px4flow-v2_default.build/e/niu/Flow/src/modules/flow/module.pre.o
                0x08008c34                mavlink_send_uart_bytes
 .text.mavlink_get_channel_status
                0x08008c70       0x10 e:/niu/Flow/Build/px4flow-v2_default.build/e/niu/Flow/src/modules/flow/module.pre.o
                0x08008c70                mavlink_get_channel_status
 .text.compute_flow
                0x08008c80      0xb54 e:/niu/Flow/Build/px4flow-v2_default.build/e/niu/Flow/src/modules/flow/module.pre.o
                0x08008c80                compute_flow
 .text.dcmi_restart_calibration_routine
                0x080097d4       0x64 e:/niu/Flow/Build/px4flow-v2_default.build/e/niu/Flow/src/modules/flow/module.pre.o
                0x080097d4                dcmi_restart_calibration_routine
 .text.DCMI_IRQHandler
                0x08009838       0x18 e:/niu/Flow/Build/px4flow-v2_default.build/e/niu/Flow/src/modules/flow/module.pre.o
                0x08009838                DCMI_IRQHandler
 .text.dma_swap_buffers
                0x08009850       0xcc e:/niu/Flow/Build/px4flow-v2_default.build/e/niu/Flow/src/modules/flow/module.pre.o
                0x08009850                dma_swap_buffers
 .text.DMA2_Stream1_IRQHandler
                0x0800991c       0xc8 e:/niu/Flow/Build/px4flow-v2_default.build/e/niu/Flow/src/modules/flow/module.pre.o
                0x0800991c                DMA2_Stream1_IRQHandler
 .text.get_time_between_images
                0x080099e4        0xc e:/niu/Flow/Build/px4flow-v2_default.build/e/niu/Flow/src/modules/flow/module.pre.o
                0x080099e4                get_time_between_images
 .text.get_frame_counter
                0x080099f0        0xc e:/niu/Flow/Build/px4flow-v2_default.build/e/niu/Flow/src/modules/flow/module.pre.o
                0x080099f0                get_frame_counter
 .text.dma_copy_image_buffers
                0x080099fc       0xa8 e:/niu/Flow/Build/px4flow-v2_default.build/e/niu/Flow/src/modules/flow/module.pre.o
                0x080099fc                dma_copy_image_buffers
 .text.send_calibration_image
                0x08009aa4      0x4c8 e:/niu/Flow/Build/px4flow-v2_default.build/e/niu/Flow/src/modules/flow/module.pre.o
                0x08009aa4                send_calibration_image
 .text.dcmi_clock_init
                0x08009f6c       0xa4 e:/niu/Flow/Build/px4flow-v2_default.build/e/niu/Flow/src/modules/flow/module.pre.o
                0x08009f6c                dcmi_clock_init
 .text.dcmi_hw_init
                0x0800a010      0x1e4 e:/niu/Flow/Build/px4flow-v2_default.build/e/niu/Flow/src/modules/flow/module.pre.o
                0x0800a010                dcmi_hw_init
 .text.dcmi_dma_init
                0x0800a1f4       0xcc e:/niu/Flow/Build/px4flow-v2_default.build/e/niu/Flow/src/modules/flow/module.pre.o
                0x0800a1f4                dcmi_dma_init
 .text.enable_image_capture
                0x0800a2c0       0x80 e:/niu/Flow/Build/px4flow-v2_default.build/e/niu/Flow/src/modules/flow/module.pre.o
                0x0800a2c0                enable_image_capture
 .text.dma_reconfigure
                0x0800a340       0xa0 e:/niu/Flow/Build/px4flow-v2_default.build/e/niu/Flow/src/modules/flow/module.pre.o
                0x0800a340                dma_reconfigure
 .text.mt9v034_WriteReg
                0x0800a3e0       0xa0 e:/niu/Flow/Build/px4flow-v2_default.build/e/niu/Flow/src/modules/flow/module.pre.o
                0x0800a3e0                mt9v034_WriteReg
 .text.mt9v034_set_context
                0x0800a480       0x2c e:/niu/Flow/Build/px4flow-v2_default.build/e/niu/Flow/src/modules/flow/module.pre.o
                0x0800a480                mt9v034_set_context
 .text.mt9v034_ReadReg
                0x0800a4ac       0xf8 e:/niu/Flow/Build/px4flow-v2_default.build/e/niu/Flow/src/modules/flow/module.pre.o
                0x0800a4ac                mt9v034_ReadReg
 .text.mt9v034_context_configuration
                0x0800a5a4      0x3ac e:/niu/Flow/Build/px4flow-v2_default.build/e/niu/Flow/src/modules/flow/module.pre.o
                0x0800a5a4                mt9v034_context_configuration
 .text.gyro_read
                0x0800a950      0x2a0 e:/niu/Flow/Build/px4flow-v2_default.build/e/niu/Flow/src/modules/flow/module.pre.o
                0x0800a950                gyro_read
 .text.l3gd20_config
                0x0800abf0      0x1ac e:/niu/Flow/Build/px4flow-v2_default.build/e/niu/Flow/src/modules/flow/module.pre.o
                0x0800abf0                l3gd20_config
 .text.spi_config
                0x0800ad9c       0xfc e:/niu/Flow/Build/px4flow-v2_default.build/e/niu/Flow/src/modules/flow/module.pre.o
                0x0800ad9c                spi_config
 .text.gyro_config
                0x0800ae98      0x1b0 e:/niu/Flow/Build/px4flow-v2_default.build/e/niu/Flow/src/modules/flow/module.pre.o
                0x0800ae98                gyro_config
 .text.getGyroRange
                0x0800b048        0xc e:/niu/Flow/Build/px4flow-v2_default.build/e/niu/Flow/src/modules/flow/module.pre.o
                0x0800b048                getGyroRange
 .text.getGyroScalingFactor
                0x0800b054       0x20 e:/niu/Flow/Build/px4flow-v2_default.build/e/niu/Flow/src/modules/flow/module.pre.o
                0x0800b054                getGyroScalingFactor
 .text.usart2_tx_ringbuffer_push
                0x0800b074       0xa4 e:/niu/Flow/Build/px4flow-v2_default.build/e/niu/Flow/src/modules/flow/module.pre.o
                0x0800b074                usart2_tx_ringbuffer_push
 .text.usart3_tx_ringbuffer_push
                0x0800b118       0xa4 e:/niu/Flow/Build/px4flow-v2_default.build/e/niu/Flow/src/modules/flow/module.pre.o
                0x0800b118                usart3_tx_ringbuffer_push
 .text.usart2_char_available
                0x0800b1bc       0x18 e:/niu/Flow/Build/px4flow-v2_default.build/e/niu/Flow/src/modules/flow/module.pre.o
                0x0800b1bc                usart2_char_available
 .text.usart3_char_available
                0x0800b1d4       0x18 e:/niu/Flow/Build/px4flow-v2_default.build/e/niu/Flow/src/modules/flow/module.pre.o
                0x0800b1d4                usart3_char_available
 .text.usart2_rx_ringbuffer_pop
                0x0800b1ec       0x50 e:/niu/Flow/Build/px4flow-v2_default.build/e/niu/Flow/src/modules/flow/module.pre.o
                0x0800b1ec                usart2_rx_ringbuffer_pop
 .text.usart3_rx_ringbuffer_pop
                0x0800b23c       0x50 e:/niu/Flow/Build/px4flow-v2_default.build/e/niu/Flow/src/modules/flow/module.pre.o
                0x0800b23c                usart3_rx_ringbuffer_pop
 .text.USART2_IRQHandler
                0x0800b28c       0xcc e:/niu/Flow/Build/px4flow-v2_default.build/e/niu/Flow/src/modules/flow/module.pre.o
                0x0800b28c                USART2_IRQHandler
 .text.USART3_IRQHandler
                0x0800b358       0xcc e:/niu/Flow/Build/px4flow-v2_default.build/e/niu/Flow/src/modules/flow/module.pre.o
                0x0800b358                USART3_IRQHandler
 .text.usart_init
                0x0800b424      0x160 e:/niu/Flow/Build/px4flow-v2_default.build/e/niu/Flow/src/modules/flow/module.pre.o
                0x0800b424                usart_init
 .text.sonar_trigger
                0x0800b584       0x10 e:/niu/Flow/Build/px4flow-v2_default.build/e/niu/Flow/src/modules/flow/module.pre.o
                0x0800b584                sonar_trigger
 .text.UART4_IRQHandler
                0x0800b594      0x154 e:/niu/Flow/Build/px4flow-v2_default.build/e/niu/Flow/src/modules/flow/module.pre.o
                0x0800b594                UART4_IRQHandler
 .text.sonar_read
                0x0800b6e8       0xf0 e:/niu/Flow/Build/px4flow-v2_default.build/e/niu/Flow/src/modules/flow/module.pre.o
                0x0800b6e8                sonar_read
 .text.sonar_config
                0x0800b7d8       0xe0 e:/niu/Flow/Build/px4flow-v2_default.build/e/niu/Flow/src/modules/flow/module.pre.o
                0x0800b7d8                sonar_config
 .text.get_sonar_measure_time
                0x0800b8b8        0xc e:/niu/Flow/Build/px4flow-v2_default.build/e/niu/Flow/src/modules/flow/module.pre.o
                0x0800b8b8                get_sonar_measure_time
 .text.debug_string_message_buffer
                0x0800b8c4       0x5c e:/niu/Flow/Build/px4flow-v2_default.build/e/niu/Flow/src/modules/flow/module.pre.o
                0x0800b8c4                debug_string_message_buffer
 .text.debug_int_message_buffer
                0x0800b920       0x70 e:/niu/Flow/Build/px4flow-v2_default.build/e/niu/Flow/src/modules/flow/module.pre.o
                0x0800b920                debug_int_message_buffer
 .text.debug_message_send_one
                0x0800b990      0x3c4 e:/niu/Flow/Build/px4flow-v2_default.build/e/niu/Flow/src/modules/flow/module.pre.o
                0x0800b990                debug_message_send_one
 .text.USB_OTG_BSP_Init
                0x0800bd54       0x9c e:/niu/Flow/Build/px4flow-v2_default.build/e/niu/Flow/src/modules/flow/module.pre.o
                0x0800bd54                USB_OTG_BSP_Init
 .text.USB_OTG_BSP_EnableInterrupt
                0x0800bdf0       0x30 e:/niu/Flow/Build/px4flow-v2_default.build/e/niu/Flow/src/modules/flow/module.pre.o
                0x0800bdf0                USB_OTG_BSP_EnableInterrupt
 .text.USB_OTG_BSP_uDelay
                0x0800be20       0x24 e:/niu/Flow/Build/px4flow-v2_default.build/e/niu/Flow/src/modules/flow/module.pre.o
                0x0800be20                USB_OTG_BSP_uDelay
 .text.USB_OTG_BSP_mDelay
                0x0800be44       0x28 e:/niu/Flow/Build/px4flow-v2_default.build/e/niu/Flow/src/modules/flow/module.pre.o
                0x0800be44                USB_OTG_BSP_mDelay
 .text.VCP_Init
                0x0800be6c        0x4 e:/niu/Flow/Build/px4flow-v2_default.build/e/niu/Flow/src/modules/flow/module.pre.o
 .text.VCP_DeInit
                0x0800be70        0x4 e:/niu/Flow/Build/px4flow-v2_default.build/e/niu/Flow/src/modules/flow/module.pre.o
 .text.VCP_DataTx
                0x0800be74       0x34 e:/niu/Flow/Build/px4flow-v2_default.build/e/niu/Flow/src/modules/flow/module.pre.o
 .text.VCP_DataRx
                0x0800bea8       0x48 e:/niu/Flow/Build/px4flow-v2_default.build/e/niu/Flow/src/modules/flow/module.pre.o
 .text.VCP_Ctrl
                0x0800bef0       0x2c e:/niu/Flow/Build/px4flow-v2_default.build/e/niu/Flow/src/modules/flow/module.pre.o
 .text.VCP_put_char
                0x0800bf1c       0x28 e:/niu/Flow/Build/px4flow-v2_default.build/e/niu/Flow/src/modules/flow/module.pre.o
                0x0800bf1c                VCP_put_char
 .text.VCP_get_char
                0x0800bf44       0x34 e:/niu/Flow/Build/px4flow-v2_default.build/e/niu/Flow/src/modules/flow/module.pre.o
                0x0800bf44                VCP_get_char
 .text.USBD_USR_DeviceDescriptor
                0x0800bf78        0xc e:/niu/Flow/Build/px4flow-v2_default.build/e/niu/Flow/src/modules/flow/module.pre.o
                0x0800bf78                USBD_USR_DeviceDescriptor
 .text.USBD_USR_LangIDStrDescriptor
                0x0800bf84        0xc e:/niu/Flow/Build/px4flow-v2_default.build/e/niu/Flow/src/modules/flow/module.pre.o
                0x0800bf84                USBD_USR_LangIDStrDescriptor
 .text.USBD_USR_ManufacturerStrDescriptor
                0x0800bf90       0x1c e:/niu/Flow/Build/px4flow-v2_default.build/e/niu/Flow/src/modules/flow/module.pre.o
                0x0800bf90                USBD_USR_ManufacturerStrDescriptor
 .text.USBD_USR_ProductStrDescriptor
                0x0800bfac       0x1c e:/niu/Flow/Build/px4flow-v2_default.build/e/niu/Flow/src/modules/flow/module.pre.o
                0x0800bfac                USBD_USR_ProductStrDescriptor
 .text.USBD_USR_SerialStrDescriptor
                0x0800bfc8       0x1c e:/niu/Flow/Build/px4flow-v2_default.build/e/niu/Flow/src/modules/flow/module.pre.o
                0x0800bfc8                USBD_USR_SerialStrDescriptor
 .text.USBD_USR_ConfigStrDescriptor
                0x0800bfe4       0x1c e:/niu/Flow/Build/px4flow-v2_default.build/e/niu/Flow/src/modules/flow/module.pre.o
                0x0800bfe4                USBD_USR_ConfigStrDescriptor
 .text.USBD_USR_InterfaceStrDescriptor
                0x0800c000       0x1c e:/niu/Flow/Build/px4flow-v2_default.build/e/niu/Flow/src/modules/flow/module.pre.o
                0x0800c000                USBD_USR_InterfaceStrDescriptor
 .text.USBD_USR_Init
                0x0800c01c        0x4 e:/niu/Flow/Build/px4flow-v2_default.build/e/niu/Flow/src/modules/flow/module.pre.o
                0x0800c01c                USBD_USR_Init
 .text.USBD_USR_DeviceReset
                0x0800c020        0x4 e:/niu/Flow/Build/px4flow-v2_default.build/e/niu/Flow/src/modules/flow/module.pre.o
                0x0800c020                USBD_USR_DeviceReset
 .text.USBD_USR_DeviceConfigured
                0x0800c024        0x4 e:/niu/Flow/Build/px4flow-v2_default.build/e/niu/Flow/src/modules/flow/module.pre.o
                0x0800c024                USBD_USR_DeviceConfigured
 .text.USBD_USR_DeviceSuspended
                0x0800c028        0x4 e:/niu/Flow/Build/px4flow-v2_default.build/e/niu/Flow/src/modules/flow/module.pre.o
                0x0800c028                USBD_USR_DeviceSuspended
 .text.USBD_USR_DeviceResumed
                0x0800c02c        0x4 e:/niu/Flow/Build/px4flow-v2_default.build/e/niu/Flow/src/modules/flow/module.pre.o
                0x0800c02c                USBD_USR_DeviceResumed
 .text.USBD_USR_DeviceConnected
                0x0800c030        0x4 e:/niu/Flow/Build/px4flow-v2_default.build/e/niu/Flow/src/modules/flow/module.pre.o
                0x0800c030                USBD_USR_DeviceConnected
 .text.USBD_USR_DeviceDisconnected
                0x0800c034        0x4 e:/niu/Flow/Build/px4flow-v2_default.build/e/niu/Flow/src/modules/flow/module.pre.o
                0x0800c034                USBD_USR_DeviceDisconnected
 .text.i2c_init
                0x0800c038      0x184 e:/niu/Flow/Build/px4flow-v2_default.build/e/niu/Flow/src/modules/flow/module.pre.o
                0x0800c038                i2c_init
 .text.I2C1_EV_IRQHandler
                0x0800c1bc      0x13c e:/niu/Flow/Build/px4flow-v2_default.build/e/niu/Flow/src/modules/flow/module.pre.o
                0x0800c1bc                I2C1_EV_IRQHandler
 .text.I2C1_ER_IRQHandler
                0x0800c2f8       0x20 e:/niu/Flow/Build/px4flow-v2_default.build/e/niu/Flow/src/modules/flow/module.pre.o
                0x0800c2f8                I2C1_ER_IRQHandler
 .text.update_TX_buffer
                0x0800c318      0x42c e:/niu/Flow/Build/px4flow-v2_default.build/e/niu/Flow/src/modules/flow/module.pre.o
                0x0800c318                update_TX_buffer
 .text.up_systemreset
                0x0800c744       0x1c e:/niu/Flow/Build/px4flow-v2_default.build/e/niu/Flow/src/modules/flow/module.pre.o
                0x0800c744                up_systemreset
 .text.systemreset
                0x0800c760       0x24 e:/niu/Flow/Build/px4flow-v2_default.build/e/niu/Flow/src/modules/flow/module.pre.o
                0x0800c760                systemreset
 .text.NVIC_PriorityGroupConfig
                0x0800c784       0x14 e:/niu/Flow/Build/px4flow-v2_default.build/e/niu/Flow/src/modules/flow/module.pre.o
                0x0800c784                NVIC_PriorityGroupConfig
 .text.NVIC_Init
                0x0800c798       0x78 e:/niu/Flow/Build/px4flow-v2_default.build/e/niu/Flow/src/modules/flow/module.pre.o
                0x0800c798                NVIC_Init
 .text.RCC_GetClocksFreq
                0x0800c810       0x90 e:/niu/Flow/Build/px4flow-v2_default.build/e/niu/Flow/src/modules/flow/module.pre.o
                0x0800c810                RCC_GetClocksFreq
 .text.RCC_AHB1PeriphClockCmd
                0x0800c8a0       0x18 e:/niu/Flow/Build/px4flow-v2_default.build/e/niu/Flow/src/modules/flow/module.pre.o
                0x0800c8a0                RCC_AHB1PeriphClockCmd
 .text.RCC_AHB2PeriphClockCmd
                0x0800c8b8       0x18 e:/niu/Flow/Build/px4flow-v2_default.build/e/niu/Flow/src/modules/flow/module.pre.o
                0x0800c8b8                RCC_AHB2PeriphClockCmd
 .text.RCC_APB1PeriphClockCmd
                0x0800c8d0       0x18 e:/niu/Flow/Build/px4flow-v2_default.build/e/niu/Flow/src/modules/flow/module.pre.o
                0x0800c8d0                RCC_APB1PeriphClockCmd
 .text.RCC_APB2PeriphClockCmd
                0x0800c8e8       0x18 e:/niu/Flow/Build/px4flow-v2_default.build/e/niu/Flow/src/modules/flow/module.pre.o
                0x0800c8e8                RCC_APB2PeriphClockCmd
 .text.RCC_APB1PeriphResetCmd
                0x0800c900       0x18 e:/niu/Flow/Build/px4flow-v2_default.build/e/niu/Flow/src/modules/flow/module.pre.o
                0x0800c900                RCC_APB1PeriphResetCmd
 .text.DMA_DeInit
                0x0800c918      0x130 e:/niu/Flow/Build/px4flow-v2_default.build/e/niu/Flow/src/modules/flow/module.pre.o
                0x0800c918                DMA_DeInit
 .text.DMA_Init
                0x0800ca48       0x68 e:/niu/Flow/Build/px4flow-v2_default.build/e/niu/Flow/src/modules/flow/module.pre.o
                0x0800ca48                DMA_Init
 .text.DMA_Cmd  0x0800cab0       0x14 e:/niu/Flow/Build/px4flow-v2_default.build/e/niu/Flow/src/modules/flow/module.pre.o
                0x0800cab0                DMA_Cmd
 .text.DMA_DoubleBufferModeConfig
                0x0800cac4       0x18 e:/niu/Flow/Build/px4flow-v2_default.build/e/niu/Flow/src/modules/flow/module.pre.o
                0x0800cac4                DMA_DoubleBufferModeConfig
 .text.DMA_DoubleBufferModeCmd
                0x0800cadc       0x14 e:/niu/Flow/Build/px4flow-v2_default.build/e/niu/Flow/src/modules/flow/module.pre.o
                0x0800cadc                DMA_DoubleBufferModeCmd
 .text.DMA_MemoryTargetConfig
                0x0800caf0        0xc e:/niu/Flow/Build/px4flow-v2_default.build/e/niu/Flow/src/modules/flow/module.pre.o
                0x0800caf0                DMA_MemoryTargetConfig
 .text.DMA_GetCurrentMemoryTarget
                0x0800cafc        0x8 e:/niu/Flow/Build/px4flow-v2_default.build/e/niu/Flow/src/modules/flow/module.pre.o
                0x0800cafc                DMA_GetCurrentMemoryTarget
 .text.DMA_ITConfig
                0x0800cb04       0x40 e:/niu/Flow/Build/px4flow-v2_default.build/e/niu/Flow/src/modules/flow/module.pre.o
                0x0800cb04                DMA_ITConfig
 .text.DMA_GetITStatus
                0x0800cb44       0x54 e:/niu/Flow/Build/px4flow-v2_default.build/e/niu/Flow/src/modules/flow/module.pre.o
                0x0800cb44                DMA_GetITStatus
 .text.DMA_ClearITPendingBit
                0x0800cb98       0x34 e:/niu/Flow/Build/px4flow-v2_default.build/e/niu/Flow/src/modules/flow/module.pre.o
                0x0800cb98                DMA_ClearITPendingBit
 .text.DCMI_Init
                0x0800cbcc       0x48 e:/niu/Flow/Build/px4flow-v2_default.build/e/niu/Flow/src/modules/flow/module.pre.o
                0x0800cbcc                DCMI_Init
 .text.DCMI_Cmd
                0x0800cc14       0x1c e:/niu/Flow/Build/px4flow-v2_default.build/e/niu/Flow/src/modules/flow/module.pre.o
                0x0800cc14                DCMI_Cmd
 .text.DCMI_CaptureCmd
                0x0800cc30       0x1c e:/niu/Flow/Build/px4flow-v2_default.build/e/niu/Flow/src/modules/flow/module.pre.o
                0x0800cc30                DCMI_CaptureCmd
 .text.DCMI_GetITStatus
                0x0800cc4c       0x14 e:/niu/Flow/Build/px4flow-v2_default.build/e/niu/Flow/src/modules/flow/module.pre.o
                0x0800cc4c                DCMI_GetITStatus
 .text.DCMI_ClearITPendingBit
                0x0800cc60        0xc e:/niu/Flow/Build/px4flow-v2_default.build/e/niu/Flow/src/modules/flow/module.pre.o
                0x0800cc60                DCMI_ClearITPendingBit
 .text.I2C_DeInit
                0x0800cc6c       0x6c e:/niu/Flow/Build/px4flow-v2_default.build/e/niu/Flow/src/modules/flow/module.pre.o
                0x0800cc6c                I2C_DeInit
 .text.I2C_Init
                0x0800ccd8       0xe0 e:/niu/Flow/Build/px4flow-v2_default.build/e/niu/Flow/src/modules/flow/module.pre.o
                0x0800ccd8                I2C_Init
 .text.I2C_Cmd  0x0800cdb8       0x1c e:/niu/Flow/Build/px4flow-v2_default.build/e/niu/Flow/src/modules/flow/module.pre.o
                0x0800cdb8                I2C_Cmd
 .text.I2C_GenerateSTART
                0x0800cdd4       0x1c e:/niu/Flow/Build/px4flow-v2_default.build/e/niu/Flow/src/modules/flow/module.pre.o
                0x0800cdd4                I2C_GenerateSTART
 .text.I2C_GenerateSTOP
                0x0800cdf0       0x1c e:/niu/Flow/Build/px4flow-v2_default.build/e/niu/Flow/src/modules/flow/module.pre.o
                0x0800cdf0                I2C_GenerateSTOP
 .text.I2C_Send7bitAddress
                0x0800ce0c       0x14 e:/niu/Flow/Build/px4flow-v2_default.build/e/niu/Flow/src/modules/flow/module.pre.o
                0x0800ce0c                I2C_Send7bitAddress
 .text.I2C_AcknowledgeConfig
                0x0800ce20       0x1c e:/niu/Flow/Build/px4flow-v2_default.build/e/niu/Flow/src/modules/flow/module.pre.o
                0x0800ce20                I2C_AcknowledgeConfig
 .text.I2C_SoftwareResetCmd
                0x0800ce3c       0x1c e:/niu/Flow/Build/px4flow-v2_default.build/e/niu/Flow/src/modules/flow/module.pre.o
                0x0800ce3c                I2C_SoftwareResetCmd
 .text.I2C_StretchClockCmd
                0x0800ce58       0x1c e:/niu/Flow/Build/px4flow-v2_default.build/e/niu/Flow/src/modules/flow/module.pre.o
                0x0800ce58                I2C_StretchClockCmd
 .text.I2C_SendData
                0x0800ce74        0x4 e:/niu/Flow/Build/px4flow-v2_default.build/e/niu/Flow/src/modules/flow/module.pre.o
                0x0800ce74                I2C_SendData
 .text.I2C_ReceiveData
                0x0800ce78        0x8 e:/niu/Flow/Build/px4flow-v2_default.build/e/niu/Flow/src/modules/flow/module.pre.o
                0x0800ce78                I2C_ReceiveData
 .text.I2C_ReadRegister
                0x0800ce80       0x18 e:/niu/Flow/Build/px4flow-v2_default.build/e/niu/Flow/src/modules/flow/module.pre.o
                0x0800ce80                I2C_ReadRegister
 .text.I2C_ITConfig
                0x0800ce98       0x14 e:/niu/Flow/Build/px4flow-v2_default.build/e/niu/Flow/src/modules/flow/module.pre.o
                0x0800ce98                I2C_ITConfig
 .text.I2C_CheckEvent
                0x0800ceac       0x18 e:/niu/Flow/Build/px4flow-v2_default.build/e/niu/Flow/src/modules/flow/module.pre.o
                0x0800ceac                I2C_CheckEvent
 .text.I2C_GetLastEvent
                0x0800cec4       0x10 e:/niu/Flow/Build/px4flow-v2_default.build/e/niu/Flow/src/modules/flow/module.pre.o
                0x0800cec4                I2C_GetLastEvent
 .text.TIM_TimeBaseInit
                0x0800ced4       0xa4 e:/niu/Flow/Build/px4flow-v2_default.build/e/niu/Flow/src/modules/flow/module.pre.o
                0x0800ced4                TIM_TimeBaseInit
 .text.TIM_ARRPreloadConfig
                0x0800cf78       0x1c e:/niu/Flow/Build/px4flow-v2_default.build/e/niu/Flow/src/modules/flow/module.pre.o
                0x0800cf78                TIM_ARRPreloadConfig
 .text.TIM_Cmd  0x0800cf94       0x1c e:/niu/Flow/Build/px4flow-v2_default.build/e/niu/Flow/src/modules/flow/module.pre.o
                0x0800cf94                TIM_Cmd
 .text.TIM_OC3Init
                0x0800cfb0       0x8c e:/niu/Flow/Build/px4flow-v2_default.build/e/niu/Flow/src/modules/flow/module.pre.o
                0x0800cfb0                TIM_OC3Init
 .text.TIM_OC3PreloadConfig
                0x0800d03c       0x10 e:/niu/Flow/Build/px4flow-v2_default.build/e/niu/Flow/src/modules/flow/module.pre.o
                0x0800d03c                TIM_OC3PreloadConfig
 .text.TIM_CtrlPWMOutputs
                0x0800d04c       0x20 e:/niu/Flow/Build/px4flow-v2_default.build/e/niu/Flow/src/modules/flow/module.pre.o
                0x0800d04c                TIM_CtrlPWMOutputs
 .text.TIM_CCPreloadControl
                0x0800d06c       0x1c e:/niu/Flow/Build/px4flow-v2_default.build/e/niu/Flow/src/modules/flow/module.pre.o
                0x0800d06c                TIM_CCPreloadControl
 .text.SPI_Init
                0x0800d088       0x50 e:/niu/Flow/Build/px4flow-v2_default.build/e/niu/Flow/src/modules/flow/module.pre.o
                0x0800d088                SPI_Init
 .text.SPI_Cmd  0x0800d0d8       0x1c e:/niu/Flow/Build/px4flow-v2_default.build/e/niu/Flow/src/modules/flow/module.pre.o
                0x0800d0d8                SPI_Cmd
 .text.SPI_I2S_ReceiveData
                0x0800d0f4        0x8 e:/niu/Flow/Build/px4flow-v2_default.build/e/niu/Flow/src/modules/flow/module.pre.o
                0x0800d0f4                SPI_I2S_ReceiveData
 .text.SPI_I2S_SendData
                0x0800d0fc        0x4 e:/niu/Flow/Build/px4flow-v2_default.build/e/niu/Flow/src/modules/flow/module.pre.o
                0x0800d0fc                SPI_I2S_SendData
 .text.SPI_I2S_GetFlagStatus
                0x0800d100        0xc e:/niu/Flow/Build/px4flow-v2_default.build/e/niu/Flow/src/modules/flow/module.pre.o
                0x0800d100                SPI_I2S_GetFlagStatus
 .text.USART_Init
                0x0800d10c       0xc4 e:/niu/Flow/Build/px4flow-v2_default.build/e/niu/Flow/src/modules/flow/module.pre.o
                0x0800d10c                USART_Init
 .text.USART_Cmd
                0x0800d1d0       0x1c e:/niu/Flow/Build/px4flow-v2_default.build/e/niu/Flow/src/modules/flow/module.pre.o
                0x0800d1d0                USART_Cmd
 .text.USART_SendData
                0x0800d1ec        0x8 e:/niu/Flow/Build/px4flow-v2_default.build/e/niu/Flow/src/modules/flow/module.pre.o
                0x0800d1ec                USART_SendData
 .text.USART_ReceiveData
                0x0800d1f4        0x8 e:/niu/Flow/Build/px4flow-v2_default.build/e/niu/Flow/src/modules/flow/module.pre.o
                0x0800d1f4                USART_ReceiveData
 .text.USART_ITConfig
                0x0800d1fc       0x3c e:/niu/Flow/Build/px4flow-v2_default.build/e/niu/Flow/src/modules/flow/module.pre.o
                0x0800d1fc                USART_ITConfig
 .text.USART_GetITStatus
                0x0800d238       0x4c e:/niu/Flow/Build/px4flow-v2_default.build/e/niu/Flow/src/modules/flow/module.pre.o
                0x0800d238                USART_GetITStatus
 .text.GPIO_Init
                0x0800d284       0xb8 e:/niu/Flow/Build/px4flow-v2_default.build/e/niu/Flow/src/modules/flow/module.pre.o
                0x0800d284                GPIO_Init
 .text.GPIO_ReadInputData
                0x0800d33c        0x8 e:/niu/Flow/Build/px4flow-v2_default.build/e/niu/Flow/src/modules/flow/module.pre.o
                0x0800d33c                GPIO_ReadInputData
 .text.GPIO_SetBits
                0x0800d344        0x4 e:/niu/Flow/Build/px4flow-v2_default.build/e/niu/Flow/src/modules/flow/module.pre.o
                0x0800d344                GPIO_SetBits
 .text.GPIO_ResetBits
                0x0800d348        0x4 e:/niu/Flow/Build/px4flow-v2_default.build/e/niu/Flow/src/modules/flow/module.pre.o
                0x0800d348                GPIO_ResetBits
 .text.GPIO_ToggleBits
                0x0800d34c        0x8 e:/niu/Flow/Build/px4flow-v2_default.build/e/niu/Flow/src/modules/flow/module.pre.o
                0x0800d34c                GPIO_ToggleBits
 .text.GPIO_PinAFConfig
                0x0800d354       0x28 e:/niu/Flow/Build/px4flow-v2_default.build/e/niu/Flow/src/modules/flow/module.pre.o
                0x0800d354                GPIO_PinAFConfig
 .text.USB_OTG_WritePacket
                0x0800d37c       0x28 e:/niu/Flow/Build/px4flow-v2_default.build/e/niu/Flow/src/modules/flow/module.pre.o
                0x0800d37c                USB_OTG_WritePacket
 .text.USB_OTG_ReadPacket
                0x0800d3a4       0x28 e:/niu/Flow/Build/px4flow-v2_default.build/e/niu/Flow/src/modules/flow/module.pre.o
                0x0800d3a4                USB_OTG_ReadPacket
 .text.USB_OTG_SelectCore
                0x0800d3cc      0x348 e:/niu/Flow/Build/px4flow-v2_default.build/e/niu/Flow/src/modules/flow/module.pre.o
                0x0800d3cc                USB_OTG_SelectCore
 .text.USB_OTG_CoreInit
                0x0800d714      0x13c e:/niu/Flow/Build/px4flow-v2_default.build/e/niu/Flow/src/modules/flow/module.pre.o
                0x0800d714                USB_OTG_CoreInit
 .text.USB_OTG_EnableGlobalInt
                0x0800d850       0x10 e:/niu/Flow/Build/px4flow-v2_default.build/e/niu/Flow/src/modules/flow/module.pre.o
                0x0800d850                USB_OTG_EnableGlobalInt
 .text.USB_OTG_DisableGlobalInt
                0x0800d860       0x10 e:/niu/Flow/Build/px4flow-v2_default.build/e/niu/Flow/src/modules/flow/module.pre.o
                0x0800d860                USB_OTG_DisableGlobalInt
 .text.USB_OTG_FlushTxFifo
                0x0800d870       0x48 e:/niu/Flow/Build/px4flow-v2_default.build/e/niu/Flow/src/modules/flow/module.pre.o
                0x0800d870                USB_OTG_FlushTxFifo
 .text.USB_OTG_SetCurrentMode
                0x0800d8b8       0x2c e:/niu/Flow/Build/px4flow-v2_default.build/e/niu/Flow/src/modules/flow/module.pre.o
                0x0800d8b8                USB_OTG_SetCurrentMode
 .text.USB_OTG_IsDeviceMode
                0x0800d8e4       0x10 e:/niu/Flow/Build/px4flow-v2_default.build/e/niu/Flow/src/modules/flow/module.pre.o
                0x0800d8e4                USB_OTG_IsDeviceMode
 .text.USB_OTG_ReadCoreItr
                0x0800d8f4        0xc e:/niu/Flow/Build/px4flow-v2_default.build/e/niu/Flow/src/modules/flow/module.pre.o
                0x0800d8f4                USB_OTG_ReadCoreItr
 .text.USB_OTG_CoreInitDev
                0x0800d900      0x1c8 e:/niu/Flow/Build/px4flow-v2_default.build/e/niu/Flow/src/modules/flow/module.pre.o
                0x0800d900                USB_OTG_CoreInitDev
 .text.USB_OTG_GetDeviceSpeed
                0x0800dac8       0x20 e:/niu/Flow/Build/px4flow-v2_default.build/e/niu/Flow/src/modules/flow/module.pre.o
                0x0800dac8                USB_OTG_GetDeviceSpeed
 .text.USB_OTG_EP0Activate
                0x0800dae8       0x2c e:/niu/Flow/Build/px4flow-v2_default.build/e/niu/Flow/src/modules/flow/module.pre.o
                0x0800dae8                USB_OTG_EP0Activate
 .text.USB_OTG_EPActivate
                0x0800db14       0x60 e:/niu/Flow/Build/px4flow-v2_default.build/e/niu/Flow/src/modules/flow/module.pre.o
                0x0800db14                USB_OTG_EPActivate
 .text.USB_OTG_EPDeactivate
                0x0800db74       0x44 e:/niu/Flow/Build/px4flow-v2_default.build/e/niu/Flow/src/modules/flow/module.pre.o
                0x0800db74                USB_OTG_EPDeactivate
 .text.USB_OTG_EPStartXfer
                0x0800dbb8      0x13c e:/niu/Flow/Build/px4flow-v2_default.build/e/niu/Flow/src/modules/flow/module.pre.o
                0x0800dbb8                USB_OTG_EPStartXfer
 .text.USB_OTG_EP0StartXfer
                0x0800dcf4      0x100 e:/niu/Flow/Build/px4flow-v2_default.build/e/niu/Flow/src/modules/flow/module.pre.o
                0x0800dcf4                USB_OTG_EP0StartXfer
 .text.USB_OTG_EPSetStall
                0x0800ddf4       0x30 e:/niu/Flow/Build/px4flow-v2_default.build/e/niu/Flow/src/modules/flow/module.pre.o
                0x0800ddf4                USB_OTG_EPSetStall
 .text.USB_OTG_EPClearStall
                0x0800de24       0x2c e:/niu/Flow/Build/px4flow-v2_default.build/e/niu/Flow/src/modules/flow/module.pre.o
                0x0800de24                USB_OTG_EPClearStall
 .text.USB_OTG_ReadDevAllOutEp_itr
                0x0800de50        0xc e:/niu/Flow/Build/px4flow-v2_default.build/e/niu/Flow/src/modules/flow/module.pre.o
                0x0800de50                USB_OTG_ReadDevAllOutEp_itr
 .text.USB_OTG_ReadDevOutEP_itr
                0x0800de5c       0x10 e:/niu/Flow/Build/px4flow-v2_default.build/e/niu/Flow/src/modules/flow/module.pre.o
                0x0800de5c                USB_OTG_ReadDevOutEP_itr
 .text.USB_OTG_ReadDevAllInEPItr
                0x0800de6c        0xc e:/niu/Flow/Build/px4flow-v2_default.build/e/niu/Flow/src/modules/flow/module.pre.o
                0x0800de6c                USB_OTG_ReadDevAllInEPItr
 .text.USB_OTG_EP0_OutStart
                0x0800de78       0x48 e:/niu/Flow/Build/px4flow-v2_default.build/e/niu/Flow/src/modules/flow/module.pre.o
                0x0800de78                USB_OTG_EP0_OutStart
 .text.USBD_OTG_ISR_Handler
                0x0800dec0      0x590 e:/niu/Flow/Build/px4flow-v2_default.build/e/niu/Flow/src/modules/flow/module.pre.o
                0x0800dec0                USBD_OTG_ISR_Handler
 .text.DCD_Init
                0x0800e450       0x9c e:/niu/Flow/Build/px4flow-v2_default.build/e/niu/Flow/src/modules/flow/module.pre.o
                0x0800e450                DCD_Init
 .text.DCD_EP_Open
                0x0800e4ec       0x50 e:/niu/Flow/Build/px4flow-v2_default.build/e/niu/Flow/src/modules/flow/module.pre.o
                0x0800e4ec                DCD_EP_Open
 .text.DCD_EP_Close
                0x0800e53c       0x38 e:/niu/Flow/Build/px4flow-v2_default.build/e/niu/Flow/src/modules/flow/module.pre.o
                0x0800e53c                DCD_EP_Close
 .text.DCD_EP_PrepareRx
                0x0800e574       0x3c e:/niu/Flow/Build/px4flow-v2_default.build/e/niu/Flow/src/modules/flow/module.pre.o
                0x0800e574                DCD_EP_PrepareRx
 .text.DCD_EP_Tx
                0x0800e5b0       0x38 e:/niu/Flow/Build/px4flow-v2_default.build/e/niu/Flow/src/modules/flow/module.pre.o
                0x0800e5b0                DCD_EP_Tx
 .text.DCD_EP_Stall
                0x0800e5e8       0x3c e:/niu/Flow/Build/px4flow-v2_default.build/e/niu/Flow/src/modules/flow/module.pre.o
                0x0800e5e8                DCD_EP_Stall
 .text.DCD_EP_ClrStall
                0x0800e624       0x3c e:/niu/Flow/Build/px4flow-v2_default.build/e/niu/Flow/src/modules/flow/module.pre.o
                0x0800e624                DCD_EP_ClrStall
 .text.DCD_EP_SetAddress
                0x0800e660       0x10 e:/niu/Flow/Build/px4flow-v2_default.build/e/niu/Flow/src/modules/flow/module.pre.o
                0x0800e660                DCD_EP_SetAddress
 .text.USBD_Resume
                0x0800e670       0x18 e:/niu/Flow/Build/px4flow-v2_default.build/e/niu/Flow/src/modules/flow/module.pre.o
 .text.USBD_Suspend
                0x0800e688       0x1c e:/niu/Flow/Build/px4flow-v2_default.build/e/niu/Flow/src/modules/flow/module.pre.o
 .text.USBD_SOF
                0x0800e6a4       0x10 e:/niu/Flow/Build/px4flow-v2_default.build/e/niu/Flow/src/modules/flow/module.pre.o
 .text.USBD_IsoINIncomplete
                0x0800e6b4       0x10 e:/niu/Flow/Build/px4flow-v2_default.build/e/niu/Flow/src/modules/flow/module.pre.o
 .text.USBD_IsoOUTIncomplete
                0x0800e6c4       0x10 e:/niu/Flow/Build/px4flow-v2_default.build/e/niu/Flow/src/modules/flow/module.pre.o
 .text.USBD_DevConnected
                0x0800e6d4       0x18 e:/niu/Flow/Build/px4flow-v2_default.build/e/niu/Flow/src/modules/flow/module.pre.o
 .text.USBD_DevDisconnected
                0x0800e6ec       0x20 e:/niu/Flow/Build/px4flow-v2_default.build/e/niu/Flow/src/modules/flow/module.pre.o
 .text.USBD_Reset
                0x0800e70c       0x30 e:/niu/Flow/Build/px4flow-v2_default.build/e/niu/Flow/src/modules/flow/module.pre.o
 .text.USBD_SetupStage
                0x0800e73c       0x58 e:/niu/Flow/Build/px4flow-v2_default.build/e/niu/Flow/src/modules/flow/module.pre.o
 .text.USBD_DataInStage
                0x0800e794       0xb8 e:/niu/Flow/Build/px4flow-v2_default.build/e/niu/Flow/src/modules/flow/module.pre.o
 .text.USBD_DataOutStage
                0x0800e84c       0x78 e:/niu/Flow/Build/px4flow-v2_default.build/e/niu/Flow/src/modules/flow/module.pre.o
 .text.USBD_Init
                0x0800e8c4       0x38 e:/niu/Flow/Build/px4flow-v2_default.build/e/niu/Flow/src/modules/flow/module.pre.o
                0x0800e8c4                USBD_Init
 .text.USBD_SetCfg
                0x0800e8fc       0x18 e:/niu/Flow/Build/px4flow-v2_default.build/e/niu/Flow/src/modules/flow/module.pre.o
                0x0800e8fc                USBD_SetCfg
 .text.USBD_ClrCfg
                0x0800e914       0x10 e:/niu/Flow/Build/px4flow-v2_default.build/e/niu/Flow/src/modules/flow/module.pre.o
                0x0800e914                USBD_ClrCfg
 .text.USBD_StdDevReq
                0x0800e924      0x2ec e:/niu/Flow/Build/px4flow-v2_default.build/e/niu/Flow/src/modules/flow/module.pre.o
                0x0800e924                USBD_StdDevReq
 .text.USBD_StdItfReq
                0x0800ec10       0x44 e:/niu/Flow/Build/px4flow-v2_default.build/e/niu/Flow/src/modules/flow/module.pre.o
                0x0800ec10                USBD_StdItfReq
 .text.USBD_StdEPReq
                0x0800ec54       0xd4 e:/niu/Flow/Build/px4flow-v2_default.build/e/niu/Flow/src/modules/flow/module.pre.o
                0x0800ec54                USBD_StdEPReq
 .text.USBD_ParseSetupRequest
                0x0800ed28       0x44 e:/niu/Flow/Build/px4flow-v2_default.build/e/niu/Flow/src/modules/flow/module.pre.o
                0x0800ed28                USBD_ParseSetupRequest
 .text.USBD_CtlError
                0x0800ed6c       0x1c e:/niu/Flow/Build/px4flow-v2_default.build/e/niu/Flow/src/modules/flow/module.pre.o
                0x0800ed6c                USBD_CtlError
 .text.USBD_GetString
                0x0800ed88       0x4c e:/niu/Flow/Build/px4flow-v2_default.build/e/niu/Flow/src/modules/flow/module.pre.o
                0x0800ed88                USBD_GetString
 .text.USBD_CtlSendData
                0x0800edd4       0x20 e:/niu/Flow/Build/px4flow-v2_default.build/e/niu/Flow/src/modules/flow/module.pre.o
                0x0800edd4                USBD_CtlSendData
 .text.USBD_CtlContinueSendData
                0x0800edf4       0x10 e:/niu/Flow/Build/px4flow-v2_default.build/e/niu/Flow/src/modules/flow/module.pre.o
                0x0800edf4                USBD_CtlContinueSendData
 .text.USBD_CtlPrepareRx
                0x0800ee04       0x20 e:/niu/Flow/Build/px4flow-v2_default.build/e/niu/Flow/src/modules/flow/module.pre.o
                0x0800ee04                USBD_CtlPrepareRx
 .text.USBD_CtlContinueRx
                0x0800ee24       0x10 e:/niu/Flow/Build/px4flow-v2_default.build/e/niu/Flow/src/modules/flow/module.pre.o
                0x0800ee24                USBD_CtlContinueRx
 .text.USBD_CtlSendStatus
                0x0800ee34       0x20 e:/niu/Flow/Build/px4flow-v2_default.build/e/niu/Flow/src/modules/flow/module.pre.o
                0x0800ee34                USBD_CtlSendStatus
 .text.USBD_CtlReceiveStatus
                0x0800ee54       0x20 e:/niu/Flow/Build/px4flow-v2_default.build/e/niu/Flow/src/modules/flow/module.pre.o
                0x0800ee54                USBD_CtlReceiveStatus
 .text.usbd_cdc_EP0_RxReady
                0x0800ee74       0x30 e:/niu/Flow/Build/px4flow-v2_default.build/e/niu/Flow/src/modules/flow/module.pre.o
 .text.USBD_cdc_GetCfgDesc
                0x0800eea4        0xc e:/niu/Flow/Build/px4flow-v2_default.build/e/niu/Flow/src/modules/flow/module.pre.o
 .text.usbd_cdc_SOF
                0x0800eeb0       0x94 e:/niu/Flow/Build/px4flow-v2_default.build/e/niu/Flow/src/modules/flow/module.pre.o
 .text.usbd_cdc_DataOut
                0x0800ef44       0x34 e:/niu/Flow/Build/px4flow-v2_default.build/e/niu/Flow/src/modules/flow/module.pre.o
 .text.usbd_cdc_Setup
                0x0800ef78       0xcc e:/niu/Flow/Build/px4flow-v2_default.build/e/niu/Flow/src/modules/flow/module.pre.o
 .text.usbd_cdc_DeInit
                0x0800f044       0x28 e:/niu/Flow/Build/px4flow-v2_default.build/e/niu/Flow/src/modules/flow/module.pre.o
 .text.usbd_cdc_Init
                0x0800f06c       0x54 e:/niu/Flow/Build/px4flow-v2_default.build/e/niu/Flow/src/modules/flow/module.pre.o
 .text.usbd_cdc_DataIn
                0x0800f0c0       0x58 e:/niu/Flow/Build/px4flow-v2_default.build/e/niu/Flow/src/modules/flow/module.pre.o
 .text.__libc_init_array
                0x0800f118       0x4c e:/niu/Flow/Build/px4flow-v2_default.build/e/niu/Flow/src/modules/libc/module.pre.o
                0x0800f118                __libc_init_array
 .text.strncmp  0x0800f164       0x3c e:/niu/Flow/Build/px4flow-v2_default.build/e/niu/Flow/src/modules/libc/module.pre.o
                0x0800f164                strncmp
 .text.memcpy   0x0800f1a0       0x80 e:/niu/Flow/Build/px4flow-v2_default.build/e/niu/Flow/src/modules/libc/module.pre.o
                0x0800f1a0                memcpy
 .text.memset   0x0800f220       0x60 e:/niu/Flow/Build/px4flow-v2_default.build/e/niu/Flow/src/modules/libc/module.pre.o
                0x0800f220                memset
 .text.strcpy   0x0800f280       0x10 e:/niu/Flow/Build/px4flow-v2_default.build/e/niu/Flow/src/modules/libc/module.pre.o
                0x0800f280                strcpy
 .text.strncpy  0x0800f290       0x38 e:/niu/Flow/Build/px4flow-v2_default.build/e/niu/Flow/src/modules/libc/module.pre.o
                0x0800f290                strncpy
 .text.strlen   0x0800f2c8       0x18 e:/niu/Flow/Build/px4flow-v2_default.build/e/niu/Flow/src/modules/libc/module.pre.o
                0x0800f2c8                strlen
 .text.strncat  0x0800f2e0       0x34 e:/niu/Flow/Build/px4flow-v2_default.build/e/niu/Flow/src/modules/libc/module.pre.o
                0x0800f2e0                strncat
 .text.lib_skipspace
                0x0800f314       0x20 e:/niu/Flow/Build/px4flow-v2_default.build/e/niu/Flow/src/modules/libc/module.pre.o
                0x0800f314                lib_skipspace
 .text.lib_isbasedigit
                0x0800f334       0x50 e:/niu/Flow/Build/px4flow-v2_default.build/e/niu/Flow/src/modules/libc/module.pre.o
                0x0800f334                lib_isbasedigit
 .text.printf   0x0800f384       0x10 e:/niu/Flow/Build/px4flow-v2_default.build/e/niu/Flow/src/modules/libc/module.pre.o
                0x0800f384                printf
 .text.strtol   0x0800f394       0x48 e:/niu/Flow/Build/px4flow-v2_default.build/e/niu/Flow/src/modules/libc/module.pre.o
                0x0800f394                strtol
 .text.strtoul  0x0800f3dc       0x4c e:/niu/Flow/Build/px4flow-v2_default.build/e/niu/Flow/src/modules/libc/module.pre.o
                0x0800f3dc                strtoul
 .text.lib_checkbase
                0x0800f428       0x54 e:/niu/Flow/Build/px4flow-v2_default.build/e/niu/Flow/src/modules/libc/module.pre.o
                0x0800f428                lib_checkbase
 .text._ZdlPv   0x0800f47c        0x4 e:/niu/Flow/Build/px4flow-v2_default.build/e/niu/Flow/src/modules/libcxx/module.pre.o
                0x0800f47c                operator delete(void*)
 .text.__aeabi_atexit
                0x0800f480        0x4 e:/niu/Flow/Build/px4flow-v2_default.build/e/niu/Flow/src/modules/libcxx/module.pre.o
                0x0800f480                __aeabi_atexit
 .text.__cxa_pure_virtual
                0x0800f484        0x4 e:/niu/Flow/Build/px4flow-v2_default.build/e/niu/Flow/src/modules/libcxx/module.pre.o
                0x0800f484                __cxa_pure_virtual
 .text.abort    0x0800f488        0x4 e:/niu/Flow/Build/px4flow-v2_default.build/e/niu/Flow/src/modules/libcxx/module.pre.o
                0x0800f488                abort
 .text._ZN6uavcan15ITransferBufferD2Ev
                0x0800f48c        0xc e:/niu/Flow/Build/px4flow-v2_default.build/e/niu/Flow/src/modules/uavcannode/module.pre.o
                0x0800f48c                uavcan::ITransferBuffer::~ITransferBuffer()
                0x0800f48c                uavcan::ITransferBuffer::~ITransferBuffer()
 .text._ZN6uavcan14IPoolAllocatorD2Ev
                0x0800f498        0xc e:/niu/Flow/Build/px4flow-v2_default.build/e/niu/Flow/src/modules/uavcannode/module.pre.o
                0x0800f498                uavcan::IPoolAllocator::~IPoolAllocator()
                0x0800f498                uavcan::IPoolAllocator::~IPoolAllocator()
 .text._ZN6uavcan9ICanIfaceD2Ev
                0x0800f4a4        0xc e:/niu/Flow/Build/px4flow-v2_default.build/e/niu/Flow/src/modules/uavcannode/module.pre.o
                0x0800f4a4                uavcan::ICanIface::~ICanIface()
                0x0800f4a4                uavcan::ICanIface::~ICanIface()
 .text._ZN6uavcan10ICanDriverD2Ev
                0x0800f4b0        0xc e:/niu/Flow/Build/px4flow-v2_default.build/e/niu/Flow/src/modules/uavcannode/module.pre.o
                0x0800f4b0                uavcan::ICanDriver::~ICanDriver()
                0x0800f4b0                uavcan::ICanDriver::~ICanDriver()
 .text._ZNK6uavcan10ICanDriver8getIfaceEh
                0x0800f4bc        0xc e:/niu/Flow/Build/px4flow-v2_default.build/e/niu/Flow/src/modules/uavcannode/module.pre.o
                0x0800f4bc                uavcan::ICanDriver::getIface(unsigned char) const
 .text._ZN6uavcan22ITransferBufferManagerD2Ev
                0x0800f4c8        0xc e:/niu/Flow/Build/px4flow-v2_default.build/e/niu/Flow/src/modules/uavcannode/module.pre.o
                0x0800f4c8                uavcan::ITransferBufferManager::~ITransferBufferManager()
                0x0800f4c8                uavcan::ITransferBufferManager::~ITransferBufferManager()
 .text._ZN6uavcan21TransferBufferManagerILt0ELh0EE6accessERKNS_24TransferBufferManagerKeyE
                0x0800f4d4        0x4 e:/niu/Flow/Build/px4flow-v2_default.build/e/niu/Flow/src/modules/uavcannode/module.pre.o
                0x0800f4d4                uavcan::TransferBufferManager<(unsigned short)0, (unsigned char)0>::access(uavcan::TransferBufferManagerKey const&)
 .text._ZN6uavcan21TransferBufferManagerILt0ELh0EE6createERKNS_24TransferBufferManagerKeyE
                0x0800f4d8        0x4 e:/niu/Flow/Build/px4flow-v2_default.build/e/niu/Flow/src/modules/uavcannode/module.pre.o
                0x0800f4d8                uavcan::TransferBufferManager<(unsigned short)0, (unsigned char)0>::create(uavcan::TransferBufferManagerKey const&)
 .text._ZN6uavcan21TransferBufferManagerILt0ELh0EE6removeERKNS_24TransferBufferManagerKeyE
                0x0800f4dc        0x4 e:/niu/Flow/Build/px4flow-v2_default.build/e/niu/Flow/src/modules/uavcannode/module.pre.o
                0x0800f4dc                uavcan::TransferBufferManager<(unsigned short)0, (unsigned char)0>::remove(uavcan::TransferBufferManagerKey const&)
 .text._ZNK6uavcan21TransferBufferManagerILt0ELh0EE7isEmptyEv
                0x0800f4e0        0x4 e:/niu/Flow/Build/px4flow-v2_default.build/e/niu/Flow/src/modules/uavcannode/module.pre.o
                0x0800f4e0                uavcan::TransferBufferManager<(unsigned short)0, (unsigned char)0>::isEmpty() const
 .text._ZN6uavcan25IOutgoingTransferRegistryD2Ev
                0x0800f4e4        0xc e:/niu/Flow/Build/px4flow-v2_default.build/e/niu/Flow/src/modules/uavcannode/module.pre.o
                0x0800f4e4                uavcan::IOutgoingTransferRegistry::~IOutgoingTransferRegistry()
                0x0800f4e4                uavcan::IOutgoingTransferRegistry::~IOutgoingTransferRegistry()
 .text._ZN6uavcan5INodeD2Ev
                0x0800f4f0        0xc e:/niu/Flow/Build/px4flow-v2_default.build/e/niu/Flow/src/modules/uavcannode/module.pre.o
                0x0800f4f0                uavcan::INode::~INode()
                0x0800f4f0                uavcan::INode::~INode()
 .text._ZN6uavcan22IRestartRequestHandlerD2Ev
                0x0800f4fc        0xc e:/niu/Flow/Build/px4flow-v2_default.build/e/niu/Flow/src/modules/uavcannode/module.pre.o
                0x0800f4fc                uavcan::IRestartRequestHandler::~IRestartRequestHandler()
                0x0800f4fc                uavcan::IRestartRequestHandler::~IRestartRequestHandler()
 .text._ZN6uavcan13PoolAllocatorILj2048ELh48EED2Ev
                0x0800f508        0xc e:/niu/Flow/Build/px4flow-v2_default.build/e/niu/Flow/src/modules/uavcannode/module.pre.o
                0x0800f508                uavcan::PoolAllocator<2048u, (unsigned char)48>::~PoolAllocator()
                0x0800f508                uavcan::PoolAllocator<2048u, (unsigned char)48>::~PoolAllocator()
 .text._ZN6uavcan22GlobalDataTypeRegistry5EntryD2Ev
                0x0800f514        0x4 e:/niu/Flow/Build/px4flow-v2_default.build/e/niu/Flow/src/modules/uavcannode/module.pre.o
                0x0800f514                uavcan::GlobalDataTypeRegistry::Entry::~Entry()
                0x0800f514                uavcan::GlobalDataTypeRegistry::Entry::~Entry()
 .text._ZN6uavcan20StaticTransferBufferILt123EED2Ev
                0x0800f518        0xc e:/niu/Flow/Build/px4flow-v2_default.build/e/niu/Flow/src/modules/uavcannode/module.pre.o
                0x0800f518                uavcan::StaticTransferBuffer<(unsigned short)123>::~StaticTransferBuffer()
                0x0800f518                uavcan::StaticTransferBuffer<(unsigned short)123>::~StaticTransferBuffer()
 .text._ZN6uavcan20StaticTransferBufferILt15EED2Ev
                0x0800f524        0xc e:/niu/Flow/Build/px4flow-v2_default.build/e/niu/Flow/src/modules/uavcannode/module.pre.o
                0x0800f524                uavcan::StaticTransferBuffer<(unsigned short)15>::~StaticTransferBuffer()
                0x0800f524                uavcan::StaticTransferBuffer<(unsigned short)15>::~StaticTransferBuffer()
 .text._ZN6uavcan20StaticTransferBufferILt54EED2Ev
                0x0800f530        0xc e:/niu/Flow/Build/px4flow-v2_default.build/e/niu/Flow/src/modules/uavcannode/module.pre.o
                0x0800f530                uavcan::StaticTransferBuffer<(unsigned short)54>::~StaticTransferBuffer()
                0x0800f530                uavcan::StaticTransferBuffer<(unsigned short)54>::~StaticTransferBuffer()
 .text._ZN6uavcan21TransferBufferManagerILt0ELh0EED2Ev
                0x0800f53c        0xc e:/niu/Flow/Build/px4flow-v2_default.build/e/niu/Flow/src/modules/uavcannode/module.pre.o
                0x0800f53c                uavcan::TransferBufferManager<(unsigned short)0, (unsigned char)0>::~TransferBufferManager()
                0x0800f53c                uavcan::TransferBufferManager<(unsigned short)0, (unsigned char)0>::~TransferBufferManager()
 .text._ZN6uavcan32StaticTransferBufferManagerEntryILt84EED2Ev
                0x0800f548        0xc e:/niu/Flow/Build/px4flow-v2_default.build/e/niu/Flow/src/modules/uavcannode/module.pre.o
                0x0800f548                uavcan::StaticTransferBufferManagerEntry<(unsigned short)84>::~StaticTransferBufferManagerEntry()
                0x0800f548                uavcan::StaticTransferBufferManagerEntry<(unsigned short)84>::~StaticTransferBufferManagerEntry()
 .text._ZN6uavcan32StaticTransferBufferManagerEntryILt202EED2Ev
                0x0800f554        0xc e:/niu/Flow/Build/px4flow-v2_default.build/e/niu/Flow/src/modules/uavcannode/module.pre.o
                0x0800f554                uavcan::StaticTransferBufferManagerEntry<(unsigned short)202>::~StaticTransferBufferManagerEntry()
                0x0800f554                uavcan::StaticTransferBufferManagerEntry<(unsigned short)202>::~StaticTransferBufferManagerEntry()
 .text._ZN21RestartRequestHandlerD2Ev
                0x0800f560        0xc e:/niu/Flow/Build/px4flow-v2_default.build/e/niu/Flow/src/modules/uavcannode/module.pre.o
                0x0800f560                RestartRequestHandler::~RestartRequestHandler()
                0x0800f560                RestartRequestHandler::~RestartRequestHandler()
 .text._ZN12uavcan_stm3213CanInitHelperILj5EED2Ev
                0x0800f56c       0x18 e:/niu/Flow/Build/px4flow-v2_default.build/e/niu/Flow/src/modules/uavcannode/module.pre.o
                0x0800f56c                uavcan_stm32::CanInitHelper<5u>::~CanInitHelper()
                0x0800f56c                uavcan_stm32::CanInitHelper<5u>::~CanInitHelper()
 .text._ZNK6uavcan21TransferBufferManagerILt202ELh1EE16getStaticByIndexEt
                0x0800f584        0xc e:/niu/Flow/Build/px4flow-v2_default.build/e/niu/Flow/src/modules/uavcannode/module.pre.o
                0x0800f584                uavcan::TransferBufferManager<(unsigned short)202, (unsigned char)1>::getStaticByIndex(unsigned short) const
 .text._ZN6uavcan4NodeILj2048ELj10EE12getAllocatorEv
                0x0800f590        0x4 e:/niu/Flow/Build/px4flow-v2_default.build/e/niu/Flow/src/modules/uavcannode/module.pre.o
                0x0800f590                uavcan::Node<2048u, 10u>::getAllocator()
 .text._ZN6uavcan4NodeILj2048ELj10EE12getSchedulerEv
                0x0800f594        0x8 e:/niu/Flow/Build/px4flow-v2_default.build/e/niu/Flow/src/modules/uavcannode/module.pre.o
                0x0800f594                uavcan::Node<2048u, 10u>::getScheduler()
 .text._ZNK6uavcan4NodeILj2048ELj10EE12getSchedulerEv
                0x0800f59c        0x8 e:/niu/Flow/Build/px4flow-v2_default.build/e/niu/Flow/src/modules/uavcannode/module.pre.o
                0x0800f59c                uavcan::Node<2048u, 10u>::getScheduler() const
 .text._ZN6uavcan13PoolAllocatorILj2048ELh48EE8allocateEj
                0x0800f5a4       0x3c e:/niu/Flow/Build/px4flow-v2_default.build/e/niu/Flow/src/modules/uavcannode/module.pre.o
                0x0800f5a4                uavcan::PoolAllocator<2048u, (unsigned char)48>::allocate(unsigned int)
 .text._ZN6uavcan13PoolAllocatorILj2048ELh48EE10deallocateEPKv
                0x0800f5e0       0x14 e:/niu/Flow/Build/px4flow-v2_default.build/e/niu/Flow/src/modules/uavcannode/module.pre.o
                0x0800f5e0                uavcan::PoolAllocator<2048u, (unsigned char)48>::deallocate(void const*)
 .text._ZNK6uavcan13PoolAllocatorILj2048ELh48EE12getNumBlocksEv
                0x0800f5f4        0x4 e:/niu/Flow/Build/px4flow-v2_default.build/e/niu/Flow/src/modules/uavcannode/module.pre.o
                0x0800f5f4                uavcan::PoolAllocator<2048u, (unsigned char)48>::getNumBlocks() const
 .text._ZNK6uavcan21TransferBufferManagerILt84ELh1EE16getStaticByIndexEt
                0x0800f5f8        0xc e:/niu/Flow/Build/px4flow-v2_default.build/e/niu/Flow/src/modules/uavcannode/module.pre.o
                0x0800f5f8                uavcan::TransferBufferManager<(unsigned short)84, (unsigned char)1>::getStaticByIndex(unsigned short) const
 .text._ZN6uavcan17GenericSubscriberINS_8protocol18GetTransportStats_ENS2_8Request_ILi0EEENS_16TransferListenerILj0ELj0ELj2EEEE17TransferForwarder22handleIncomingTransferERNS_16IncomingTransferE
                0x0800f604       0x24 e:/niu/Flow/Build/px4flow-v2_default.build/e/niu/Flow/src/modules/uavcannode/module.pre.o
                0x0800f604                uavcan::GenericSubscriber<uavcan::protocol::GetTransportStats_, uavcan::protocol::GetTransportStats_::Request_<0>, uavcan::TransferListener<0u, 0u, 2u> >::TransferForwarder::handleIncomingTransfer(uavcan::IncomingTransfer&)
 .text._ZN6uavcan20StaticTransferBufferILt129EED2Ev
                0x0800f628        0xc e:/niu/Flow/Build/px4flow-v2_default.build/e/niu/Flow/src/modules/uavcannode/module.pre.o
                0x0800f628                uavcan::StaticTransferBuffer<(unsigned short)129>::~StaticTransferBuffer()
                0x0800f628                uavcan::StaticTransferBuffer<(unsigned short)129>::~StaticTransferBuffer()
 .text._ZN6uavcan20StaticTransferBufferILt73EED2Ev
                0x0800f634        0xc e:/niu/Flow/Build/px4flow-v2_default.build/e/niu/Flow/src/modules/uavcannode/module.pre.o
                0x0800f634                uavcan::StaticTransferBuffer<(unsigned short)73>::~StaticTransferBuffer()
                0x0800f634                uavcan::StaticTransferBuffer<(unsigned short)73>::~StaticTransferBuffer()
 .text._ZN6uavcan20StaticTransferBufferILt1EED2Ev
                0x0800f640        0xc e:/niu/Flow/Build/px4flow-v2_default.build/e/niu/Flow/src/modules/uavcannode/module.pre.o
                0x0800f640                uavcan::StaticTransferBuffer<(unsigned short)1>::~StaticTransferBuffer()
                0x0800f640                uavcan::StaticTransferBuffer<(unsigned short)1>::~StaticTransferBuffer()
 .text._ZN6uavcan20StaticTransferBufferILt93EED2Ev
                0x0800f64c        0xc e:/niu/Flow/Build/px4flow-v2_default.build/e/niu/Flow/src/modules/uavcannode/module.pre.o
                0x0800f64c                uavcan::StaticTransferBuffer<(unsigned short)93>::~StaticTransferBuffer()
                0x0800f64c                uavcan::StaticTransferBuffer<(unsigned short)93>::~StaticTransferBuffer()
 .text._ZN6uavcan20StaticTransferBufferILt377EED2Ev
                0x0800f658        0xc e:/niu/Flow/Build/px4flow-v2_default.build/e/niu/Flow/src/modules/uavcannode/module.pre.o
                0x0800f658                uavcan::StaticTransferBuffer<(unsigned short)377>::~StaticTransferBuffer()
                0x0800f658                uavcan::StaticTransferBuffer<(unsigned short)377>::~StaticTransferBuffer()
 .text._ZN6uavcan15ITransferBufferD0Ev
                0x0800f664       0x14 e:/niu/Flow/Build/px4flow-v2_default.build/e/niu/Flow/src/modules/uavcannode/module.pre.o
                0x0800f664                uavcan::ITransferBuffer::~ITransferBuffer()
 .text._ZN6uavcan14IPoolAllocatorD0Ev
                0x0800f678       0x14 e:/niu/Flow/Build/px4flow-v2_default.build/e/niu/Flow/src/modules/uavcannode/module.pre.o
                0x0800f678                uavcan::IPoolAllocator::~IPoolAllocator()
 .text._ZN6uavcan9ICanIfaceD0Ev
                0x0800f68c       0x14 e:/niu/Flow/Build/px4flow-v2_default.build/e/niu/Flow/src/modules/uavcannode/module.pre.o
                0x0800f68c                uavcan::ICanIface::~ICanIface()
 .text._ZN6uavcan10ICanDriverD0Ev
                0x0800f6a0       0x14 e:/niu/Flow/Build/px4flow-v2_default.build/e/niu/Flow/src/modules/uavcannode/module.pre.o
                0x0800f6a0                uavcan::ICanDriver::~ICanDriver()
 .text._ZN6uavcan22ITransferBufferManagerD0Ev
                0x0800f6b4       0x14 e:/niu/Flow/Build/px4flow-v2_default.build/e/niu/Flow/src/modules/uavcannode/module.pre.o
                0x0800f6b4                uavcan::ITransferBufferManager::~ITransferBufferManager()
 .text._ZN6uavcan25IOutgoingTransferRegistryD0Ev
                0x0800f6c8       0x14 e:/niu/Flow/Build/px4flow-v2_default.build/e/niu/Flow/src/modules/uavcannode/module.pre.o
                0x0800f6c8                uavcan::IOutgoingTransferRegistry::~IOutgoingTransferRegistry()
 .text._ZN6uavcan5INodeD0Ev
                0x0800f6dc       0x14 e:/niu/Flow/Build/px4flow-v2_default.build/e/niu/Flow/src/modules/uavcannode/module.pre.o
                0x0800f6dc                uavcan::INode::~INode()
 .text._ZN6uavcan22IRestartRequestHandlerD0Ev
                0x0800f6f0       0x14 e:/niu/Flow/Build/px4flow-v2_default.build/e/niu/Flow/src/modules/uavcannode/module.pre.o
                0x0800f6f0                uavcan::IRestartRequestHandler::~IRestartRequestHandler()
 .text._ZN6uavcan20StaticTransferBufferILt123EED0Ev
                0x0800f704       0x14 e:/niu/Flow/Build/px4flow-v2_default.build/e/niu/Flow/src/modules/uavcannode/module.pre.o
                0x0800f704                uavcan::StaticTransferBuffer<(unsigned short)123>::~StaticTransferBuffer()
 .text._ZN6uavcan20StaticTransferBufferILt15EED0Ev
                0x0800f718       0x14 e:/niu/Flow/Build/px4flow-v2_default.build/e/niu/Flow/src/modules/uavcannode/module.pre.o
                0x0800f718                uavcan::StaticTransferBuffer<(unsigned short)15>::~StaticTransferBuffer()
 .text._ZN6uavcan20StaticTransferBufferILt54EED0Ev
                0x0800f72c       0x14 e:/niu/Flow/Build/px4flow-v2_default.build/e/niu/Flow/src/modules/uavcannode/module.pre.o
                0x0800f72c                uavcan::StaticTransferBuffer<(unsigned short)54>::~StaticTransferBuffer()
 .text._ZN6uavcan21TransferBufferManagerILt0ELh0EED0Ev
                0x0800f740       0x14 e:/niu/Flow/Build/px4flow-v2_default.build/e/niu/Flow/src/modules/uavcannode/module.pre.o
                0x0800f740                uavcan::TransferBufferManager<(unsigned short)0, (unsigned char)0>::~TransferBufferManager()
 .text._ZN21RestartRequestHandlerD0Ev
                0x0800f754       0x14 e:/niu/Flow/Build/px4flow-v2_default.build/e/niu/Flow/src/modules/uavcannode/module.pre.o
                0x0800f754                RestartRequestHandler::~RestartRequestHandler()
 .text._ZN6uavcan20StaticTransferBufferILt129EED0Ev
                0x0800f768       0x14 e:/niu/Flow/Build/px4flow-v2_default.build/e/niu/Flow/src/modules/uavcannode/module.pre.o
                0x0800f768                uavcan::StaticTransferBuffer<(unsigned short)129>::~StaticTransferBuffer()
 .text._ZN6uavcan20StaticTransferBufferILt73EED0Ev
                0x0800f77c       0x14 e:/niu/Flow/Build/px4flow-v2_default.build/e/niu/Flow/src/modules/uavcannode/module.pre.o
                0x0800f77c                uavcan::StaticTransferBuffer<(unsigned short)73>::~StaticTransferBuffer()
 .text._ZN6uavcan20StaticTransferBufferILt1EED0Ev
                0x0800f790       0x14 e:/niu/Flow/Build/px4flow-v2_default.build/e/niu/Flow/src/modules/uavcannode/module.pre.o
                0x0800f790                uavcan::StaticTransferBuffer<(unsigned short)1>::~StaticTransferBuffer()
 .text._ZN6uavcan20StaticTransferBufferILt93EED0Ev
                0x0800f7a4       0x14 e:/niu/Flow/Build/px4flow-v2_default.build/e/niu/Flow/src/modules/uavcannode/module.pre.o
                0x0800f7a4                uavcan::StaticTransferBuffer<(unsigned short)93>::~StaticTransferBuffer()
 .text._ZN6uavcan20StaticTransferBufferILt377EED0Ev
                0x0800f7b8       0x14 e:/niu/Flow/Build/px4flow-v2_default.build/e/niu/Flow/src/modules/uavcannode/module.pre.o
                0x0800f7b8                uavcan::StaticTransferBuffer<(unsigned short)377>::~StaticTransferBuffer()
 .text._ZN6uavcan32StaticTransferBufferManagerEntryILt84EED0Ev
                0x0800f7cc       0x18 e:/niu/Flow/Build/px4flow-v2_default.build/e/niu/Flow/src/modules/uavcannode/module.pre.o
                0x0800f7cc                uavcan::StaticTransferBufferManagerEntry<(unsigned short)84>::~StaticTransferBufferManagerEntry()
 .text._ZN6uavcan32StaticTransferBufferManagerEntryILt202EED0Ev
                0x0800f7e4       0x18 e:/niu/Flow/Build/px4flow-v2_default.build/e/niu/Flow/src/modules/uavcannode/module.pre.o
                0x0800f7e4                uavcan::StaticTransferBufferManagerEntry<(unsigned short)202>::~StaticTransferBufferManagerEntry()
 .text._ZN6uavcan13PoolAllocatorILj2048ELh48EED0Ev
                0x0800f7fc       0x14 e:/niu/Flow/Build/px4flow-v2_default.build/e/niu/Flow/src/modules/uavcannode/module.pre.o
                0x0800f7fc                uavcan::PoolAllocator<2048u, (unsigned char)48>::~PoolAllocator()
 .text._ZN6uavcan15DeadlineHandlerD2Ev
                0x0800f810       0x14 e:/niu/Flow/Build/px4flow-v2_default.build/e/niu/Flow/src/modules/uavcannode/module.pre.o
                0x0800f810                uavcan::DeadlineHandler::~DeadlineHandler()
                0x0800f810                uavcan::DeadlineHandler::~DeadlineHandler()
 .text._ZN6uavcan15DeadlineHandlerD0Ev
                0x0800f824       0x1c e:/niu/Flow/Build/px4flow-v2_default.build/e/niu/Flow/src/modules/uavcannode/module.pre.o
                0x0800f824                uavcan::DeadlineHandler::~DeadlineHandler()
 .text._ZN6uavcan19TimerEventForwarderIPFvRKNS_10TimerEventEEED2Ev
                0x0800f840       0x14 e:/niu/Flow/Build/px4flow-v2_default.build/e/niu/Flow/src/modules/uavcannode/module.pre.o
                0x0800f840                uavcan::TimerEventForwarder<void (*)(uavcan::TimerEvent const&)>::~TimerEventForwarder()
                0x0800f840                uavcan::TimerEventForwarder<void (*)(uavcan::TimerEvent const&)>::~TimerEventForwarder()
 .text._ZN6uavcan19TimerEventForwarderIPFvRKNS_10TimerEventEEED0Ev
                0x0800f854       0x1c e:/niu/Flow/Build/px4flow-v2_default.build/e/niu/Flow/src/modules/uavcannode/module.pre.o
                0x0800f854                uavcan::TimerEventForwarder<void (*)(uavcan::TimerEvent const&)>::~TimerEventForwarder()
 .text._ZL9cb_rebootRKN6uavcan10TimerEventE
                0x0800f870        0x8 e:/niu/Flow/Build/px4flow-v2_default.build/e/niu/Flow/src/modules/uavcannode/module.pre.o
 .text._ZN21RestartRequestHandler20handleRestartRequestEN6uavcan6NodeIDE
                0x0800f878       0x30 e:/niu/Flow/Build/px4flow-v2_default.build/e/niu/Flow/src/modules/uavcannode/module.pre.o
                0x0800f878                RestartRequestHandler::handleRestartRequest(uavcan::NodeID)
 .text._ZN6uavcan17GenericSubscriberINS_8protocol12GetNodeInfo_ENS2_8Request_ILi0EEENS_16TransferListenerILj0ELj0ELj2EEEED2Ev
                0x0800f8a8       0x38 e:/niu/Flow/Build/px4flow-v2_default.build/e/niu/Flow/src/modules/uavcannode/module.pre.o
                0x0800f8a8                uavcan::GenericSubscriber<uavcan::protocol::GetNodeInfo_, uavcan::protocol::GetNodeInfo_::Request_<0>, uavcan::TransferListener<0u, 0u, 2u> >::~GenericSubscriber()
                0x0800f8a8                uavcan::GenericSubscriber<uavcan::protocol::GetNodeInfo_, uavcan::protocol::GetNodeInfo_::Request_<0>, uavcan::TransferListener<0u, 0u, 2u> >::~GenericSubscriber()
 .text._ZN6uavcan17GenericSubscriberINS_8protocol16GetDataTypeInfo_ENS2_8Request_ILi0EEENS_16TransferListenerILj84ELj1ELj2EEEED2Ev
                0x0800f8e0       0x38 e:/niu/Flow/Build/px4flow-v2_default.build/e/niu/Flow/src/modules/uavcannode/module.pre.o
                0x0800f8e0                uavcan::GenericSubscriber<uavcan::protocol::GetDataTypeInfo_, uavcan::protocol::GetDataTypeInfo_::Request_<0>, uavcan::TransferListener<84u, 1u, 2u> >::~GenericSubscriber()
                0x0800f8e0                uavcan::GenericSubscriber<uavcan::protocol::GetDataTypeInfo_, uavcan::protocol::GetDataTypeInfo_::Request_<0>, uavcan::TransferListener<84u, 1u, 2u> >::~GenericSubscriber()
 .text._ZN6uavcan17GenericSubscriberINS_8protocol12RestartNode_ENS2_8Request_ILi0EEENS_16TransferListenerILj0ELj0ELj2EEEED2Ev
                0x0800f918       0x38 e:/niu/Flow/Build/px4flow-v2_default.build/e/niu/Flow/src/modules/uavcannode/module.pre.o
                0x0800f918                uavcan::GenericSubscriber<uavcan::protocol::RestartNode_, uavcan::protocol::RestartNode_::Request_<0>, uavcan::TransferListener<0u, 0u, 2u> >::~GenericSubscriber()
                0x0800f918                uavcan::GenericSubscriber<uavcan::protocol::RestartNode_, uavcan::protocol::RestartNode_::Request_<0>, uavcan::TransferListener<0u, 0u, 2u> >::~GenericSubscriber()
 .text._ZN6uavcan17GenericSubscriberINS_8protocol18GetTransportStats_ENS2_8Request_ILi0EEENS_16TransferListenerILj0ELj0ELj2EEEED2Ev
                0x0800f950       0x38 e:/niu/Flow/Build/px4flow-v2_default.build/e/niu/Flow/src/modules/uavcannode/module.pre.o
                0x0800f950                uavcan::GenericSubscriber<uavcan::protocol::GetTransportStats_, uavcan::protocol::GetTransportStats_::Request_<0>, uavcan::TransferListener<0u, 0u, 2u> >::~GenericSubscriber()
                0x0800f950                uavcan::GenericSubscriber<uavcan::protocol::GetTransportStats_, uavcan::protocol::GetTransportStats_::Request_<0>, uavcan::TransferListener<0u, 0u, 2u> >::~GenericSubscriber()
 .text._ZN6uavcan17GenericSubscriberINS_8protocol15GlobalTimeSync_ILi0EEES3_NS_16TransferListenerILj0ELj0ELj2EEEED2Ev
                0x0800f988       0x38 e:/niu/Flow/Build/px4flow-v2_default.build/e/niu/Flow/src/modules/uavcannode/module.pre.o
                0x0800f988                uavcan::GenericSubscriber<uavcan::protocol::GlobalTimeSync_<0>, uavcan::protocol::GlobalTimeSync_<0>, uavcan::TransferListener<0u, 0u, 2u> >::~GenericSubscriber()
                0x0800f988                uavcan::GenericSubscriber<uavcan::protocol::GlobalTimeSync_<0>, uavcan::protocol::GlobalTimeSync_<0>, uavcan::TransferListener<0u, 0u, 2u> >::~GenericSubscriber()
 .text._ZN6uavcan17GenericSubscriberINS_8protocol4file20BeginFirmwareUpdate_ENS3_8Request_ILi0EEENS_16TransferListenerILj202ELj1ELj2EEEED2Ev
                0x0800f9c0       0x38 e:/niu/Flow/Build/px4flow-v2_default.build/e/niu/Flow/src/modules/uavcannode/module.pre.o
                0x0800f9c0                uavcan::GenericSubscriber<uavcan::protocol::file::BeginFirmwareUpdate_, uavcan::protocol::file::BeginFirmwareUpdate_::Request_<0>, uavcan::TransferListener<202u, 1u, 2u> >::~GenericSubscriber()
                0x0800f9c0                uavcan::GenericSubscriber<uavcan::protocol::file::BeginFirmwareUpdate_, uavcan::protocol::file::BeginFirmwareUpdate_::Request_<0>, uavcan::TransferListener<202u, 1u, 2u> >::~GenericSubscriber()
 .text._ZN6uavcan19TimerEventForwarderIPFvRKNS_10TimerEventEEE16handleTimerEventES3_
                0x0800f9f8       0x18 e:/niu/Flow/Build/px4flow-v2_default.build/e/niu/Flow/src/modules/uavcannode/module.pre.o
                0x0800f9f8                uavcan::TimerEventForwarder<void (*)(uavcan::TimerEvent const&)>::handleTimerEvent(uavcan::TimerEvent const&)
 .text._ZN6uavcan10SubscriberINS_8protocol15GlobalTimeSync_ILi0EEENS_12MethodBinderIPNS_19GlobalTimeSyncSlaveEMS5_FvRKNS_21ReceivedDataStructureIS3_EEEEELj2ELj0EE24handleReceivedDataStructERS8_
                0x0800fa10       0x38 e:/niu/Flow/Build/px4flow-v2_default.build/e/niu/Flow/src/modules/uavcannode/module.pre.o
                0x0800fa10                uavcan::Subscriber<uavcan::protocol::GlobalTimeSync_<0>, uavcan::MethodBinder<uavcan::GlobalTimeSyncSlave*, void (uavcan::GlobalTimeSyncSlave::*)(uavcan::ReceivedDataStructure<uavcan::protocol::GlobalTimeSync_<0> > const&)>, 2u, 0u>::handleReceivedDataStruct(uavcan::ReceivedDataStructure<uavcan::protocol::GlobalTimeSync_<0> >&)
 .text._ZN6uavcan20DataTypeInfoProvider28handleGetDataTypeInfoRequestERKNS_8protocol16GetDataTypeInfo_8Request_ILi0EEERNS2_9Response_ILi0EEE
                0x0800fa48       0xe8 e:/niu/Flow/Build/px4flow-v2_default.build/e/niu/Flow/src/modules/uavcannode/module.pre.o
                0x0800fa48                uavcan::DataTypeInfoProvider::handleGetDataTypeInfoRequest(uavcan::protocol::GetDataTypeInfo_::Request_<0> const&, uavcan::protocol::GetDataTypeInfo_::Response_<0>&)
 .text._ZNK6uavcan22TransportStatsProvider23handleGetTransportStatsERKNS_8protocol18GetTransportStats_8Request_ILi0EEERNS2_9Response_ILi0EEE
                0x0800fb30       0xa4 e:/niu/Flow/Build/px4flow-v2_default.build/e/niu/Flow/src/modules/uavcannode/module.pre.o
                0x0800fb30                uavcan::TransportStatsProvider::handleGetTransportStats(uavcan::protocol::GetTransportStats_::Request_<0> const&, uavcan::protocol::GetTransportStats_::Response_<0>&) const
 .text._ZN6uavcan21TransferBufferManagerILt84ELh1EED2Ev
                0x0800fbd4       0x2c e:/niu/Flow/Build/px4flow-v2_default.build/e/niu/Flow/src/modules/uavcannode/module.pre.o
                0x0800fbd4                uavcan::TransferBufferManager<(unsigned short)84, (unsigned char)1>::~TransferBufferManager()
                0x0800fbd4                uavcan::TransferBufferManager<(unsigned short)84, (unsigned char)1>::~TransferBufferManager()
 .text._ZN6uavcan21TransferBufferManagerILt202ELh1EED2Ev
                0x0800fc00       0x2c e:/niu/Flow/Build/px4flow-v2_default.build/e/niu/Flow/src/modules/uavcannode/module.pre.o
                0x0800fc00                uavcan::TransferBufferManager<(unsigned short)202, (unsigned char)1>::~TransferBufferManager()
                0x0800fc00                uavcan::TransferBufferManager<(unsigned short)202, (unsigned char)1>::~TransferBufferManager()
 .text._ZN6uavcan17GenericSubscriberINS_8protocol15GlobalTimeSync_ILi0EEES3_NS_16TransferListenerILj0ELj0ELj2EEEE17TransferForwarder22handleIncomingTransferERNS_16IncomingTransferE
                0x0800fc2c       0x80 e:/niu/Flow/Build/px4flow-v2_default.build/e/niu/Flow/src/modules/uavcannode/module.pre.o
                0x0800fc2c                uavcan::GenericSubscriber<uavcan::protocol::GlobalTimeSync_<0>, uavcan::protocol::GlobalTimeSync_<0>, uavcan::TransferListener<0u, 0u, 2u> >::TransferForwarder::handleIncomingTransfer(uavcan::IncomingTransfer&)
 .text._ZN6uavcan17GenericSubscriberINS_8protocol12RestartNode_ENS2_8Request_ILi0EEENS_16TransferListenerILj0ELj0ELj2EEEE17TransferForwarder22handleIncomingTransferERNS_16IncomingTransferE
                0x0800fcac       0x80 e:/niu/Flow/Build/px4flow-v2_default.build/e/niu/Flow/src/modules/uavcannode/module.pre.o
                0x0800fcac                uavcan::GenericSubscriber<uavcan::protocol::RestartNode_, uavcan::protocol::RestartNode_::Request_<0>, uavcan::TransferListener<0u, 0u, 2u> >::TransferForwarder::handleIncomingTransfer(uavcan::IncomingTransfer&)
 .text._ZN10UavcanNode23cb_beginfirmware_updateERKN6uavcan21ReceivedDataStructureINS0_8protocol4file20BeginFirmwareUpdate_8Request_ILi0EEEEERNS0_28ServiceResponseDataStructureINS4_9Response_ILi0EEEEE
                0x0800fd2c       0x88 e:/niu/Flow/Build/px4flow-v2_default.build/e/niu/Flow/src/modules/uavcannode/module.pre.o
                0x0800fd2c                UavcanNode::cb_beginfirmware_update(uavcan::ReceivedDataStructure<uavcan::protocol::file::BeginFirmwareUpdate_::Request_<0> > const&, uavcan::ServiceResponseDataStructure<uavcan::protocol::file::BeginFirmwareUpdate_::Response_<0> >&)
 *fill*         0x0800fdb4        0x4 
 .text._ZNK6uavcan20RestartRequestServer17handleRestartNodeERKNS_21ReceivedDataStructureINS_8protocol12RestartNode_8Request_ILi0EEEEERNS3_9Response_ILi0EEE
                0x0800fdb8       0x48 e:/niu/Flow/Build/px4flow-v2_default.build/e/niu/Flow/src/modules/uavcannode/module.pre.o
                0x0800fdb8                uavcan::RestartRequestServer::handleRestartNode(uavcan::ReceivedDataStructure<uavcan::protocol::RestartNode_::Request_<0> > const&, uavcan::protocol::RestartNode_::Response_<0>&) const
 .text._ZN6uavcan19GlobalTimeSyncSlave20handleGlobalTimeSyncERKNS_21ReceivedDataStructureINS_8protocol15GlobalTimeSync_ILi0EEEEE
                0x0800fe00      0x170 e:/niu/Flow/Build/px4flow-v2_default.build/e/niu/Flow/src/modules/uavcannode/module.pre.o
                0x0800fe00                uavcan::GlobalTimeSyncSlave::handleGlobalTimeSync(uavcan::ReceivedDataStructure<uavcan::protocol::GlobalTimeSync_<0> > const&)
 .text._ZN6uavcan21TransferBufferManagerILt202ELh1EED0Ev
                0x0800ff70       0x34 e:/niu/Flow/Build/px4flow-v2_default.build/e/niu/Flow/src/modules/uavcannode/module.pre.o
                0x0800ff70                uavcan::TransferBufferManager<(unsigned short)202, (unsigned char)1>::~TransferBufferManager()
 .text._ZN6uavcan21TransferBufferManagerILt84ELh1EED0Ev
                0x0800ffa4       0x34 e:/niu/Flow/Build/px4flow-v2_default.build/e/niu/Flow/src/modules/uavcannode/module.pre.o
                0x0800ffa4                uavcan::TransferBufferManager<(unsigned short)84, (unsigned char)1>::~TransferBufferManager()
 .text._ZN6uavcan13ServiceServerINS_8protocol12RestartNode_ENS_12MethodBinderIPKNS_20RestartRequestServerEMS4_KFvRKNS_21ReceivedDataStructureINS2_8Request_ILi0EEEEERNS2_9Response_ILi0EEEEEELj2ELj1EED2Ev
                0x0800ffd8       0x38 e:/niu/Flow/Build/px4flow-v2_default.build/e/niu/Flow/src/modules/uavcannode/module.pre.o
                0x0800ffd8                uavcan::ServiceServer<uavcan::protocol::RestartNode_, uavcan::MethodBinder<uavcan::RestartRequestServer const*, void (uavcan::RestartRequestServer::*)(uavcan::ReceivedDataStructure<uavcan::protocol::RestartNode_::Request_<0> > const&, uavcan::protocol::RestartNode_::Response_<0>&) const>, 2u, 1u>::~ServiceServer()
                0x0800ffd8                uavcan::ServiceServer<uavcan::protocol::RestartNode_, uavcan::MethodBinder<uavcan::RestartRequestServer const*, void (uavcan::RestartRequestServer::*)(uavcan::ReceivedDataStructure<uavcan::protocol::RestartNode_::Request_<0> > const&, uavcan::protocol::RestartNode_::Response_<0>&) const>, 2u, 1u>::~ServiceServer()
 .text._ZN6uavcan13ServiceServerINS_8protocol18GetTransportStats_ENS_12MethodBinderIPKNS_22TransportStatsProviderEMS4_KFvRKNS2_8Request_ILi0EEERNS2_9Response_ILi0EEEEEELj2ELj1EED2Ev
                0x08010010       0x38 e:/niu/Flow/Build/px4flow-v2_default.build/e/niu/Flow/src/modules/uavcannode/module.pre.o
                0x08010010                uavcan::ServiceServer<uavcan::protocol::GetTransportStats_, uavcan::MethodBinder<uavcan::TransportStatsProvider const*, void (uavcan::TransportStatsProvider::*)(uavcan::protocol::GetTransportStats_::Request_<0> const&, uavcan::protocol::GetTransportStats_::Response_<0>&) const>, 2u, 1u>::~ServiceServer()