
Discarded input sections

 .group         0x00000000        0x8 stm32f4xx_it.c.o
 .group         0x00000000        0x8 stm32f4xx_it.c.o
 .group         0x00000000        0x8 stm32f4xx_it.c.o
 .group         0x00000000        0x8 stm32f4xx_it.c.o
 .group         0x00000000        0x8 stm32f4xx_it.c.o
 .group         0x00000000        0x8 stm32f4xx_it.c.o
 .group         0x00000000        0x8 stm32f4xx_it.c.o
 .group         0x00000000        0x8 stm32f4xx_it.c.o
 .group         0x00000000        0x8 stm32f4xx_it.c.o
 .group         0x00000000        0x8 stm32f4xx_it.c.o
 .group         0x00000000        0x8 stm32f4xx_it.c.o
 .debug_macro   0x00000000      0x880 stm32f4xx_it.c.o
 .debug_macro   0x00000000       0x22 stm32f4xx_it.c.o
 .debug_macro   0x00000000       0x63 stm32f4xx_it.c.o
 .debug_macro   0x00000000       0x35 stm32f4xx_it.c.o
 .debug_macro   0x00000000       0x16 stm32f4xx_it.c.o
 .debug_macro   0x00000000       0x44 stm32f4xx_it.c.o
 .debug_macro   0x00000000      0x209 stm32f4xx_it.c.o
 .debug_macro   0x00000000       0x18 stm32f4xx_it.c.o
 .debug_macro   0x00000000       0x42 stm32f4xx_it.c.o
 .debug_macro   0x00000000      0x8cb stm32f4xx_it.c.o
 .debug_macro   0x00000000     0x8096 stm32f4xx_it.c.o
 .group         0x00000000        0x8 main.c.o
 .group         0x00000000        0x8 main.c.o
 .group         0x00000000        0x8 main.c.o
 .group         0x00000000        0x8 main.c.o
 .group         0x00000000        0x8 main.c.o
 .group         0x00000000        0x8 main.c.o
 .group         0x00000000        0x8 main.c.o
 .group         0x00000000        0x8 main.c.o
 .group         0x00000000        0x8 main.c.o
 .group         0x00000000        0x8 main.c.o
 .group         0x00000000        0x8 main.c.o
 .group         0x00000000        0x8 main.c.o
 .group         0x00000000        0x8 main.c.o
 .group         0x00000000        0x8 main.c.o
 .group         0x00000000        0x8 main.c.o
 .group         0x00000000        0x8 main.c.o
 .group         0x00000000        0x8 main.c.o
 .group         0x00000000        0x8 main.c.o
 .group         0x00000000        0x8 main.c.o
 .group         0x00000000        0x8 main.c.o
 .group         0x00000000        0x8 main.c.o
 .group         0x00000000        0x8 main.c.o
 .group         0x00000000        0x8 main.c.o
 .group         0x00000000        0x8 main.c.o
 .group         0x00000000        0x8 main.c.o
 .group         0x00000000        0x8 main.c.o
 .group         0x00000000        0x8 main.c.o
 .group         0x00000000        0x8 main.c.o
 .group         0x00000000        0x8 main.c.o
 .group         0x00000000        0x8 main.c.o
 .group         0x00000000        0x8 main.c.o
 .group         0x00000000        0x8 main.c.o
 .group         0x00000000        0x8 main.c.o
 .group         0x00000000        0x8 main.c.o
 .group         0x00000000        0x8 main.c.o
 .group         0x00000000        0x8 main.c.o
 .group         0x00000000        0x8 main.c.o
 .group         0x00000000        0x8 main.c.o
 .group         0x00000000        0x8 main.c.o
 .group         0x00000000        0x8 main.c.o
 .group         0x00000000        0x8 main.c.o
 .debug_macro   0x00000000      0x880 main.c.o
 .debug_macro   0x00000000       0x22 main.c.o
 .debug_macro   0x00000000       0x16 main.c.o
 .debug_macro   0x00000000       0x44 main.c.o
 .debug_macro   0x00000000      0x209 main.c.o
 .debug_macro   0x00000000       0x63 main.c.o
 .debug_macro   0x00000000       0x35 main.c.o
 .debug_macro   0x00000000       0x18 main.c.o
 .debug_macro   0x00000000       0x42 main.c.o
 .debug_macro   0x00000000      0x8cb main.c.o
 .debug_macro   0x00000000     0x8096 main.c.o
 .debug_macro   0x00000000      0x3cf main.c.o
 .debug_macro   0x00000000      0x111 main.c.o
 .debug_macro   0x00000000      0x188 main.c.o
 .debug_macro   0x00000000       0xb2 main.c.o
 .debug_macro   0x00000000      0x149 main.c.o
 .debug_macro   0x00000000      0x477 main.c.o
 .debug_macro   0x00000000       0xae main.c.o
 .debug_macro   0x00000000      0x242 main.c.o
 .debug_macro   0x00000000      0x279 main.c.o
 .debug_macro   0x00000000       0xb5 main.c.o
 .debug_macro   0x00000000      0x265 main.c.o
 .debug_macro   0x00000000      0x2b3 main.c.o
 .debug_macro   0x00000000       0x64 main.c.o
 .debug_macro   0x00000000       0xa7 main.c.o
 .debug_macro   0x00000000      0x53d main.c.o
 .debug_macro   0x00000000       0x40 main.c.o
 .debug_macro   0x00000000      0x57b main.c.o
 .debug_macro   0x00000000      0x342 main.c.o
 .debug_macro   0x00000000      0x36c main.c.o
 .debug_macro   0x00000000       0xe1 main.c.o
 .debug_macro   0x00000000      0x73b main.c.o
 .debug_macro   0x00000000      0x221 main.c.o
 .debug_macro   0x00000000       0x34 main.c.o
 .debug_macro   0x00000000       0x82 main.c.o
 .debug_macro   0x00000000       0x46 main.c.o
[...]
Memory Configuration

Name             Origin             Length             Attributes
*default*        0x00000000         0xffffffff

Linker script and memory map

LOAD e:/niu/Flow/src/lib/stm32/st/v1.0.2/startup_stm32f4xx.s.o
LOAD system_stm32f4xx.c.o
LOAD stm32f4xx_it.c.o
LOAD main.c.o
LOAD utils.c.o
LOAD led.c.o
LOAD settings.c.o
LOAD communication.c.o
LOAD flow.c.o
LOAD dcmi.c.o
LOAD mt9v034.c.o
LOAD gyro.c.o
LOAD usart.c.o
LOAD sonar.c.o
LOAD debug.c.o
LOAD usb_bsp.c.o
LOAD usbd_cdc_vcp.c.o
LOAD usbd_desc.c.o
LOAD usbd_usr.c.o
LOAD i2c.c.o
LOAD reset.c.o
LOAD sonar_mode_filter.c.o
LOAD e:/niu/Flow/src/lib/stm32/st/v1.0.2/STM32F4xx_StdPeriph_Driver/src/misc.c.o
LOAD e:/niu/Flow/src/lib/stm32/st/v1.0.2/STM32F4xx_StdPeriph_Driver/src/stm32f4xx_rcc.c.o
LOAD e:/niu/Flow/src/lib/stm32/st/v1.0.2/STM32F4xx_StdPeriph_Driver/src/stm32f4xx_dma.c.o
LOAD e:/niu/Flow/src/lib/stm32/st/v1.0.2/STM32F4xx_StdPeriph_Driver/src/stm32f4xx_dcmi.c.o
LOAD e:/niu/Flow/src/lib/stm32/st/v1.0.2/STM32F4xx_StdPeriph_Driver/src/stm32f4xx_i2c.c.o
LOAD e:/niu/Flow/src/lib/stm32/st/v1.0.2/STM32F4xx_StdPeriph_Driver/src/stm32f4xx_tim.c.o
LOAD e:/niu/Flow/src/lib/stm32/st/v1.0.2/STM32F4xx_StdPeriph_Driver/src/stm32f4xx_spi.c.o
LOAD e:/niu/Flow/src/lib/stm32/st/v1.0.2/STM32F4xx_StdPeriph_Driver/src/stm32f4xx_usart.c.o
LOAD e:/niu/Flow/src/lib/stm32/st/v1.0.2/STM32F4xx_StdPeriph_Driver/src/stm32f4xx_adc.c.o
LOAD e:/niu/Flow/src/lib/stm32/st/v1.0.2/STM32F4xx_StdPeriph_Driver/src/stm32f4xx_gpio.c.o
LOAD e:/niu/Flow/src/lib/stm32/st/v1.0.2/STM32_USB_OTG_Driver/src/usb_core.c.o
LOAD e:/niu/Flow/src/lib/stm32/st/v1.0.2/STM32_USB_OTG_Driver/src/usb_dcd_int.c.o
LOAD e:/niu/Flow/src/lib/stm32/st/v1.0.2/STM32_USB_OTG_Driver/src/usb_dcd.c.o
LOAD e:/niu/Flow/src/lib/stm32/st/v1.0.2/STM32_USB_Device_Library/Core/src/usbd_core.c.o
LOAD e:/niu/Flow/src/lib/stm32/st/v1.0.2/STM32_USB_Device_Library/Core/src/usbd_req.c.o
LOAD e:/niu/Flow/src/lib/stm32/st/v1.0.2/STM32_USB_Device_Library/Core/src/usbd_ioreq.c.o
LOAD e:/niu/Flow/src/lib/stm32/st/v1.0.2/STM32_USB_Device_Library/Class/cdc/src/usbd_cdc_core.c.o

.interp
 *(.interp)

.note.gnu.build-id
 *(.note.gnu.build-id)

.hash
 *(.hash)

.gnu.hash
 *(.gnu.hash)

.dynsym
 *(.dynsym)

.dynstr
 *(.dynstr)

.gnu.version
 *(.gnu.version)

.gnu.version_d
 *(.gnu.version_d)

.gnu.version_r
 *(.gnu.version_r)

.rel.init
 *(.rel.init)

.rela.init
 *(.rela.init)

.rel.text
 *(.rel.text)

.rela.text
 *(.rela.text)

.rel.fini
 *(.rel.fini)

.rela.fini
 *(.rela.fini)

.rel.rodata
 *(.rel.rodata)

.rela.rodata
 *(.rela.rodata)

.rel.data.rel.ro
 *(.rel.data.rel.ro)

.rela.data.rel.ro
 *(.rela.data.rel.ro)

.rel.data
 *(.rel.data)

.rela.data
 *(.rela.data)

.rel.tdata
 *(.rel.tdata)

.rela.tdata
 *(.rela.tdata)

.rel.tbss
 *(.rel.tbss)

.rela.tbss
 *(.rela.tbss)

.rel.ctors
 *(.rel.ctors)

.rela.ctors
 *(.rela.ctors)

.rel.dtors
 *(.rel.dtors)

.rela.dtors
 *(.rela.dtors)

.rel.got
 *(.rel.got)

.rela.got
 *(.rela.got)

.rel.bss
 *(.rel.bss)

.rela.bss
 *(.rela.bss)

.rel.iplt
 *(.rel.iplt)

.rela.iplt
 *(.rela.iplt)

.rel.plt
 *(.rel.plt)

.rela.plt
 *(.rela.plt)

.init
 *(SORT(.init))

.plt
 *(.plt)

.iplt
 *(.iplt)

.text           0x00000000       0x14
 *(.text .stub)
 .text          0x00000000       0x14 e:/niu/Flow/src/lib/stm32/st/v1.0.2/startup_stm32f4xx.s.o
 .text          0x00000014        0x0 system_stm32f4xx.c.o
 .text          0x00000014        0x0 stm32f4xx_it.c.o
 .text          0x00000014        0x0 main.c.o
 .text          0x00000014        0x0 utils.c.o
 .text          0x00000014        0x0 led.c.o
 .text          0x00000014        0x0 settings.c.o
 .text          0x00000014        0x0 communication.c.o
 .text          0x00000014        0x0 flow.c.o
 .text          0x00000014        0x0 dcmi.c.o
 .text          0x00000014        0x0 mt9v034.c.o
 .text          0x00000014        0x0 gyro.c.o
 .text          0x00000014        0x0 usart.c.o
 .text          0x00000014        0x0 sonar.c.o
 .text          0x00000014        0x0 debug.c.o
 .text          0x00000014        0x0 usb_bsp.c.o
 .text          0x00000014        0x0 usbd_cdc_vcp.c.o
 .text          0x00000014        0x0 usbd_desc.c.o
 .text          0x00000014        0x0 usbd_usr.c.o
 .text          0x00000014        0x0 i2c.c.o
 .text          0x00000014        0x0 reset.c.o
 .text          0x00000014        0x0 sonar_mode_filter.c.o
 .text          0x00000014        0x0 e:/niu/Flow/src/lib/stm32/st/v1.0.2/STM32F4xx_StdPeriph_Driver/src/misc.c.o
 .text          0x00000014        0x0 e:/niu/Flow/src/lib/stm32/st/v1.0.2/STM32F4xx_StdPeriph_Driver/src/stm32f4xx_rcc.c.o
 .text          0x00000014        0x0 e:/niu/Flow/src/lib/stm32/st/v1.0.2/STM32F4xx_StdPeriph_Driver/src/stm32f4xx_dma.c.o
 .text          0x00000014        0x0 e:/niu/Flow/src/lib/stm32/st/v1.0.2/STM32F4xx_StdPeriph_Driver/src/stm32f4xx_dcmi.c.o
 .text          0x00000014        0x0 e:/niu/Flow/src/lib/stm32/st/v1.0.2/STM32F4xx_StdPeriph_Driver/src/stm32f4xx_i2c.c.o
 .text          0x00000014        0x0 e:/niu/Flow/src/lib/stm32/st/v1.0.2/STM32F4xx_StdPeriph_Driver/src/stm32f4xx_tim.c.o
 .text          0x00000014        0x0 e:/niu/Flow/src/lib/stm32/st/v1.0.2/STM32F4xx_StdPeriph_Driver/src/stm32f4xx_spi.c.o
 .text          0x00000014        0x0 e:/niu/Flow/src/lib/stm32/st/v1.0.2/STM32F4xx_StdPeriph_Driver/src/stm32f4xx_usart.c.o
 .text          0x00000014        0x0 e:/niu/Flow/src/lib/stm32/st/v1.0.2/STM32F4xx_StdPeriph_Driver/src/stm32f4xx_adc.c.o
 .text          0x00000014        0x0 e:/niu/Flow/src/lib/stm32/st/v1.0.2/STM32F4xx_StdPeriph_Driver/src/stm32f4xx_gpio.c.o
 .text          0x00000014        0x0 e:/niu/Flow/src/lib/stm32/st/v1.0.2/STM32_USB_OTG_Driver/src/usb_core.c.o
 .text          0x00000014        0x0 e:/niu/Flow/src/lib/stm32/st/v1.0.2/STM32_USB_OTG_Driver/src/usb_dcd_int.c.o
 .text          0x00000014        0x0 e:/niu/Flow/src/lib/stm32/st/v1.0.2/STM32_USB_OTG_Driver/src/usb_dcd.c.o
 .text          0x00000014        0x0 e:/niu/Flow/src/lib/stm32/st/v1.0.2/STM32_USB_Device_Library/Core/src/usbd_core.c.o
 .text          0x00000014        0x0 e:/niu/Flow/src/lib/stm32/st/v1.0.2/STM32_USB_Device_Library/Core/src/usbd_req.c.o
 .text          0x00000014        0x0 e:/niu/Flow/src/lib/stm32/st/v1.0.2/STM32_USB_Device_Library/Core/src/usbd_ioreq.c.o
 .text          0x00000014        0x0 e:/niu/Flow/src/lib/stm32/st/v1.0.2/STM32_USB_Device_Library/Class/cdc/src/usbd_cdc_core.c.o
 *(.gnu.warning)

.text.Reset_Handler
                0x00000000       0x50
 .text.Reset_Handler
                0x00000000       0x50 e:/niu/Flow/src/lib/stm32/st/v1.0.2/startup_stm32f4xx.s.o
                0x00000000                Reset_Handler

.text.Default_Handler
                0x00000000        0x4
 .text.Default_Handler
                0x00000000        0x4 e:/niu/Flow/src/lib/stm32/st/v1.0.2/startup_stm32f4xx.s.o
                0x00000000                RTC_Alarm_IRQHandler
                0x00000000                HASH_RNG_IRQHandler
                0x00000000                EXTI2_IRQHandler
                0x00000000                TIM8_CC_IRQHandler
                0x00000000                TIM1_CC_IRQHandler
                0x00000000                DMA2_Stream5_IRQHandler
                0x00000000                DMA1_Stream5_IRQHandler
                0x00000000                PVD_IRQHandler
                0x00000000                SDIO_IRQHandler
                0x00000000                TAMP_STAMP_IRQHandler
                0x00000000                CAN2_RX1_IRQHandler
                0x00000000                EXTI3_IRQHandler
                0x00000000                TIM8_TRG_COM_TIM14_IRQHandler
                0x00000000                TIM1_UP_TIM10_IRQHandler
                0x00000000                TIM8_UP_TIM13_IRQHandler
                0x00000000                I2C3_ER_IRQHandler
                0x00000000                EXTI0_IRQHandler
                0x00000000                I2C2_EV_IRQHandler
                0x00000000                DMA1_Stream2_IRQHandler
                0x00000000                CAN1_RX0_IRQHandler
                0x00000000                FPU_IRQHandler
                0x00000000                OTG_HS_WKUP_IRQHandler
                0x00000000                CAN2_SCE_IRQHandler
                0x00000000                DMA2_Stream2_IRQHandler
                0x00000000                SPI1_IRQHandler
                0x00000000                TIM6_DAC_IRQHandler
                0x00000000                TIM1_BRK_TIM9_IRQHandler
                0x00000000                CAN2_RX0_IRQHandler
                0x00000000                DMA2_Stream3_IRQHandler
                0x00000000                USART6_IRQHandler
                0x00000000                CRYP_IRQHandler
                0x00000000                CAN1_RX1_IRQHandler
                0x00000000                UART5_IRQHandler
                0x00000000                DMA2_Stream0_IRQHandler
                0x00000000                TIM4_IRQHandler
                0x00000000                DMA1_Stream6_IRQHandler
                0x00000000                DMA1_Stream1_IRQHandler
                0x00000000                TIM3_IRQHandler
                0x00000000                RCC_IRQHandler
                0x00000000                TIM8_BRK_TIM12_IRQHandler
                0x00000000                Default_Handler
                0x00000000                EXTI15_10_IRQHandler
                0x00000000                ADC_IRQHandler
                0x00000000                DMA1_Stream7_IRQHandler
                0x00000000                TIM7_IRQHandler
                0x00000000                CAN2_TX_IRQHandler
                0x00000000                TIM5_IRQHandler
                0x00000000                DMA2_Stream7_IRQHandler
                0x00000000                I2C3_EV_IRQHandler
                0x00000000                EXTI9_5_IRQHandler
                0x00000000                RTC_WKUP_IRQHandler
                0x00000000                ETH_WKUP_IRQHandler
                0x00000000                SPI2_IRQHandler
                0x00000000                OTG_HS_EP1_IN_IRQHandler
                0x00000000                DMA1_Stream0_IRQHandler
                0x00000000                CAN1_TX_IRQHandler
                0x00000000                EXTI4_IRQHandler
                0x00000000                FSMC_IRQHandler
                0x00000000                ETH_IRQHandler
                0x00000000                OTG_HS_EP1_OUT_IRQHandler
                0x00000000                WWDG_IRQHandler
                0x00000000                TIM2_IRQHandler
                0x00000000                OTG_FS_WKUP_IRQHandler
                0x00000000                TIM1_TRG_COM_TIM11_IRQHandler
                0x00000000                OTG_HS_IRQHandler
                0x00000000                EXTI1_IRQHandler
                0x00000000                I2C2_ER_IRQHandler
                0x00000000                CAN1_SCE_IRQHandler
                0x00000000                FLASH_IRQHandler
                0x00000000                DMA2_Stream4_IRQHandler
                0x00000000                USART1_IRQHandler
                0x00000000                SPI3_IRQHandler
                0x00000000                DMA1_Stream4_IRQHandler
                0x00000000                DMA2_Stream6_IRQHandler
                0x00000000                DMA1_Stream3_IRQHandler

.text.SystemInit
                0x00000000      0x100
 .text.SystemInit
                0x00000000      0x100 system_stm32f4xx.c.o
                0x00000000                SystemInit

.text.SystemCoreClockUpdate
                0x00000000       0x70
 .text.SystemCoreClockUpdate
                0x00000000       0x70 system_stm32f4xx.c.o
                0x00000000                SystemCoreClockUpdate

.text.NMI_Handler
                0x00000000        0x4
 .text.NMI_Handler
                0x00000000        0x4 stm32f4xx_it.c.o
                0x00000000                NMI_Handler

.text.HardFault_Handler
                0x00000000        0x4
 .text.HardFault_Handler
                0x00000000        0x4 stm32f4xx_it.c.o
                0x00000000                HardFault_Handler

.text.MemManage_Handler
                0x00000000        0x4
 .text.MemManage_Handler
                0x00000000        0x4 stm32f4xx_it.c.o
                0x00000000                MemManage_Handler

.text.BusFault_Handler
                0x00000000        0x4
 .text.BusFault_Handler
                0x00000000        0x4 stm32f4xx_it.c.o
                0x00000000                BusFault_Handler

.text.UsageFault_Handler
                0x00000000        0x4
 .text.UsageFault_Handler
                0x00000000        0x4 stm32f4xx_it.c.o
                0x00000000                UsageFault_Handler

.text.SVC_Handler
                0x00000000        0x4
 .text.SVC_Handler
                0x00000000        0x4 stm32f4xx_it.c.o
                0x00000000                SVC_Handler

.text.DebugMon_Handler
                0x00000000        0x4
 .text.DebugMon_Handler
                0x00000000        0x4 stm32f4xx_it.c.o
                0x00000000                DebugMon_Handler

.text.PendSV_Handler
                0x00000000        0x4
 .text.PendSV_Handler
                0x00000000        0x4 stm32f4xx_it.c.o
                0x00000000                PendSV_Handler

.text.SysTick_Handler
                0x00000000        0x4
 .text.SysTick_Handler
                0x00000000        0x4 stm32f4xx_it.c.o
                0x00000000                SysTick_Handler

.text.OTG_FS_IRQHandler
                0x00000000        0xc
 .text.OTG_FS_IRQHandler
                0x00000000        0xc stm32f4xx_it.c.o
                0x00000000                OTG_FS_IRQHandler

.text.timer_update_ms
                0x00000000      0x124
 .text.timer_update_ms
                0x00000000      0x124 main.c.o
                0x00000000                timer_update_ms

.text.timer_update
                0x00000000       0x28
 .text.timer_update
                0x00000000       0x28 main.c.o
                0x00000000                timer_update

.text.get_boot_time_ms
                0x00000000        0xc
 .text.get_boot_time_ms
                0x00000000        0xc main.c.o
                0x00000000                get_boot_time_ms

.text.get_boot_time_us
                0x00000000       0x10
 .text.get_boot_time_us
                0x00000000       0x10 main.c.o
                0x00000000                get_boot_time_us

.text.delay     0x00000000       0x10
 .text.delay    0x00000000       0x10 main.c.o
                0x00000000                delay

.text.buffer_reset
                0x00000000        0xc
 .text.buffer_reset
                0x00000000        0xc main.c.o
                0x00000000                buffer_reset

.text.startup.main
                0x00000000     0x12c4
 .text.startup.main
                0x00000000     0x12c4 main.c.o
                0x00000000                main

.text.flow_ftoa
                0x00000000      0x13c
 .text.flow_ftoa
                0x00000000      0x13c utils.c.o
                0x00000000                flow_ftoa

.text.flow_ltoa
                0x00000000       0x74
 .text.flow_ltoa
                0x00000000       0x74 utils.c.o
                0x00000000                flow_ltoa

.text.flow_itoa
                0x00000000       0x74
 .text.flow_itoa
                0x00000000       0x74 utils.c.o
                0x00000000                flow_itoa

.text.LEDInit   0x00000000       0x4c
 .text.LEDInit  0x00000000       0x4c led.c.o
                0x00000000                LEDInit

.text.LEDOn     0x00000000       0x1c
 .text.LEDOn    0x00000000       0x1c led.c.o
                0x00000000                LEDOn

.text.LEDOff    0x00000000       0x1c
 .text.LEDOff   0x00000000       0x1c led.c.o
                0x00000000                LEDOff

.text.LEDToggle
                0x00000000       0x1c
 .text.LEDToggle
                0x00000000       0x1c led.c.o
                0x00000000                LEDToggle

.text.global_data_reset_param_defaults
                0x00000000      0x5ac
 .text.global_data_reset_param_defaults
                0x00000000      0x5ac settings.c.o
                0x00000000                global_data_reset_param_defaults

.text.global_data_reset
                0x00000000        0x4
 .text.global_data_reset
                0x00000000        0x4 settings.c.o
                0x00000000                global_data_reset

.text.set_sensor_position_settings
                0x00000000       0x28
 .text.set_sensor_position_settings
                0x00000000       0x28 settings.c.o
                0x00000000                set_sensor_position_settings

.text.mavlink_send_uart_bytes.part.0
                0x00000000       0x18
 .text.mavlink_send_uart_bytes.part.0
                0x00000000       0x18 communication.c.o

.text._mav_finalize_message_chan_send
                0x00000000      0x1a8
 .text._mav_finalize_message_chan_send
                0x00000000      0x1a8 communication.c.o

.text.mavlink_msg_param_value_send.constprop.2
                0x00000000      0x1b8
 .text.mavlink_msg_param_value_send.constprop.2
                0x00000000      0x1b8 communication.c.o

.text.communication_init
                0x00000000       0x2c
 .text.communication_init
                0x00000000       0x2c communication.c.o
                0x00000000                communication_init

.text.communication_system_state_send
                0x00000000      0x3b4
 .text.communication_system_state_send
                0x00000000      0x3b4 communication.c.o
                0x00000000                communication_system_state_send

.text.communication_parameter_send
                0x00000000      0x2b8
 .text.communication_parameter_send
                0x00000000      0x2b8 communication.c.o
                0x00000000                communication_parameter_send

.text.handle_mavlink_message
                0x00000000     0x13ec
 .text.handle_mavlink_message
                0x00000000     0x13ec communication.c.o
                0x00000000                handle_mavlink_message

.text.communication_receive
                0x00000000      0x204
 .text.communication_receive
                0x00000000      0x204 communication.c.o
                0x00000000                communication_receive

.text.communication_receive_forward
                0x00000000      0x288
 .text.communication_receive_forward
                0x00000000      0x288 communication.c.o
                0x00000000                communication_receive_forward

.text.communication_receive_usb
                0x00000000      0x224
 .text.communication_receive_usb
                0x00000000      0x224 communication.c.o
                0x00000000                communication_receive_usb

.text.mavlink_send_uart_bytes
                0x00000000       0x3c
 .text.mavlink_send_uart_bytes
                0x00000000       0x3c communication.c.o
                0x00000000                mavlink_send_uart_bytes

.text.mavlink_get_channel_status
                0x00000000       0x10
 .text.mavlink_get_channel_status
                0x00000000       0x10 communication.c.o
                0x00000000                mavlink_get_channel_status

.text.mavlink_get_channel_buffer
                0x00000000       0x10
 .text.mavlink_get_channel_buffer
                0x00000000       0x10 communication.c.o
                0x00000000                mavlink_get_channel_buffer

.text.compute_flow
                0x00000000      0xb54
 .text.compute_flow
                0x00000000      0xb54 flow.c.o
                0x00000000                compute_flow

.text.dcmi_restart_calibration_routine
                0x00000000       0x64
 .text.dcmi_restart_calibration_routine
                0x00000000       0x64 dcmi.c.o
                0x00000000                dcmi_restart_calibration_routine

.text.DCMI_IRQHandler
                0x00000000       0x18
 .text.DCMI_IRQHandler
                0x00000000       0x18 dcmi.c.o
                0x00000000                DCMI_IRQHandler

.text.dma_swap_buffers
                0x00000000       0xcc
 .text.dma_swap_buffers
                0x00000000       0xcc dcmi.c.o
                0x00000000                dma_swap_buffers

.text.DMA2_Stream1_IRQHandler
                0x00000000       0xc8
 .text.DMA2_Stream1_IRQHandler
                0x00000000       0xc8 dcmi.c.o
                0x00000000                DMA2_Stream1_IRQHandler

.text.get_time_between_images
                0x00000000        0xc
 .text.get_time_between_images
                0x00000000        0xc dcmi.c.o
                0x00000000                get_time_between_images

.text.get_frame_counter
                0x00000000        0xc
 .text.get_frame_counter
                0x00000000        0xc dcmi.c.o
                0x00000000                get_frame_counter

.text.dma_copy_image_buffers
                0x00000000       0x9c
 .text.dma_copy_image_buffers
                0x00000000       0x9c dcmi.c.o
                0x00000000                dma_copy_image_buffers

.text.send_calibration_image
                0x00000000      0x4c8
 .text.send_calibration_image
                0x00000000      0x4c8 dcmi.c.o
                0x00000000                send_calibration_image

.text.dcmi_it_init
                0x00000000       0x24
 .text.dcmi_it_init
                0x00000000       0x24 dcmi.c.o
                0x00000000                dcmi_it_init

.text.dma_it_init
                0x00000000       0x34
 .text.dma_it_init
                0x00000000       0x34 dcmi.c.o
                0x00000000                dma_it_init

.text.dcmi_dma_enable
                0x00000000       0x54
 .text.dcmi_dma_enable
                0x00000000       0x54 dcmi.c.o
                0x00000000                dcmi_dma_enable

.text.dcmi_dma_disable
                0x00000000       0x20
 .text.dcmi_dma_disable
                0x00000000       0x20 dcmi.c.o
                0x00000000                dcmi_dma_disable

.text.reset_frame_counter
                0x00000000        0xc
 .text.reset_frame_counter
                0x00000000        0xc dcmi.c.o
                0x00000000                reset_frame_counter

.text.dcmi_clock_init
                0x00000000       0xa4
 .text.dcmi_clock_init
                0x00000000       0xa4 dcmi.c.o
                0x00000000                dcmi_clock_init

.text.dcmi_hw_init
                0x00000000      0x1e4
 .text.dcmi_hw_init
                0x00000000      0x1e4 dcmi.c.o
                0x00000000                dcmi_hw_init

.text.dcmi_dma_init
                0x00000000       0xcc
 .text.dcmi_dma_init
                0x00000000       0xcc dcmi.c.o
                0x00000000                dcmi_dma_init

.text.enable_image_capture
                0x00000000       0x80
 .text.enable_image_capture
                0x00000000       0x80 dcmi.c.o
                0x00000000                enable_image_capture

.text.dma_reconfigure
                0x00000000       0xa0
 .text.dma_reconfigure
                0x00000000       0xa0 dcmi.c.o
                0x00000000                dma_reconfigure

.text.mt9v034_WriteReg
                0x00000000       0xa0
 .text.mt9v034_WriteReg
                0x00000000       0xa0 mt9v034.c.o
                0x00000000                mt9v034_WriteReg

.text.mt9v034_set_context
                0x00000000       0x2c
 .text.mt9v034_set_context
                0x00000000       0x2c mt9v034.c.o
                0x00000000                mt9v034_set_context

.text.mt9v034_WriteReg16
                0x00000000       0x1c
 .text.mt9v034_WriteReg16
                0x00000000       0x1c mt9v034.c.o
                0x00000000                mt9v034_WriteReg16

.text.mt9v034_ReadReg
                0x00000000       0xf8
 .text.mt9v034_ReadReg
                0x00000000       0xf8 mt9v034.c.o
                0x00000000                mt9v034_ReadReg

.text.mt9v034_context_configuration
                0x00000000      0x3ac
 .text.mt9v034_context_configuration
                0x00000000      0x3ac mt9v034.c.o
                0x00000000                mt9v034_context_configuration

.text.mt9v034_ReadReg16
                0x00000000       0x18
 .text.mt9v034_ReadReg16
                0x00000000       0x18 mt9v034.c.o
                0x00000000                mt9v034_ReadReg16

.text.gyro_read
                0x00000000      0x2a0
 .text.gyro_read
                0x00000000      0x2a0 gyro.c.o
                0x00000000                gyro_read

.text.l3gd20_config
                0x00000000      0x1ac
 .text.l3gd20_config
                0x00000000      0x1ac gyro.c.o
                0x00000000                l3gd20_config

.text.spi_config
                0x00000000       0xfc
 .text.spi_config
                0x00000000       0xfc gyro.c.o
                0x00000000                spi_config

.text.gyro_config
                0x00000000      0x1b0
 .text.gyro_config
                0x00000000      0x1b0 gyro.c.o
                0x00000000                gyro_config

.text.l3gd20_ReadByte
                0x00000000       0x40
 .text.l3gd20_ReadByte
                0x00000000       0x40 gyro.c.o
                0x00000000                l3gd20_ReadByte

.text.l3gd20_SendByte
                0x00000000       0x40
 .text.l3gd20_SendByte
                0x00000000       0x40 gyro.c.o
                0x00000000                l3gd20_SendByte

.text.l3gd20_SendHalfWord
                0x00000000       0x4c
 .text.l3gd20_SendHalfWord
                0x00000000       0x4c gyro.c.o
                0x00000000                l3gd20_SendHalfWord

.text.l3gd20_WriteEnable
                0x00000000       0x54
 .text.l3gd20_WriteEnable
                0x00000000       0x54 gyro.c.o
                0x00000000                l3gd20_WriteEnable

.text.l3gd20_WaitForWriteEnd
                0x00000000       0x88
 .text.l3gd20_WaitForWriteEnd
                0x00000000       0x88 gyro.c.o
                0x00000000                l3gd20_WaitForWriteEnd

.text.getGyroRange
                0x00000000        0xc
 .text.getGyroRange
                0x00000000        0xc gyro.c.o
                0x00000000                getGyroRange

.text.getGyroScalingFactor
                0x00000000       0x20
 .text.getGyroScalingFactor
                0x00000000       0x20 gyro.c.o
                0x00000000                getGyroScalingFactor

.text.usart2_tx_ringbuffer_push
                0x00000000       0xa4
 .text.usart2_tx_ringbuffer_push
                0x00000000       0xa4 usart.c.o
                0x00000000                usart2_tx_ringbuffer_push

.text.usart3_tx_ringbuffer_push
                0x00000000       0xa4
 .text.usart3_tx_ringbuffer_push
                0x00000000       0xa4 usart.c.o
                0x00000000                usart3_tx_ringbuffer_push

.text.usart2_char_available
                0x00000000       0x18
 .text.usart2_char_available
                0x00000000       0x18 usart.c.o
                0x00000000                usart2_char_available

.text.usart3_char_available
                0x00000000       0x18
 .text.usart3_char_available
                0x00000000       0x18 usart.c.o
                0x00000000                usart3_char_available

.text.usart2_rx_ringbuffer_pop
                0x00000000       0x50
 .text.usart2_rx_ringbuffer_pop
                0x00000000       0x50 usart.c.o
                0x00000000                usart2_rx_ringbuffer_pop

.text.usart3_rx_ringbuffer_pop
                0x00000000       0x50
 .text.usart3_rx_ringbuffer_pop
                0x00000000       0x50 usart.c.o
                0x00000000                usart3_rx_ringbuffer_pop

.text.usart2_rx_ringbuffer_push_from_usart
                0x00000000       0x50
 .text.usart2_rx_ringbuffer_push_from_usart
                0x00000000       0x50 usart.c.o
                0x00000000                usart2_rx_ringbuffer_push_from_usart

.text.usart3_rx_ringbuffer_push_from_usart
                0x00000000       0x50
 .text.usart3_rx_ringbuffer_push_from_usart
                0x00000000       0x50 usart.c.o
                0x00000000                usart3_rx_ringbuffer_push_from_usart

.text.usart2_tx_ringbuffer_pop_to_usart
                0x00000000       0x54
 .text.usart2_tx_ringbuffer_pop_to_usart
                0x00000000       0x54 usart.c.o
                0x00000000                usart2_tx_ringbuffer_pop_to_usart

.text.usart3_tx_ringbuffer_pop_to_usart
                0x00000000       0x54
 .text.usart3_tx_ringbuffer_pop_to_usart
                0x00000000       0x54 usart.c.o
                0x00000000                usart3_tx_ringbuffer_pop_to_usart

.text.USART2_IRQHandler
                0x00000000       0xcc
 .text.USART2_IRQHandler
                0x00000000       0xcc usart.c.o
                0x00000000                USART2_IRQHandler

.text.USART3_IRQHandler
                0x00000000       0xcc
 .text.USART3_IRQHandler
                0x00000000       0xcc usart.c.o
                0x00000000                USART3_IRQHandler

.text.usart_init
                0x00000000      0x160
 .text.usart_init
                0x00000000      0x160 usart.c.o
                0x00000000                usart_init

.text.sonar_trigger
                0x00000000       0x10
 .text.sonar_trigger
                0x00000000       0x10 sonar.c.o
                0x00000000                sonar_trigger

.text.UART4_IRQHandler
                0x00000000      0x154
 .text.UART4_IRQHandler
                0x00000000      0x154 sonar.c.o
                0x00000000                UART4_IRQHandler

.text.sonar_read
                0x00000000       0xf0
 .text.sonar_read
                0x00000000       0xf0 sonar.c.o
                0x00000000                sonar_read

.text.sonar_config
                0x00000000       0xe0
 .text.sonar_config
                0x00000000       0xe0 sonar.c.o
                0x00000000                sonar_config

.text.get_sonar_measure_time
                0x00000000        0xc
 .text.get_sonar_measure_time
                0x00000000        0xc sonar.c.o
                0x00000000                get_sonar_measure_time

.text.get_sonar_measure_time_interrupt
                0x00000000        0xc
 .text.get_sonar_measure_time_interrupt
                0x00000000        0xc sonar.c.o
                0x00000000                get_sonar_measure_time_interrupt

.text.debug_string_message_buffer
                0x00000000       0x5c
 .text.debug_string_message_buffer
                0x00000000       0x5c debug.c.o
                0x00000000                debug_string_message_buffer

.text.debug_int_message_buffer
                0x00000000       0x70
 .text.debug_int_message_buffer
                0x00000000       0x70 debug.c.o
                0x00000000                debug_int_message_buffer

.text.debug_float_message_buffer
                0x00000000       0x6c
 .text.debug_float_message_buffer
                0x00000000       0x6c debug.c.o
                0x00000000                debug_float_message_buffer

.text.debug_message_send_one
                0x00000000      0x3c4
 .text.debug_message_send_one
                0x00000000      0x3c4 debug.c.o
                0x00000000                debug_message_send_one

.text.USB_OTG_BSP_Init
                0x00000000       0x9c
 .text.USB_OTG_BSP_Init
                0x00000000       0x9c usb_bsp.c.o
                0x00000000                USB_OTG_BSP_Init

.text.USB_OTG_BSP_EnableInterrupt
                0x00000000       0x30
 .text.USB_OTG_BSP_EnableInterrupt
                0x00000000       0x30 usb_bsp.c.o
                0x00000000                USB_OTG_BSP_EnableInterrupt

.text.USB_OTG_BSP_uDelay
                0x00000000       0x24
 .text.USB_OTG_BSP_uDelay
                0x00000000       0x24 usb_bsp.c.o
                0x00000000                USB_OTG_BSP_uDelay

.text.USB_OTG_BSP_mDelay
                0x00000000       0x28
 .text.USB_OTG_BSP_mDelay
                0x00000000       0x28 usb_bsp.c.o
                0x00000000                USB_OTG_BSP_mDelay

.text.VCP_Init  0x00000000        0x4
 .text.VCP_Init
                0x00000000        0x4 usbd_cdc_vcp.c.o

.text.VCP_DeInit
                0x00000000        0x4
 .text.VCP_DeInit
                0x00000000        0x4 usbd_cdc_vcp.c.o

.text.VCP_DataTx
                0x00000000       0x34
 .text.VCP_DataTx
                0x00000000       0x34 usbd_cdc_vcp.c.o

.text.VCP_DataRx
                0x00000000       0x48
 .text.VCP_DataRx
                0x00000000       0x48 usbd_cdc_vcp.c.o

.text.VCP_Ctrl  0x00000000       0x2c
 .text.VCP_Ctrl
                0x00000000       0x2c usbd_cdc_vcp.c.o

.text.VCP_put_char
                0x00000000       0x28
 .text.VCP_put_char
                0x00000000       0x28 usbd_cdc_vcp.c.o
                0x00000000                VCP_put_char

.text.VCP_send_str
                0x00000000       0x40
 .text.VCP_send_str
                0x00000000       0x40 usbd_cdc_vcp.c.o
                0x00000000                VCP_send_str

.text.VCP_get_char
                0x00000000       0x34
 .text.VCP_get_char
                0x00000000       0x34 usbd_cdc_vcp.c.o
                0x00000000                VCP_get_char

.text.VCP_get_string
                0x00000000       0x88
 .text.VCP_get_string
                0x00000000       0x88 usbd_cdc_vcp.c.o
                0x00000000                VCP_get_string

.text.USBD_USR_DeviceDescriptor
                0x00000000        0xc
 .text.USBD_USR_DeviceDescriptor
                0x00000000        0xc usbd_desc.c.o
                0x00000000                USBD_USR_DeviceDescriptor

.text.USBD_USR_LangIDStrDescriptor
                0x00000000        0xc
 .text.USBD_USR_LangIDStrDescriptor
                0x00000000        0xc usbd_desc.c.o
                0x00000000                USBD_USR_LangIDStrDescriptor

.text.USBD_USR_ManufacturerStrDescriptor
                0x00000000       0x1c
 .text.USBD_USR_ManufacturerStrDescriptor
                0x00000000       0x1c usbd_desc.c.o
                0x00000000                USBD_USR_ManufacturerStrDescriptor

.text.USBD_USR_ProductStrDescriptor
                0x00000000       0x1c
 .text.USBD_USR_ProductStrDescriptor
                0x00000000       0x1c usbd_desc.c.o
                0x00000000                USBD_USR_ProductStrDescriptor

.text.USBD_USR_SerialStrDescriptor
                0x00000000       0x1c
 .text.USBD_USR_SerialStrDescriptor
                0x00000000       0x1c usbd_desc.c.o
                0x00000000                USBD_USR_SerialStrDescriptor

.text.USBD_USR_ConfigStrDescriptor
                0x00000000       0x1c
 .text.USBD_USR_ConfigStrDescriptor
                0x00000000       0x1c usbd_desc.c.o
                0x00000000                USBD_USR_ConfigStrDescriptor

.text.USBD_USR_InterfaceStrDescriptor
                0x00000000       0x1c
 .text.USBD_USR_InterfaceStrDescriptor
                0x00000000       0x1c usbd_desc.c.o
                0x00000000                USBD_USR_InterfaceStrDescriptor

.text.USBD_USR_Init
                0x00000000        0x4
 .text.USBD_USR_Init
                0x00000000        0x4 usbd_usr.c.o
                0x00000000                USBD_USR_Init

.text.USBD_USR_DeviceReset
                0x00000000        0x4
 .text.USBD_USR_DeviceReset
                0x00000000        0x4 usbd_usr.c.o
                0x00000000                USBD_USR_DeviceReset

.text.USBD_USR_DeviceConfigured
                0x00000000        0x4
 .text.USBD_USR_DeviceConfigured
                0x00000000        0x4 usbd_usr.c.o
                0x00000000                USBD_USR_DeviceConfigured

.text.USBD_USR_DeviceSuspended
                0x00000000        0x4
 .text.USBD_USR_DeviceSuspended
                0x00000000        0x4 usbd_usr.c.o
                0x00000000                USBD_USR_DeviceSuspended

.text.USBD_USR_DeviceResumed
                0x00000000        0x4
 .text.USBD_USR_DeviceResumed
                0x00000000        0x4 usbd_usr.c.o
                0x00000000                USBD_USR_DeviceResumed

.text.USBD_USR_DeviceConnected
                0x00000000        0x4
 .text.USBD_USR_DeviceConnected
                0x00000000        0x4 usbd_usr.c.o
                0x00000000                USBD_USR_DeviceConnected

.text.USBD_USR_DeviceDisconnected
                0x00000000        0x4
 .text.USBD_USR_DeviceDisconnected
                0x00000000        0x4 usbd_usr.c.o
                0x00000000                USBD_USR_DeviceDisconnected

.text.i2c_init  0x00000000      0x184
 .text.i2c_init
                0x00000000      0x184 i2c.c.o
                0x00000000                i2c_init

.text.I2C1_EV_IRQHandler
                0x00000000      0x13c
 .text.I2C1_EV_IRQHandler
                0x00000000      0x13c i2c.c.o
                0x00000000                I2C1_EV_IRQHandler

.text.I2C1_ER_IRQHandler
                0x00000000       0x20
 .text.I2C1_ER_IRQHandler
                0x00000000       0x20 i2c.c.o
                0x00000000                I2C1_ER_IRQHandler

.text.update_TX_buffer
                0x00000000      0x3e0
 .text.update_TX_buffer
                0x00000000      0x3e0 i2c.c.o
                0x00000000                update_TX_buffer

.text.readI2CAddressOffset
                0x00000000       0x48
 .text.readI2CAddressOffset
                0x00000000       0x48 i2c.c.o
                0x00000000                readI2CAddressOffset

.text.i2c_get_ownaddress1
                0x00000000       0x54
 .text.i2c_get_ownaddress1
                0x00000000       0x54 i2c.c.o
                0x00000000                i2c_get_ownaddress1

.text.modifyreg32
                0x00000000        0xc
 .text.modifyreg32
                0x00000000        0xc reset.c.o
                0x00000000                modifyreg32

.text.stm32_pwr_enablebkp
                0x00000000       0x10
 .text.stm32_pwr_enablebkp
                0x00000000       0x10 reset.c.o
                0x00000000                stm32_pwr_enablebkp

.text.up_systemreset
                0x00000000       0x1c
 .text.up_systemreset
                0x00000000       0x1c reset.c.o
                0x00000000                up_systemreset

.text.systemreset
                0x00000000       0x24
 .text.systemreset
                0x00000000       0x24 reset.c.o
                0x00000000                systemreset

.text.insert_sonar_value_and_get_mode_value
                0x00000000       0x60
 .text.insert_sonar_value_and_get_mode_value
                0x00000000       0x60 sonar_mode_filter.c.o
                0x00000000                insert_sonar_value_and_get_mode_value

.text.NVIC_PriorityGroupConfig
                0x00000000       0x14
 .text.NVIC_PriorityGroupConfig
                0x00000000       0x14 e:/niu/Flow/src/lib/stm32/st/v1.0.2/STM32F4xx_StdPeriph_Driver/src/misc.c.o
                0x00000000                NVIC_PriorityGroupConfig

.text.NVIC_Init
                0x00000000       0x78
 .text.NVIC_Init
                0x00000000       0x78 e:/niu/Flow/src/lib/stm32/st/v1.0.2/STM32F4xx_StdPeriph_Driver/src/misc.c.o
                0x00000000                NVIC_Init

.text.NVIC_SetVectorTable
                0x00000000       0x14
 .text.NVIC_SetVectorTable
                0x00000000       0x14 e:/niu/Flow/src/lib/stm32/st/v1.0.2/STM32F4xx_StdPeriph_Driver/src/misc.c.o
                0x00000000                NVIC_SetVectorTable

.text.NVIC_SystemLPConfig
                0x00000000       0x18
 .text.NVIC_SystemLPConfig
                0x00000000       0x18 e:/niu/Flow/src/lib/stm32/st/v1.0.2/STM32F4xx_StdPeriph_Driver/src/misc.c.o
                0x00000000                NVIC_SystemLPConfig

.text.SysTick_CLKSourceConfig
                0x00000000       0x18
 .text.SysTick_CLKSourceConfig
                0x00000000       0x18 e:/niu/Flow/src/lib/stm32/st/v1.0.2/STM32F4xx_StdPeriph_Driver/src/misc.c.o
                0x00000000                SysTick_CLKSourceConfig

.text.RCC_DeInit
                0x00000000       0x34
 .text.RCC_DeInit
                0x00000000       0x34 e:/niu/Flow/src/lib/stm32/st/v1.0.2/STM32F4xx_StdPeriph_Driver/src/stm32f4xx_rcc.c.o
                0x00000000                RCC_DeInit

.text.RCC_HSEConfig
                0x00000000       0x10
 .text.RCC_HSEConfig
                0x00000000       0x10 e:/niu/Flow/src/lib/stm32/st/v1.0.2/STM32F4xx_StdPeriph_Driver/src/stm32f4xx_rcc.c.o
                0x00000000                RCC_HSEConfig

.text.RCC_WaitForHSEStartUp
                0x00000000       0x38
 .text.RCC_WaitForHSEStartUp
                0x00000000       0x38 e:/niu/Flow/src/lib/stm32/st/v1.0.2/STM32F4xx_StdPeriph_Driver/src/stm32f4xx_rcc.c.o
                0x00000000                RCC_WaitForHSEStartUp

.text.RCC_AdjustHSICalibrationValue
                0x00000000       0x14
 .text.RCC_AdjustHSICalibrationValue
                0x00000000       0x14 e:/niu/Flow/src/lib/stm32/st/v1.0.2/STM32F4xx_StdPeriph_Driver/src/stm32f4xx_rcc.c.o
                0x00000000                RCC_AdjustHSICalibrationValue

.text.RCC_HSICmd
                0x00000000        0xc
 .text.RCC_HSICmd
                0x00000000        0xc e:/niu/Flow/src/lib/stm32/st/v1.0.2/STM32F4xx_StdPeriph_Driver/src/stm32f4xx_rcc.c.o
                0x00000000                RCC_HSICmd

.text.RCC_LSEConfig
                0x00000000       0x20
 .text.RCC_LSEConfig
                0x00000000       0x20 e:/niu/Flow/src/lib/stm32/st/v1.0.2/STM32F4xx_StdPeriph_Driver/src/stm32f4xx_rcc.c.o
                0x00000000                RCC_LSEConfig

.text.RCC_LSICmd
                0x00000000        0xc
 .text.RCC_LSICmd
                0x00000000        0xc e:/niu/Flow/src/lib/stm32/st/v1.0.2/STM32F4xx_StdPeriph_Driver/src/stm32f4xx_rcc.c.o
                0x00000000                RCC_LSICmd

.text.RCC_PLLConfig
                0x00000000       0x24
 .text.RCC_PLLConfig
                0x00000000       0x24 e:/niu/Flow/src/lib/stm32/st/v1.0.2/STM32F4xx_StdPeriph_Driver/src/stm32f4xx_rcc.c.o
                0x00000000                RCC_PLLConfig

.text.RCC_PLLCmd
                0x00000000        0xc
 .text.RCC_PLLCmd
                0x00000000        0xc e:/niu/Flow/src/lib/stm32/st/v1.0.2/STM32F4xx_StdPeriph_Driver/src/stm32f4xx_rcc.c.o
                0x00000000                RCC_PLLCmd

.text.RCC_PLLI2SConfig
                0x00000000       0x14
 .text.RCC_PLLI2SConfig
                0x00000000       0x14 e:/niu/Flow/src/lib/stm32/st/v1.0.2/STM32F4xx_StdPeriph_Driver/src/stm32f4xx_rcc.c.o
                0x00000000                RCC_PLLI2SConfig

.text.RCC_PLLI2SCmd
                0x00000000        0xc
 .text.RCC_PLLI2SCmd
                0x00000000        0xc e:/niu/Flow/src/lib/stm32/st/v1.0.2/STM32F4xx_StdPeriph_Driver/src/stm32f4xx_rcc.c.o
                0x00000000                RCC_PLLI2SCmd

.text.RCC_ClockSecuritySystemCmd
                0x00000000        0xc
 .text.RCC_ClockSecuritySystemCmd
                0x00000000        0xc e:/niu/Flow/src/lib/stm32/st/v1.0.2/STM32F4xx_StdPeriph_Driver/src/stm32f4xx_rcc.c.o
                0x00000000                RCC_ClockSecuritySystemCmd

.text.RCC_MCO1Config
                0x00000000       0x14
 .text.RCC_MCO1Config
                0x00000000       0x14 e:/niu/Flow/src/lib/stm32/st/v1.0.2/STM32F4xx_StdPeriph_Driver/src/stm32f4xx_rcc.c.o
                0x00000000                RCC_MCO1Config

.text.RCC_MCO2Config
                0x00000000       0x14
 .text.RCC_MCO2Config
                0x00000000       0x14 e:/niu/Flow/src/lib/stm32/st/v1.0.2/STM32F4xx_StdPeriph_Driver/src/stm32f4xx_rcc.c.o
                0x00000000                RCC_MCO2Config

.text.RCC_SYSCLKConfig
                0x00000000       0x14
 .text.RCC_SYSCLKConfig
                0x00000000       0x14 e:/niu/Flow/src/lib/stm32/st/v1.0.2/STM32F4xx_StdPeriph_Driver/src/stm32f4xx_rcc.c.o
                0x00000000                RCC_SYSCLKConfig

.text.RCC_GetSYSCLKSource
                0x00000000       0x10
 .text.RCC_GetSYSCLKSource
                0x00000000       0x10 e:/niu/Flow/src/lib/stm32/st/v1.0.2/STM32F4xx_StdPeriph_Driver/src/stm32f4xx_rcc.c.o
                0x00000000                RCC_GetSYSCLKSource

.text.RCC_HCLKConfig
                0x00000000       0x14
 .text.RCC_HCLKConfig
                0x00000000       0x14 e:/niu/Flow/src/lib/stm32/st/v1.0.2/STM32F4xx_StdPeriph_Driver/src/stm32f4xx_rcc.c.o
                0x00000000                RCC_HCLKConfig

.text.RCC_PCLK1Config
                0x00000000       0x14
 .text.RCC_PCLK1Config
                0x00000000       0x14 e:/niu/Flow/src/lib/stm32/st/v1.0.2/STM32F4xx_StdPeriph_Driver/src/stm32f4xx_rcc.c.o
                0x00000000                RCC_PCLK1Config

.text.RCC_PCLK2Config
                0x00000000       0x14
 .text.RCC_PCLK2Config
                0x00000000       0x14 e:/niu/Flow/src/lib/stm32/st/v1.0.2/STM32F4xx_StdPeriph_Driver/src/stm32f4xx_rcc.c.o
                0x00000000                RCC_PCLK2Config

.text.RCC_GetClocksFreq
                0x00000000       0x90
 .text.RCC_GetClocksFreq
                0x00000000       0x90 e:/niu/Flow/src/lib/stm32/st/v1.0.2/STM32F4xx_StdPeriph_Driver/src/stm32f4xx_rcc.c.o
                0x00000000                RCC_GetClocksFreq

.text.RCC_RTCCLKConfig
                0x00000000       0x30
 .text.RCC_RTCCLKConfig
                0x00000000       0x30 e:/niu/Flow/src/lib/stm32/st/v1.0.2/STM32F4xx_StdPeriph_Driver/src/stm32f4xx_rcc.c.o
                0x00000000                RCC_RTCCLKConfig

.text.RCC_RTCCLKCmd
                0x00000000        0xc
 .text.RCC_RTCCLKCmd
                0x00000000        0xc e:/niu/Flow/src/lib/stm32/st/v1.0.2/STM32F4xx_StdPeriph_Driver/src/stm32f4xx_rcc.c.o
                0x00000000                RCC_RTCCLKCmd

.text.RCC_BackupResetCmd
                0x00000000        0xc
 .text.RCC_BackupResetCmd
                0x00000000        0xc e:/niu/Flow/src/lib/stm32/st/v1.0.2/STM32F4xx_StdPeriph_Driver/src/stm32f4xx_rcc.c.o
                0x00000000                RCC_BackupResetCmd

.text.RCC_I2SCLKConfig
                0x00000000        0xc
 .text.RCC_I2SCLKConfig
                0x00000000        0xc e:/niu/Flow/src/lib/stm32/st/v1.0.2/STM32F4xx_StdPeriph_Driver/src/stm32f4xx_rcc.c.o
                0x00000000                RCC_I2SCLKConfig

.text.RCC_AHB1PeriphClockCmd
                0x00000000       0x18
 .text.RCC_AHB1PeriphClockCmd
                0x00000000       0x18 e:/niu/Flow/src/lib/stm32/st/v1.0.2/STM32F4xx_StdPeriph_Driver/src/stm32f4xx_rcc.c.o
                0x00000000                RCC_AHB1PeriphClockCmd

.text.RCC_AHB2PeriphClockCmd
                0x00000000       0x18
 .text.RCC_AHB2PeriphClockCmd
                0x00000000       0x18 e:/niu/Flow/src/lib/stm32/st/v1.0.2/STM32F4xx_StdPeriph_Driver/src/stm32f4xx_rcc.c.o
                0x00000000                RCC_AHB2PeriphClockCmd

.text.RCC_AHB3PeriphClockCmd
                0x00000000       0x18
 .text.RCC_AHB3PeriphClockCmd
                0x00000000       0x18 e:/niu/Flow/src/lib/stm32/st/v1.0.2/STM32F4xx_StdPeriph_Driver/src/stm32f4xx_rcc.c.o
                0x00000000                RCC_AHB3PeriphClockCmd

.text.RCC_APB1PeriphClockCmd
                0x00000000       0x18
 .text.RCC_APB1PeriphClockCmd
                0x00000000       0x18 e:/niu/Flow/src/lib/stm32/st/v1.0.2/STM32F4xx_StdPeriph_Driver/src/stm32f4xx_rcc.c.o
                0x00000000                RCC_APB1PeriphClockCmd

.text.RCC_APB2PeriphClockCmd
                0x00000000       0x18
 .text.RCC_APB2PeriphClockCmd
                0x00000000       0x18 e:/niu/Flow/src/lib/stm32/st/v1.0.2/STM32F4xx_StdPeriph_Driver/src/stm32f4xx_rcc.c.o
                0x00000000                RCC_APB2PeriphClockCmd

.text.RCC_AHB1PeriphResetCmd
                0x00000000       0x18
 .text.RCC_AHB1PeriphResetCmd
                0x00000000       0x18 e:/niu/Flow/src/lib/stm32/st/v1.0.2/STM32F4xx_StdPeriph_Driver/src/stm32f4xx_rcc.c.o
                0x00000000                RCC_AHB1PeriphResetCmd

.text.RCC_AHB2PeriphResetCmd
                0x00000000       0x18
 .text.RCC_AHB2PeriphResetCmd
                0x00000000       0x18 e:/niu/Flow/src/lib/stm32/st/v1.0.2/STM32F4xx_StdPeriph_Driver/src/stm32f4xx_rcc.c.o
                0x00000000                RCC_AHB2PeriphResetCmd

.text.RCC_AHB3PeriphResetCmd
                0x00000000       0x18
 .text.RCC_AHB3PeriphResetCmd
                0x00000000       0x18 e:/niu/Flow/src/lib/stm32/st/v1.0.2/STM32F4xx_StdPeriph_Driver/src/stm32f4xx_rcc.c.o
                0x00000000                RCC_AHB3PeriphResetCmd

.text.RCC_APB1PeriphResetCmd
                0x00000000       0x18
 .text.RCC_APB1PeriphResetCmd
                0x00000000       0x18 e:/niu/Flow/src/lib/stm32/st/v1.0.2/STM32F4xx_StdPeriph_Driver/src/stm32f4xx_rcc.c.o
                0x00000000                RCC_APB1PeriphResetCmd

.text.RCC_APB2PeriphResetCmd
                0x00000000       0x18
 .text.RCC_APB2PeriphResetCmd
                0x00000000       0x18 e:/niu/Flow/src/lib/stm32/st/v1.0.2/STM32F4xx_StdPeriph_Driver/src/stm32f4xx_rcc.c.o
                0x00000000                RCC_APB2PeriphResetCmd

.text.RCC_AHB1PeriphClockLPModeCmd
                0x00000000       0x18
 .text.RCC_AHB1PeriphClockLPModeCmd
                0x00000000       0x18 e:/niu/Flow/src/lib/stm32/st/v1.0.2/STM32F4xx_StdPeriph_Driver/src/stm32f4xx_rcc.c.o
                0x00000000                RCC_AHB1PeriphClockLPModeCmd

.text.RCC_AHB2PeriphClockLPModeCmd
                0x00000000       0x18
 .text.RCC_AHB2PeriphClockLPModeCmd
                0x00000000       0x18 e:/niu/Flow/src/lib/stm32/st/v1.0.2/STM32F4xx_StdPeriph_Driver/src/stm32f4xx_rcc.c.o
                0x00000000                RCC_AHB2PeriphClockLPModeCmd

.text.RCC_AHB3PeriphClockLPModeCmd
                0x00000000       0x18
 .text.RCC_AHB3PeriphClockLPModeCmd
                0x00000000       0x18 e:/niu/Flow/src/lib/stm32/st/v1.0.2/STM32F4xx_StdPeriph_Driver/src/stm32f4xx_rcc.c.o
                0x00000000                RCC_AHB3PeriphClockLPModeCmd

.text.RCC_APB1PeriphClockLPModeCmd
                0x00000000       0x18
 .text.RCC_APB1PeriphClockLPModeCmd
                0x00000000       0x18 e:/niu/Flow/src/lib/stm32/st/v1.0.2/STM32F4xx_StdPeriph_Driver/src/stm32f4xx_rcc.c.o
                0x00000000                RCC_APB1PeriphClockLPModeCmd

.text.RCC_APB2PeriphClockLPModeCmd
                0x00000000       0x18
 .text.RCC_APB2PeriphClockLPModeCmd
                0x00000000       0x18 e:/niu/Flow/src/lib/stm32/st/v1.0.2/STM32F4xx_StdPeriph_Driver/src/stm32f4xx_rcc.c.o
                0x00000000                RCC_APB2PeriphClockLPModeCmd

.text.RCC_ITConfig
                0x00000000       0x18
 .text.RCC_ITConfig
                0x00000000       0x18 e:/niu/Flow/src/lib/stm32/st/v1.0.2/STM32F4xx_StdPeriph_Driver/src/stm32f4xx_rcc.c.o
                0x00000000                RCC_ITConfig

.text.RCC_GetFlagStatus
                0x00000000       0x34
 .text.RCC_GetFlagStatus
                0x00000000       0x34 e:/niu/Flow/src/lib/stm32/st/v1.0.2/STM32F4xx_StdPeriph_Driver/src/stm32f4xx_rcc.c.o
                0x00000000                RCC_GetFlagStatus

.text.RCC_ClearFlag
                0x00000000       0x10
 .text.RCC_ClearFlag
                0x00000000       0x10 e:/niu/Flow/src/lib/stm32/st/v1.0.2/STM32F4xx_StdPeriph_Driver/src/stm32f4xx_rcc.c.o
                0x00000000                RCC_ClearFlag

.text.RCC_GetITStatus
                0x00000000       0x14
 .text.RCC_GetITStatus
                0x00000000       0x14 e:/niu/Flow/src/lib/stm32/st/v1.0.2/STM32F4xx_StdPeriph_Driver/src/stm32f4xx_rcc.c.o
                0x00000000                RCC_GetITStatus

.text.RCC_ClearITPendingBit
                0x00000000        0xc
 .text.RCC_ClearITPendingBit
                0x00000000        0xc e:/niu/Flow/src/lib/stm32/st/v1.0.2/STM32F4xx_StdPeriph_Driver/src/stm32f4xx_rcc.c.o
                0x00000000                RCC_ClearITPendingBit

.text.DMA_DeInit
                0x00000000      0x130
 .text.DMA_DeInit
                0x00000000      0x130 e:/niu/Flow/src/lib/stm32/st/v1.0.2/STM32F4xx_StdPeriph_Driver/src/stm32f4xx_dma.c.o
                0x00000000                DMA_DeInit

.text.DMA_Init  0x00000000       0x68
 .text.DMA_Init
                0x00000000       0x68 e:/niu/Flow/src/lib/stm32/st/v1.0.2/STM32F4xx_StdPeriph_Driver/src/stm32f4xx_dma.c.o
                0x00000000                DMA_Init

.text.DMA_StructInit
                0x00000000       0x24
 .text.DMA_StructInit
                0x00000000       0x24 e:/niu/Flow/src/lib/stm32/st/v1.0.2/STM32F4xx_StdPeriph_Driver/src/stm32f4xx_dma.c.o
                0x00000000                DMA_StructInit

.text.DMA_Cmd   0x00000000       0x14
 .text.DMA_Cmd  0x00000000       0x14 e:/niu/Flow/src/lib/stm32/st/v1.0.2/STM32F4xx_StdPeriph_Driver/src/stm32f4xx_dma.c.o
                0x00000000                DMA_Cmd

.text.DMA_PeriphIncOffsetSizeConfig
                0x00000000       0x14
 .text.DMA_PeriphIncOffsetSizeConfig
                0x00000000       0x14 e:/niu/Flow/src/lib/stm32/st/v1.0.2/STM32F4xx_StdPeriph_Driver/src/stm32f4xx_dma.c.o
                0x00000000                DMA_PeriphIncOffsetSizeConfig

.text.DMA_FlowControllerConfig
                0x00000000       0x14
 .text.DMA_FlowControllerConfig
                0x00000000       0x14 e:/niu/Flow/src/lib/stm32/st/v1.0.2/STM32F4xx_StdPeriph_Driver/src/stm32f4xx_dma.c.o
                0x00000000                DMA_FlowControllerConfig

.text.DMA_SetCurrDataCounter
                0x00000000        0x4
 .text.DMA_SetCurrDataCounter
                0x00000000        0x4 e:/niu/Flow/src/lib/stm32/st/v1.0.2/STM32F4xx_StdPeriph_Driver/src/stm32f4xx_dma.c.o
                0x00000000                DMA_SetCurrDataCounter

.text.DMA_GetCurrDataCounter
                0x00000000        0x8
 .text.DMA_GetCurrDataCounter
                0x00000000        0x8 e:/niu/Flow/src/lib/stm32/st/v1.0.2/STM32F4xx_StdPeriph_Driver/src/stm32f4xx_dma.c.o
                0x00000000                DMA_GetCurrDataCounter

.text.DMA_DoubleBufferModeConfig
                0x00000000       0x18
 .text.DMA_DoubleBufferModeConfig
                0x00000000       0x18 e:/niu/Flow/src/lib/stm32/st/v1.0.2/STM32F4xx_StdPeriph_Driver/src/stm32f4xx_dma.c.o
                0x00000000                DMA_DoubleBufferModeConfig

.text.DMA_DoubleBufferModeCmd
                0x00000000       0x14
 .text.DMA_DoubleBufferModeCmd
                0x00000000       0x14 e:/niu/Flow/src/lib/stm32/st/v1.0.2/STM32F4xx_StdPeriph_Driver/src/stm32f4xx_dma.c.o
                0x00000000                DMA_DoubleBufferModeCmd

.text.DMA_MemoryTargetConfig
                0x00000000        0xc
 .text.DMA_MemoryTargetConfig
                0x00000000        0xc e:/niu/Flow/src/lib/stm32/st/v1.0.2/STM32F4xx_StdPeriph_Driver/src/stm32f4xx_dma.c.o
                0x00000000                DMA_MemoryTargetConfig

.text.DMA_GetCurrentMemoryTarget
                0x00000000        0x8
 .text.DMA_GetCurrentMemoryTarget
                0x00000000        0x8 e:/niu/Flow/src/lib/stm32/st/v1.0.2/STM32F4xx_StdPeriph_Driver/src/stm32f4xx_dma.c.o
                0x00000000                DMA_GetCurrentMemoryTarget

.text.DMA_GetCmdStatus
                0x00000000        0x8
 .text.DMA_GetCmdStatus
                0x00000000        0x8 e:/niu/Flow/src/lib/stm32/st/v1.0.2/STM32F4xx_StdPeriph_Driver/src/stm32f4xx_dma.c.o
                0x00000000                DMA_GetCmdStatus

.text.DMA_GetFIFOStatus
                0x00000000        0x8
 .text.DMA_GetFIFOStatus
                0x00000000        0x8 e:/niu/Flow/src/lib/stm32/st/v1.0.2/STM32F4xx_StdPeriph_Driver/src/stm32f4xx_dma.c.o
                0x00000000                DMA_GetFIFOStatus

.text.DMA_GetFlagStatus
                0x00000000       0x3c
 .text.DMA_GetFlagStatus
                0x00000000       0x3c e:/niu/Flow/src/lib/stm32/st/v1.0.2/STM32F4xx_StdPeriph_Driver/src/stm32f4xx_dma.c.o
                0x00000000                DMA_GetFlagStatus

.text.DMA_ClearFlag
                0x00000000       0x34
 .text.DMA_ClearFlag
                0x00000000       0x34 e:/niu/Flow/src/lib/stm32/st/v1.0.2/STM32F4xx_StdPeriph_Driver/src/stm32f4xx_dma.c.o
                0x00000000                DMA_ClearFlag

.text.DMA_ITConfig
                0x00000000       0x40
 .text.DMA_ITConfig
                0x00000000       0x40 e:/niu/Flow/src/lib/stm32/st/v1.0.2/STM32F4xx_StdPeriph_Driver/src/stm32f4xx_dma.c.o
                0x00000000                DMA_ITConfig

.text.DMA_GetITStatus
                0x00000000       0x54
 .text.DMA_GetITStatus
                0x00000000       0x54 e:/niu/Flow/src/lib/stm32/st/v1.0.2/STM32F4xx_StdPeriph_Driver/src/stm32f4xx_dma.c.o
                0x00000000                DMA_GetITStatus

.text.DMA_ClearITPendingBit
                0x00000000       0x34
 .text.DMA_ClearITPendingBit
                0x00000000       0x34 e:/niu/Flow/src/lib/stm32/st/v1.0.2/STM32F4xx_StdPeriph_Driver/src/stm32f4xx_dma.c.o
                0x00000000                DMA_ClearITPendingBit

.text.DCMI_DeInit
                0x00000000       0x1c
 .text.DCMI_DeInit
                0x00000000       0x1c e:/niu/Flow/src/lib/stm32/st/v1.0.2/STM32F4xx_StdPeriph_Driver/src/stm32f4xx_dcmi.c.o
                0x00000000                DCMI_DeInit

.text.DCMI_Init
                0x00000000       0x48
 .text.DCMI_Init
                0x00000000       0x48 e:/niu/Flow/src/lib/stm32/st/v1.0.2/STM32F4xx_StdPeriph_Driver/src/stm32f4xx_dcmi.c.o
                0x00000000                DCMI_Init

.text.DCMI_StructInit
                0x00000000       0x14
 .text.DCMI_StructInit
                0x00000000       0x14 e:/niu/Flow/src/lib/stm32/st/v1.0.2/STM32F4xx_StdPeriph_Driver/src/stm32f4xx_dcmi.c.o
                0x00000000                DCMI_StructInit

.text.DCMI_CROPConfig
                0x00000000       0x1c
 .text.DCMI_CROPConfig
                0x00000000       0x1c e:/niu/Flow/src/lib/stm32/st/v1.0.2/STM32F4xx_StdPeriph_Driver/src/stm32f4xx_dcmi.c.o
                0x00000000                DCMI_CROPConfig

.text.DCMI_CROPCmd
                0x00000000       0x1c
 .text.DCMI_CROPCmd
                0x00000000       0x1c e:/niu/Flow/src/lib/stm32/st/v1.0.2/STM32F4xx_StdPeriph_Driver/src/stm32f4xx_dcmi.c.o
                0x00000000                DCMI_CROPCmd

.text.DCMI_SetEmbeddedSynchroCodes
                0x00000000       0x24
 .text.DCMI_SetEmbeddedSynchroCodes
                0x00000000       0x24 e:/niu/Flow/src/lib/stm32/st/v1.0.2/STM32F4xx_StdPeriph_Driver/src/stm32f4xx_dcmi.c.o
                0x00000000                DCMI_SetEmbeddedSynchroCodes

.text.DCMI_JPEGCmd
                0x00000000       0x1c
 .text.DCMI_JPEGCmd
                0x00000000       0x1c e:/niu/Flow/src/lib/stm32/st/v1.0.2/STM32F4xx_StdPeriph_Driver/src/stm32f4xx_dcmi.c.o
                0x00000000                DCMI_JPEGCmd

.text.DCMI_Cmd  0x00000000       0x1c
 .text.DCMI_Cmd
                0x00000000       0x1c e:/niu/Flow/src/lib/stm32/st/v1.0.2/STM32F4xx_StdPeriph_Driver/src/stm32f4xx_dcmi.c.o
                0x00000000                DCMI_Cmd

.text.DCMI_CaptureCmd
                0x00000000       0x1c
 .text.DCMI_CaptureCmd
                0x00000000       0x1c e:/niu/Flow/src/lib/stm32/st/v1.0.2/STM32F4xx_StdPeriph_Driver/src/stm32f4xx_dcmi.c.o
                0x00000000                DCMI_CaptureCmd

.text.DCMI_ReadData
                0x00000000        0xc
 .text.DCMI_ReadData
                0x00000000        0xc e:/niu/Flow/src/lib/stm32/st/v1.0.2/STM32F4xx_StdPeriph_Driver/src/stm32f4xx_dcmi.c.o
                0x00000000                DCMI_ReadData

.text.DCMI_ITConfig
                0x00000000       0x1c
 .text.DCMI_ITConfig
                0x00000000       0x1c e:/niu/Flow/src/lib/stm32/st/v1.0.2/STM32F4xx_StdPeriph_Driver/src/stm32f4xx_dcmi.c.o
                0x00000000                DCMI_ITConfig

.text.DCMI_GetFlagStatus
                0x00000000       0x24
 .text.DCMI_GetFlagStatus
                0x00000000       0x24 e:/niu/Flow/src/lib/stm32/st/v1.0.2/STM32F4xx_StdPeriph_Driver/src/stm32f4xx_dcmi.c.o
                0x00000000                DCMI_GetFlagStatus

.text.DCMI_ClearFlag
                0x00000000        0xc
 .text.DCMI_ClearFlag
                0x00000000        0xc e:/niu/Flow/src/lib/stm32/st/v1.0.2/STM32F4xx_StdPeriph_Driver/src/stm32f4xx_dcmi.c.o
                0x00000000                DCMI_ClearFlag

.text.DCMI_GetITStatus
                0x00000000       0x14
 .text.DCMI_GetITStatus
                0x00000000       0x14 e:/niu/Flow/src/lib/stm32/st/v1.0.2/STM32F4xx_StdPeriph_Driver/src/stm32f4xx_dcmi.c.o
                0x00000000                DCMI_GetITStatus

.text.DCMI_ClearITPendingBit
                0x00000000        0xc
 .text.DCMI_ClearITPendingBit
                0x00000000        0xc e:/niu/Flow/src/lib/stm32/st/v1.0.2/STM32F4xx_StdPeriph_Driver/src/stm32f4xx_dcmi.c.o
                0x00000000                DCMI_ClearITPendingBit

.text.I2C_DeInit
                0x00000000       0x6c
 .text.I2C_DeInit
                0x00000000       0x6c e:/niu/Flow/src/lib/stm32/st/v1.0.2/STM32F4xx_StdPeriph_Driver/src/stm32f4xx_i2c.c.o
                0x00000000                I2C_DeInit

.text.I2C_Init  0x00000000       0xe0
 .text.I2C_Init
                0x00000000       0xe0 e:/niu/Flow/src/lib/stm32/st/v1.0.2/STM32F4xx_StdPeriph_Driver/src/stm32f4xx_i2c.c.o
                0x00000000                I2C_Init

.text.I2C_StructInit
                0x00000000       0x24
 .text.I2C_StructInit
                0x00000000       0x24 e:/niu/Flow/src/lib/stm32/st/v1.0.2/STM32F4xx_StdPeriph_Driver/src/stm32f4xx_i2c.c.o
                0x00000000                I2C_StructInit

.text.I2C_Cmd   0x00000000       0x1c
 .text.I2C_Cmd  0x00000000       0x1c e:/niu/Flow/src/lib/stm32/st/v1.0.2/STM32F4xx_StdPeriph_Driver/src/stm32f4xx_i2c.c.o
                0x00000000                I2C_Cmd

.text.I2C_GenerateSTART
                0x00000000       0x1c
 .text.I2C_GenerateSTART
                0x00000000       0x1c e:/niu/Flow/src/lib/stm32/st/v1.0.2/STM32F4xx_StdPeriph_Driver/src/stm32f4xx_i2c.c.o
                0x00000000                I2C_GenerateSTART

.text.I2C_GenerateSTOP
                0x00000000       0x1c
 .text.I2C_GenerateSTOP
                0x00000000       0x1c e:/niu/Flow/src/lib/stm32/st/v1.0.2/STM32F4xx_StdPeriph_Driver/src/stm32f4xx_i2c.c.o
                0x00000000                I2C_GenerateSTOP

.text.I2C_Send7bitAddress
                0x00000000       0x14
 .text.I2C_Send7bitAddress
                0x00000000       0x14 e:/niu/Flow/src/lib/stm32/st/v1.0.2/STM32F4xx_StdPeriph_Driver/src/stm32f4xx_i2c.c.o
                0x00000000                I2C_Send7bitAddress

.text.I2C_AcknowledgeConfig
                0x00000000       0x1c
 .text.I2C_AcknowledgeConfig
                0x00000000       0x1c e:/niu/Flow/src/lib/stm32/st/v1.0.2/STM32F4xx_StdPeriph_Driver/src/stm32f4xx_i2c.c.o
                0x00000000                I2C_AcknowledgeConfig

.text.I2C_OwnAddress2Config
                0x00000000       0x14
 .text.I2C_OwnAddress2Config
                0x00000000       0x14 e:/niu/Flow/src/lib/stm32/st/v1.0.2/STM32F4xx_StdPeriph_Driver/src/stm32f4xx_i2c.c.o
                0x00000000                I2C_OwnAddress2Config

.text.I2C_DualAddressCmd
                0x00000000       0x1c
 .text.I2C_DualAddressCmd
                0x00000000       0x1c e:/niu/Flow/src/lib/stm32/st/v1.0.2/STM32F4xx_StdPeriph_Driver/src/stm32f4xx_i2c.c.o
                0x00000000                I2C_DualAddressCmd

.text.I2C_GeneralCallCmd
                0x00000000       0x1c
 .text.I2C_GeneralCallCmd
                0x00000000       0x1c e:/niu/Flow/src/lib/stm32/st/v1.0.2/STM32F4xx_StdPeriph_Driver/src/stm32f4xx_i2c.c.o
                0x00000000                I2C_GeneralCallCmd

.text.I2C_SoftwareResetCmd
                0x00000000       0x1c
 .text.I2C_SoftwareResetCmd
                0x00000000       0x1c e:/niu/Flow/src/lib/stm32/st/v1.0.2/STM32F4xx_StdPeriph_Driver/src/stm32f4xx_i2c.c.o
                0x00000000                I2C_SoftwareResetCmd

.text.I2C_StretchClockCmd
                0x00000000       0x1c
 .text.I2C_StretchClockCmd
                0x00000000       0x1c e:/niu/Flow/src/lib/stm32/st/v1.0.2/STM32F4xx_StdPeriph_Driver/src/stm32f4xx_i2c.c.o
                0x00000000                I2C_StretchClockCmd

.text.I2C_FastModeDutyCycleConfig
                0x00000000       0x20
 .text.I2C_FastModeDutyCycleConfig
                0x00000000       0x20 e:/niu/Flow/src/lib/stm32/st/v1.0.2/STM32F4xx_StdPeriph_Driver/src/stm32f4xx_i2c.c.o
                0x00000000                I2C_FastModeDutyCycleConfig

.text.I2C_NACKPositionConfig
                0x00000000       0x20
 .text.I2C_NACKPositionConfig
                0x00000000       0x20 e:/niu/Flow/src/lib/stm32/st/v1.0.2/STM32F4xx_StdPeriph_Driver/src/stm32f4xx_i2c.c.o
                0x00000000                I2C_NACKPositionConfig

.text.I2C_SMBusAlertConfig
                0x00000000       0x20
 .text.I2C_SMBusAlertConfig
                0x00000000       0x20 e:/niu/Flow/src/lib/stm32/st/v1.0.2/STM32F4xx_StdPeriph_Driver/src/stm32f4xx_i2c.c.o
                0x00000000                I2C_SMBusAlertConfig

.text.I2C_ARPCmd
                0x00000000       0x1c
 .text.I2C_ARPCmd
                0x00000000       0x1c e:/niu/Flow/src/lib/stm32/st/v1.0.2/STM32F4xx_StdPeriph_Driver/src/stm32f4xx_i2c.c.o
                0x00000000                I2C_ARPCmd

.text.I2C_SendData
                0x00000000        0x4
 .text.I2C_SendData
                0x00000000        0x4 e:/niu/Flow/src/lib/stm32/st/v1.0.2/STM32F4xx_StdPeriph_Driver/src/stm32f4xx_i2c.c.o
                0x00000000                I2C_SendData

.text.I2C_ReceiveData
                0x00000000        0x8
 .text.I2C_ReceiveData
                0x00000000        0x8 e:/niu/Flow/src/lib/stm32/st/v1.0.2/STM32F4xx_StdPeriph_Driver/src/stm32f4xx_i2c.c.o
                0x00000000                I2C_ReceiveData

.text.I2C_TransmitPEC
                0x00000000       0x1c
 .text.I2C_TransmitPEC
                0x00000000       0x1c e:/niu/Flow/src/lib/stm32/st/v1.0.2/STM32F4xx_StdPeriph_Driver/src/stm32f4xx_i2c.c.o
                0x00000000                I2C_TransmitPEC

.text.I2C_PECPositionConfig
                0x00000000       0x20
 .text.I2C_PECPositionConfig
                0x00000000       0x20 e:/niu/Flow/src/lib/stm32/st/v1.0.2/STM32F4xx_StdPeriph_Driver/src/stm32f4xx_i2c.c.o
                0x00000000                I2C_PECPositionConfig

.text.I2C_CalculatePEC
                0x00000000       0x1c
 .text.I2C_CalculatePEC
                0x00000000       0x1c e:/niu/Flow/src/lib/stm32/st/v1.0.2/STM32F4xx_StdPeriph_Driver/src/stm32f4xx_i2c.c.o
                0x00000000                I2C_CalculatePEC

.text.I2C_GetPEC
                0x00000000        0x8
 .text.I2C_GetPEC
                0x00000000        0x8 e:/niu/Flow/src/lib/stm32/st/v1.0.2/STM32F4xx_StdPeriph_Driver/src/stm32f4xx_i2c.c.o
                0x00000000                I2C_GetPEC

.text.I2C_DMACmd
                0x00000000       0x1c
 .text.I2C_DMACmd
                0x00000000       0x1c e:/niu/Flow/src/lib/stm32/st/v1.0.2/STM32F4xx_StdPeriph_Driver/src/stm32f4xx_i2c.c.o
                0x00000000                I2C_DMACmd

.text.I2C_DMALastTransferCmd
                0x00000000       0x1c
 .text.I2C_DMALastTransferCmd
                0x00000000       0x1c e:/niu/Flow/src/lib/stm32/st/v1.0.2/STM32F4xx_StdPeriph_Driver/src/stm32f4xx_i2c.c.o
                0x00000000                I2C_DMALastTransferCmd

.text.I2C_ReadRegister
                0x00000000       0x18
 .text.I2C_ReadRegister
                0x00000000       0x18 e:/niu/Flow/src/lib/stm32/st/v1.0.2/STM32F4xx_StdPeriph_Driver/src/stm32f4xx_i2c.c.o
                0x00000000                I2C_ReadRegister

.text.I2C_ITConfig
                0x00000000       0x14
 .text.I2C_ITConfig
                0x00000000       0x14 e:/niu/Flow/src/lib/stm32/st/v1.0.2/STM32F4xx_StdPeriph_Driver/src/stm32f4xx_i2c.c.o
                0x00000000                I2C_ITConfig

.text.I2C_CheckEvent
                0x00000000       0x18
 .text.I2C_CheckEvent
                0x00000000       0x18 e:/niu/Flow/src/lib/stm32/st/v1.0.2/STM32F4xx_StdPeriph_Driver/src/stm32f4xx_i2c.c.o
                0x00000000                I2C_CheckEvent

.text.I2C_GetLastEvent
                0x00000000       0x10
 .text.I2C_GetLastEvent
                0x00000000       0x10 e:/niu/Flow/src/lib/stm32/st/v1.0.2/STM32F4xx_StdPeriph_Driver/src/stm32f4xx_i2c.c.o
                0x00000000                I2C_GetLastEvent

.text.I2C_GetFlagStatus
                0x00000000       0x38
 .text.I2C_GetFlagStatus
                0x00000000       0x38 e:/niu/Flow/src/lib/stm32/st/v1.0.2/STM32F4xx_StdPeriph_Driver/src/stm32f4xx_i2c.c.o
                0x00000000                I2C_GetFlagStatus

.text.I2C_ClearFlag
                0x00000000        0x8
 .text.I2C_ClearFlag
                0x00000000        0x8 e:/niu/Flow/src/lib/stm32/st/v1.0.2/STM32F4xx_StdPeriph_Driver/src/stm32f4xx_i2c.c.o
                0x00000000                I2C_ClearFlag

.text.I2C_GetITStatus
                0x00000000       0x1c
 .text.I2C_GetITStatus
                0x00000000       0x1c e:/niu/Flow/src/lib/stm32/st/v1.0.2/STM32F4xx_StdPeriph_Driver/src/stm32f4xx_i2c.c.o
                0x00000000                I2C_GetITStatus

.text.I2C_ClearITPendingBit
                0x00000000        0x8
 .text.I2C_ClearITPendingBit
                0x00000000        0x8 e:/niu/Flow/src/lib/stm32/st/v1.0.2/STM32F4xx_StdPeriph_Driver/src/stm32f4xx_i2c.c.o
                0x00000000                I2C_ClearITPendingBit

.text.TIM_DeInit
                0x00000000      0x1b8
 .text.TIM_DeInit
                0x00000000      0x1b8 e:/niu/Flow/src/lib/stm32/st/v1.0.2/STM32F4xx_StdPeriph_Driver/src/stm32f4xx_tim.c.o
                0x00000000                TIM_DeInit

.text.TIM_TimeBaseInit
                0x00000000       0xa4
 .text.TIM_TimeBaseInit
                0x00000000       0xa4 e:/niu/Flow/src/lib/stm32/st/v1.0.2/STM32F4xx_StdPeriph_Driver/src/stm32f4xx_tim.c.o
                0x00000000                TIM_TimeBaseInit

.text.TIM_TimeBaseStructInit
                0x00000000       0x14
 .text.TIM_TimeBaseStructInit
                0x00000000       0x14 e:/niu/Flow/src/lib/stm32/st/v1.0.2/STM32F4xx_StdPeriph_Driver/src/stm32f4xx_tim.c.o
                0x00000000                TIM_TimeBaseStructInit

.text.TIM_PrescalerConfig
                0x00000000        0x8
 .text.TIM_PrescalerConfig
                0x00000000        0x8 e:/niu/Flow/src/lib/stm32/st/v1.0.2/STM32F4xx_StdPeriph_Driver/src/stm32f4xx_tim.c.o
                0x00000000                TIM_PrescalerConfig

.text.TIM_CounterModeConfig
                0x00000000       0x10
 .text.TIM_CounterModeConfig
                0x00000000       0x10 e:/niu/Flow/src/lib/stm32/st/v1.0.2/STM32F4xx_StdPeriph_Driver/src/stm32f4xx_tim.c.o
                0x00000000                TIM_CounterModeConfig

.text.TIM_SetCounter
                0x00000000        0x4
 .text.TIM_SetCounter
                0x00000000        0x4 e:/niu/Flow/src/lib/stm32/st/v1.0.2/STM32F4xx_StdPeriph_Driver/src/stm32f4xx_tim.c.o
                0x00000000                TIM_SetCounter

.text.TIM_SetAutoreload
                0x00000000        0x4
 .text.TIM_SetAutoreload
                0x00000000        0x4 e:/niu/Flow/src/lib/stm32/st/v1.0.2/STM32F4xx_StdPeriph_Driver/src/stm32f4xx_tim.c.o
                0x00000000                TIM_SetAutoreload

.text.TIM_GetCounter
                0x00000000        0x4
 .text.TIM_GetCounter
                0x00000000        0x4 e:/niu/Flow/src/lib/stm32/st/v1.0.2/STM32F4xx_StdPeriph_Driver/src/stm32f4xx_tim.c.o
                0x00000000                TIM_GetCounter

.text.TIM_GetPrescaler
                0x00000000        0x8
 .text.TIM_GetPrescaler
                0x00000000        0x8 e:/niu/Flow/src/lib/stm32/st/v1.0.2/STM32F4xx_StdPeriph_Driver/src/stm32f4xx_tim.c.o
                0x00000000                TIM_GetPrescaler

.text.TIM_UpdateDisableConfig
                0x00000000       0x1c
 .text.TIM_UpdateDisableConfig
                0x00000000       0x1c e:/niu/Flow/src/lib/stm32/st/v1.0.2/STM32F4xx_StdPeriph_Driver/src/stm32f4xx_tim.c.o
                0x00000000                TIM_UpdateDisableConfig

.text.TIM_UpdateRequestConfig
                0x00000000       0x1c
 .text.TIM_UpdateRequestConfig
                0x00000000       0x1c e:/niu/Flow/src/lib/stm32/st/v1.0.2/STM32F4xx_StdPeriph_Driver/src/stm32f4xx_tim.c.o
                0x00000000                TIM_UpdateRequestConfig

.text.TIM_ARRPreloadConfig
                0x00000000       0x1c
 .text.TIM_ARRPreloadConfig
                0x00000000       0x1c e:/niu/Flow/src/lib/stm32/st/v1.0.2/STM32F4xx_StdPeriph_Driver/src/stm32f4xx_tim.c.o
                0x00000000                TIM_ARRPreloadConfig

.text.TIM_SelectOnePulseMode
                0x00000000       0x18
 .text.TIM_SelectOnePulseMode
                0x00000000       0x18 e:/niu/Flow/src/lib/stm32/st/v1.0.2/STM32F4xx_StdPeriph_Driver/src/stm32f4xx_tim.c.o
                0x00000000                TIM_SelectOnePulseMode

.text.TIM_SetClockDivision
                0x00000000       0x18
 .text.TIM_SetClockDivision
                0x00000000       0x18 e:/niu/Flow/src/lib/stm32/st/v1.0.2/STM32F4xx_StdPeriph_Driver/src/stm32f4xx_tim.c.o
                0x00000000                TIM_SetClockDivision

.text.TIM_Cmd   0x00000000       0x1c
 .text.TIM_Cmd  0x00000000       0x1c e:/niu/Flow/src/lib/stm32/st/v1.0.2/STM32F4xx_StdPeriph_Driver/src/stm32f4xx_tim.c.o
                0x00000000                TIM_Cmd

.text.TIM_OC1Init
                0x00000000       0x80
 .text.TIM_OC1Init
                0x00000000       0x80 e:/niu/Flow/src/lib/stm32/st/v1.0.2/STM32F4xx_StdPeriph_Driver/src/stm32f4xx_tim.c.o
                0x00000000                TIM_OC1Init

.text.TIM_OC2Init
                0x00000000       0x90
 .text.TIM_OC2Init
                0x00000000       0x90 e:/niu/Flow/src/lib/stm32/st/v1.0.2/STM32F4xx_StdPeriph_Driver/src/stm32f4xx_tim.c.o
                0x00000000                TIM_OC2Init

.text.TIM_OC3Init
                0x00000000       0x8c
 .text.TIM_OC3Init
                0x00000000       0x8c e:/niu/Flow/src/lib/stm32/st/v1.0.2/STM32F4xx_StdPeriph_Driver/src/stm32f4xx_tim.c.o
                0x00000000                TIM_OC3Init

.text.TIM_OC4Init
                0x00000000       0x6c
 .text.TIM_OC4Init
                0x00000000       0x6c e:/niu/Flow/src/lib/stm32/st/v1.0.2/STM32F4xx_StdPeriph_Driver/src/stm32f4xx_tim.c.o
                0x00000000                TIM_OC4Init

.text.TIM_OCStructInit
                0x00000000       0x14
 .text.TIM_OCStructInit
                0x00000000       0x14 e:/niu/Flow/src/lib/stm32/st/v1.0.2/STM32F4xx_StdPeriph_Driver/src/stm32f4xx_tim.c.o
                0x00000000                TIM_OCStructInit

.text.TIM_SelectOCxM
                0x00000000       0x50
 .text.TIM_SelectOCxM
                0x00000000       0x50 e:/niu/Flow/src/lib/stm32/st/v1.0.2/STM32F4xx_StdPeriph_Driver/src/stm32f4xx_tim.c.o
                0x00000000                TIM_SelectOCxM

.text.TIM_SetCompare1
                0x00000000        0x4
 .text.TIM_SetCompare1
                0x00000000        0x4 e:/niu/Flow/src/lib/stm32/st/v1.0.2/STM32F4xx_StdPeriph_Driver/src/stm32f4xx_tim.c.o
                0x00000000                TIM_SetCompare1

.text.TIM_SetCompare2
                0x00000000        0x4
 .text.TIM_SetCompare2
                0x00000000        0x4 e:/niu/Flow/src/lib/stm32/st/v1.0.2/STM32F4xx_StdPeriph_Driver/src/stm32f4xx_tim.c.o
                0x00000000                TIM_SetCompare2

.text.TIM_SetCompare3
                0x00000000        0x4
 .text.TIM_SetCompare3
                0x00000000        0x4 e:/niu/Flow/src/lib/stm32/st/v1.0.2/STM32F4xx_StdPeriph_Driver/src/stm32f4xx_tim.c.o
                0x00000000                TIM_SetCompare3

.text.TIM_SetCompare4
                0x00000000        0x4
 .text.TIM_SetCompare4
                0x00000000        0x4 e:/niu/Flow/src/lib/stm32/st/v1.0.2/STM32F4xx_StdPeriph_Driver/src/stm32f4xx_tim.c.o
                0x00000000                TIM_SetCompare4

.text.TIM_ForcedOC1Config
                0x00000000       0x10
 .text.TIM_ForcedOC1Config
                0x00000000       0x10 e:/niu/Flow/src/lib/stm32/st/v1.0.2/STM32F4xx_StdPeriph_Driver/src/stm32f4xx_tim.c.o
                0x00000000                TIM_ForcedOC1Config

.text.TIM_ForcedOC2Config
                0x00000000       0x14
 .text.TIM_ForcedOC2Config
                0x00000000       0x14 e:/niu/Flow/src/lib/stm32/st/v1.0.2/STM32F4xx_StdPeriph_Driver/src/stm32f4xx_tim.c.o
                0x00000000                TIM_ForcedOC2Config

.text.TIM_ForcedOC3Config
                0x00000000       0x10
 .text.TIM_ForcedOC3Config
                0x00000000       0x10 e:/niu/Flow/src/lib/stm32/st/v1.0.2/STM32F4xx_StdPeriph_Driver/src/stm32f4xx_tim.c.o
                0x00000000                TIM_ForcedOC3Config

.text.TIM_ForcedOC4Config
                0x00000000       0x14
 .text.TIM_ForcedOC4Config
                0x00000000       0x14 e:/niu/Flow/src/lib/stm32/st/v1.0.2/STM32F4xx_StdPeriph_Driver/src/stm32f4xx_tim.c.o
                0x00000000                TIM_ForcedOC4Config

.text.TIM_OC1PreloadConfig
                0x00000000       0x10
 .text.TIM_OC1PreloadConfig
                0x00000000       0x10 e:/niu/Flow/src/lib/stm32/st/v1.0.2/STM32F4xx_StdPeriph_Driver/src/stm32f4xx_tim.c.o
                0x00000000                TIM_OC1PreloadConfig

.text.TIM_OC2PreloadConfig
                0x00000000       0x14
 .text.TIM_OC2PreloadConfig
                0x00000000       0x14 e:/niu/Flow/src/lib/stm32/st/v1.0.2/STM32F4xx_StdPeriph_Driver/src/stm32f4xx_tim.c.o
                0x00000000                TIM_OC2PreloadConfig

.text.TIM_OC3PreloadConfig
                0x00000000       0x10
 .text.TIM_OC3PreloadConfig
                0x00000000       0x10 e:/niu/Flow/src/lib/stm32/st/v1.0.2/STM32F4xx_StdPeriph_Driver/src/stm32f4xx_tim.c.o
                0x00000000                TIM_OC3PreloadConfig

.text.TIM_OC4PreloadConfig
                0x00000000       0x14
 .text.TIM_OC4PreloadConfig
                0x00000000       0x14 e:/niu/Flow/src/lib/stm32/st/v1.0.2/STM32F4xx_StdPeriph_Driver/src/stm32f4xx_tim.c.o
                0x00000000                TIM_OC4PreloadConfig

.text.TIM_OC1FastConfig
                0x00000000       0x10
 .text.TIM_OC1FastConfig
                0x00000000       0x10 e:/niu/Flow/src/lib/stm32/st/v1.0.2/STM32F4xx_StdPeriph_Driver/src/stm32f4xx_tim.c.o
                0x00000000                TIM_OC1FastConfig

.text.TIM_OC2FastConfig
                0x00000000       0x14
 .text.TIM_OC2FastConfig
                0x00000000       0x14 e:/niu/Flow/src/lib/stm32/st/v1.0.2/STM32F4xx_StdPeriph_Driver/src/stm32f4xx_tim.c.o
                0x00000000                TIM_OC2FastConfig

.text.TIM_OC3FastConfig
                0x00000000       0x10
 .text.TIM_OC3FastConfig
                0x00000000       0x10 e:/niu/Flow/src/lib/stm32/st/v1.0.2/STM32F4xx_StdPeriph_Driver/src/stm32f4xx_tim.c.o
                0x00000000                TIM_OC3FastConfig

.text.TIM_OC4FastConfig
                0x00000000       0x14
 .text.TIM_OC4FastConfig
                0x00000000       0x14 e:/niu/Flow/src/lib/stm32/st/v1.0.2/STM32F4xx_StdPeriph_Driver/src/stm32f4xx_tim.c.o
                0x00000000                TIM_OC4FastConfig

.text.TIM_ClearOC1Ref
                0x00000000       0x10
 .text.TIM_ClearOC1Ref
                0x00000000       0x10 e:/niu/Flow/src/lib/stm32/st/v1.0.2/STM32F4xx_StdPeriph_Driver/src/stm32f4xx_tim.c.o
                0x00000000                TIM_ClearOC1Ref

.text.TIM_ClearOC2Ref
                0x00000000       0x10
 .text.TIM_ClearOC2Ref
                0x00000000       0x10 e:/niu/Flow/src/lib/stm32/st/v1.0.2/STM32F4xx_StdPeriph_Driver/src/stm32f4xx_tim.c.o
                0x00000000                TIM_ClearOC2Ref

.text.TIM_ClearOC3Ref
                0x00000000       0x10
 .text.TIM_ClearOC3Ref
                0x00000000       0x10 e:/niu/Flow/src/lib/stm32/st/v1.0.2/STM32F4xx_StdPeriph_Driver/src/stm32f4xx_tim.c.o
                0x00000000                TIM_ClearOC3Ref

.text.TIM_ClearOC4Ref
                0x00000000       0x10
 .text.TIM_ClearOC4Ref
                0x00000000       0x10 e:/niu/Flow/src/lib/stm32/st/v1.0.2/STM32F4xx_StdPeriph_Driver/src/stm32f4xx_tim.c.o
                0x00000000                TIM_ClearOC4Ref

.text.TIM_OC1PolarityConfig
                0x00000000       0x10
 .text.TIM_OC1PolarityConfig
                0x00000000       0x10 e:/niu/Flow/src/lib/stm32/st/v1.0.2/STM32F4xx_StdPeriph_Driver/src/stm32f4xx_tim.c.o
                0x00000000                TIM_OC1PolarityConfig

.text.TIM_OC1NPolarityConfig
                0x00000000       0x10
 .text.TIM_OC1NPolarityConfig
                0x00000000       0x10 e:/niu/Flow/src/lib/stm32/st/v1.0.2/STM32F4xx_StdPeriph_Driver/src/stm32f4xx_tim.c.o
                0x00000000                TIM_OC1NPolarityConfig

.text.TIM_OC2PolarityConfig
                0x00000000       0x14
 .text.TIM_OC2PolarityConfig
                0x00000000       0x14 e:/niu/Flow/src/lib/stm32/st/v1.0.2/STM32F4xx_StdPeriph_Driver/src/stm32f4xx_tim.c.o
                0x00000000                TIM_OC2PolarityConfig

.text.TIM_OC2NPolarityConfig
                0x00000000       0x14
 .text.TIM_OC2NPolarityConfig
                0x00000000       0x14 e:/niu/Flow/src/lib/stm32/st/v1.0.2/STM32F4xx_StdPeriph_Driver/src/stm32f4xx_tim.c.o
                0x00000000                TIM_OC2NPolarityConfig

.text.TIM_OC3PolarityConfig
                0x00000000       0x14
 .text.TIM_OC3PolarityConfig
                0x00000000       0x14 e:/niu/Flow/src/lib/stm32/st/v1.0.2/STM32F4xx_StdPeriph_Driver/src/stm32f4xx_tim.c.o
                0x00000000                TIM_OC3PolarityConfig

.text.TIM_OC3NPolarityConfig
                0x00000000       0x14
 .text.TIM_OC3NPolarityConfig
                0x00000000       0x14 e:/niu/Flow/src/lib/stm32/st/v1.0.2/STM32F4xx_StdPeriph_Driver/src/stm32f4xx_tim.c.o
                0x00000000                TIM_OC3NPolarityConfig

.text.TIM_OC4PolarityConfig
                0x00000000       0x14
 .text.TIM_OC4PolarityConfig
                0x00000000       0x14 e:/niu/Flow/src/lib/stm32/st/v1.0.2/STM32F4xx_StdPeriph_Driver/src/stm32f4xx_tim.c.o
                0x00000000                TIM_OC4PolarityConfig

.text.TIM_CCxCmd
                0x00000000       0x20
 .text.TIM_CCxCmd
                0x00000000       0x20 e:/niu/Flow/src/lib/stm32/st/v1.0.2/STM32F4xx_StdPeriph_Driver/src/stm32f4xx_tim.c.o
                0x00000000                TIM_CCxCmd

.text.TIM_CCxNCmd
                0x00000000       0x20
 .text.TIM_CCxNCmd
                0x00000000       0x20 e:/niu/Flow/src/lib/stm32/st/v1.0.2/STM32F4xx_StdPeriph_Driver/src/stm32f4xx_tim.c.o
                0x00000000                TIM_CCxNCmd

.text.TIM_ICInit
                0x00000000      0x16c
 .text.TIM_ICInit
                0x00000000      0x16c e:/niu/Flow/src/lib/stm32/st/v1.0.2/STM32F4xx_StdPeriph_Driver/src/stm32f4xx_tim.c.o
                0x00000000                TIM_ICInit

.text.TIM_ICStructInit
                0x00000000       0x10
 .text.TIM_ICStructInit
                0x00000000       0x10 e:/niu/Flow/src/lib/stm32/st/v1.0.2/STM32F4xx_StdPeriph_Driver/src/stm32f4xx_tim.c.o
                0x00000000                TIM_ICStructInit

.text.TIM_PWMIConfig
                0x00000000      0x164
 .text.TIM_PWMIConfig
                0x00000000      0x164 e:/niu/Flow/src/lib/stm32/st/v1.0.2/STM32F4xx_StdPeriph_Driver/src/stm32f4xx_tim.c.o
                0x00000000                TIM_PWMIConfig

.text.TIM_GetCapture1
                0x00000000        0x4
 .text.TIM_GetCapture1
                0x00000000        0x4 e:/niu/Flow/src/lib/stm32/st/v1.0.2/STM32F4xx_StdPeriph_Driver/src/stm32f4xx_tim.c.o
                0x00000000                TIM_GetCapture1

.text.TIM_GetCapture2
                0x00000000        0x4
 .text.TIM_GetCapture2
                0x00000000        0x4 e:/niu/Flow/src/lib/stm32/st/v1.0.2/STM32F4xx_StdPeriph_Driver/src/stm32f4xx_tim.c.o
                0x00000000                TIM_GetCapture2

.text.TIM_GetCapture3
                0x00000000        0x4
 .text.TIM_GetCapture3
                0x00000000        0x4 e:/niu/Flow/src/lib/stm32/st/v1.0.2/STM32F4xx_StdPeriph_Driver/src/stm32f4xx_tim.c.o
                0x00000000                TIM_GetCapture3

.text.TIM_GetCapture4
                0x00000000        0x4
 .text.TIM_GetCapture4
                0x00000000        0x4 e:/niu/Flow/src/lib/stm32/st/v1.0.2/STM32F4xx_StdPeriph_Driver/src/stm32f4xx_tim.c.o
                0x00000000                TIM_GetCapture4

.text.TIM_SetIC1Prescaler
                0x00000000       0x18
 .text.TIM_SetIC1Prescaler
                0x00000000       0x18 e:/niu/Flow/src/lib/stm32/st/v1.0.2/STM32F4xx_StdPeriph_Driver/src/stm32f4xx_tim.c.o
                0x00000000                TIM_SetIC1Prescaler

.text.TIM_SetIC2Prescaler
                0x00000000       0x1c
 .text.TIM_SetIC2Prescaler
                0x00000000       0x1c e:/niu/Flow/src/lib/stm32/st/v1.0.2/STM32F4xx_StdPeriph_Driver/src/stm32f4xx_tim.c.o
                0x00000000                TIM_SetIC2Prescaler

.text.TIM_SetIC3Prescaler
                0x00000000       0x18
 .text.TIM_SetIC3Prescaler
                0x00000000       0x18 e:/niu/Flow/src/lib/stm32/st/v1.0.2/STM32F4xx_StdPeriph_Driver/src/stm32f4xx_tim.c.o
                0x00000000                TIM_SetIC3Prescaler

.text.TIM_SetIC4Prescaler
                0x00000000       0x1c
 .text.TIM_SetIC4Prescaler
                0x00000000       0x1c e:/niu/Flow/src/lib/stm32/st/v1.0.2/STM32F4xx_StdPeriph_Driver/src/stm32f4xx_tim.c.o
                0x00000000                TIM_SetIC4Prescaler

.text.TIM_BDTRConfig
                0x00000000       0x2c
 .text.TIM_BDTRConfig
                0x00000000       0x2c e:/niu/Flow/src/lib/stm32/st/v1.0.2/STM32F4xx_StdPeriph_Driver/src/stm32f4xx_tim.c.o
                0x00000000                TIM_BDTRConfig

.text.TIM_BDTRStructInit
                0x00000000       0x14
 .text.TIM_BDTRStructInit
                0x00000000       0x14 e:/niu/Flow/src/lib/stm32/st/v1.0.2/STM32F4xx_StdPeriph_Driver/src/stm32f4xx_tim.c.o
                0x00000000                TIM_BDTRStructInit

.text.TIM_CtrlPWMOutputs
                0x00000000       0x20
 .text.TIM_CtrlPWMOutputs
                0x00000000       0x20 e:/niu/Flow/src/lib/stm32/st/v1.0.2/STM32F4xx_StdPeriph_Driver/src/stm32f4xx_tim.c.o
                0x00000000                TIM_CtrlPWMOutputs

.text.TIM_SelectCOM
                0x00000000       0x1c
 .text.TIM_SelectCOM
                0x00000000       0x1c e:/niu/Flow/src/lib/stm32/st/v1.0.2/STM32F4xx_StdPeriph_Driver/src/stm32f4xx_tim.c.o
                0x00000000                TIM_SelectCOM

.text.TIM_CCPreloadControl
                0x00000000       0x1c
 .text.TIM_CCPreloadControl
                0x00000000       0x1c e:/niu/Flow/src/lib/stm32/st/v1.0.2/STM32F4xx_StdPeriph_Driver/src/stm32f4xx_tim.c.o
                0x00000000                TIM_CCPreloadControl

.text.TIM_ITConfig
                0x00000000       0x14
 .text.TIM_ITConfig
                0x00000000       0x14 e:/niu/Flow/src/lib/stm32/st/v1.0.2/STM32F4xx_StdPeriph_Driver/src/stm32f4xx_tim.c.o
                0x00000000                TIM_ITConfig

.text.TIM_GenerateEvent
                0x00000000        0x4
 .text.TIM_GenerateEvent
                0x00000000        0x4 e:/niu/Flow/src/lib/stm32/st/v1.0.2/STM32F4xx_StdPeriph_Driver/src/stm32f4xx_tim.c.o
                0x00000000                TIM_GenerateEvent

.text.TIM_GetFlagStatus
                0x00000000        0xc
 .text.TIM_GetFlagStatus
                0x00000000        0xc e:/niu/Flow/src/lib/stm32/st/v1.0.2/STM32F4xx_StdPeriph_Driver/src/stm32f4xx_tim.c.o
                0x00000000                TIM_GetFlagStatus

.text.TIM_ClearFlag
                0x00000000        0x8
 .text.TIM_ClearFlag
                0x00000000        0x8 e:/niu/Flow/src/lib/stm32/st/v1.0.2/STM32F4xx_StdPeriph_Driver/src/stm32f4xx_tim.c.o
                0x00000000                TIM_ClearFlag

.text.TIM_GetITStatus
                0x00000000       0x18
 .text.TIM_GetITStatus
                0x00000000       0x18 e:/niu/Flow/src/lib/stm32/st/v1.0.2/STM32F4xx_StdPeriph_Driver/src/stm32f4xx_tim.c.o
                0x00000000                TIM_GetITStatus

.text.TIM_ClearITPendingBit
                0x00000000        0x8
 .text.TIM_ClearITPendingBit
                0x00000000        0x8 e:/niu/Flow/src/lib/stm32/st/v1.0.2/STM32F4xx_StdPeriph_Driver/src/stm32f4xx_tim.c.o
                0x00000000                TIM_ClearITPendingBit

.text.TIM_DMAConfig
                0x00000000        0x8
 .text.TIM_DMAConfig
                0x00000000        0x8 e:/niu/Flow/src/lib/stm32/st/v1.0.2/STM32F4xx_StdPeriph_Driver/src/stm32f4xx_tim.c.o
                0x00000000                TIM_DMAConfig

.text.TIM_DMACmd
                0x00000000       0x14
 .text.TIM_DMACmd
                0x00000000       0x14 e:/niu/Flow/src/lib/stm32/st/v1.0.2/STM32F4xx_StdPeriph_Driver/src/stm32f4xx_tim.c.o
                0x00000000                TIM_DMACmd

.text.TIM_SelectCCDMA
                0x00000000       0x1c
 .text.TIM_SelectCCDMA
                0x00000000       0x1c e:/niu/Flow/src/lib/stm32/st/v1.0.2/STM32F4xx_StdPeriph_Driver/src/stm32f4xx_tim.c.o
                0x00000000                TIM_SelectCCDMA

.text.TIM_InternalClockConfig
                0x00000000       0x10
 .text.TIM_InternalClockConfig
                0x00000000       0x10 e:/niu/Flow/src/lib/stm32/st/v1.0.2/STM32F4xx_StdPeriph_Driver/src/stm32f4xx_tim.c.o
                0x00000000                TIM_InternalClockConfig

.text.TIM_ITRxExternalClockConfig
                0x00000000       0x1c
 .text.TIM_ITRxExternalClockConfig
                0x00000000       0x1c e:/niu/Flow/src/lib/stm32/st/v1.0.2/STM32F4xx_StdPeriph_Driver/src/stm32f4xx_tim.c.o
                0x00000000                TIM_ITRxExternalClockConfig

.text.TIM_TIxExternalClockConfig
                0x00000000       0x88
 .text.TIM_TIxExternalClockConfig
                0x00000000       0x88 e:/niu/Flow/src/lib/stm32/st/v1.0.2/STM32F4xx_StdPeriph_Driver/src/stm32f4xx_tim.c.o
                0x00000000                TIM_TIxExternalClockConfig

.text.TIM_ETRClockMode1Config
                0x00000000       0x28
 .text.TIM_ETRClockMode1Config
                0x00000000       0x28 e:/niu/Flow/src/lib/stm32/st/v1.0.2/STM32F4xx_StdPeriph_Driver/src/stm32f4xx_tim.c.o
                0x00000000                TIM_ETRClockMode1Config

.text.TIM_ETRClockMode2Config
                0x00000000       0x24
 .text.TIM_ETRClockMode2Config
                0x00000000       0x24 e:/niu/Flow/src/lib/stm32/st/v1.0.2/STM32F4xx_StdPeriph_Driver/src/stm32f4xx_tim.c.o
                0x00000000                TIM_ETRClockMode2Config

.text.TIM_SelectInputTrigger
                0x00000000       0x10
 .text.TIM_SelectInputTrigger
                0x00000000       0x10 e:/niu/Flow/src/lib/stm32/st/v1.0.2/STM32F4xx_StdPeriph_Driver/src/stm32f4xx_tim.c.o
                0x00000000                TIM_SelectInputTrigger

.text.TIM_SelectOutputTrigger
                0x00000000       0x18
 .text.TIM_SelectOutputTrigger