
Discarded input sections

 .group         0x00000000        0x8 ../../lib/uavcan/libuavcan/src/driver/uc_can.cpp.o
 .group         0x00000000        0x8 ../../lib/uavcan/libuavcan/src/driver/uc_can.cpp.o
 .group         0x00000000        0x8 ../../lib/uavcan/libuavcan/src/driver/uc_can.cpp.o
 .group         0x00000000        0x8 ../../lib/uavcan/libuavcan/src/driver/uc_can.cpp.o
 .group         0x00000000        0x8 ../../lib/uavcan/libuavcan/src/driver/uc_can.cpp.o
 .group         0x00000000        0x8 ../../lib/uavcan/libuavcan/src/driver/uc_can.cpp.o
 .group         0x00000000        0x8 ../../lib/uavcan/libuavcan/src/driver/uc_can.cpp.o
 .group         0x00000000        0x8 ../../lib/uavcan/libuavcan/src/driver/uc_can.cpp.o
 .group         0x00000000        0x8 ../../lib/uavcan/libuavcan/src/driver/uc_can.cpp.o
 .group         0x00000000        0x8 ../../lib/uavcan/libuavcan/src/driver/uc_can.cpp.o
 .group         0x00000000        0x8 ../../lib/uavcan/libuavcan/src/driver/uc_can.cpp.o
 .group         0x00000000        0x8 ../../lib/uavcan/libuavcan/src/driver/uc_can.cpp.o
 .group         0x00000000        0x8 ../../lib/uavcan/libuavcan/src/driver/uc_can.cpp.o
 .group         0x00000000        0x8 ../../lib/uavcan/libuavcan/src/driver/uc_can.cpp.o
 .group         0x00000000        0x8 ../../lib/uavcan/libuavcan/src/driver/uc_can.cpp.o
 .group         0x00000000        0x8 ../../lib/uavcan/libuavcan/src/driver/uc_can.cpp.o
 .group         0x00000000        0x8 ../../lib/uavcan/libuavcan/src/driver/uc_can.cpp.o
 .group         0x00000000        0x8 ../../lib/uavcan/libuavcan/src/driver/uc_can.cpp.o
 .group         0x00000000        0x8 ../../lib/uavcan/libuavcan/src/driver/uc_can.cpp.o
 .group         0x00000000        0x8 ../../lib/uavcan/libuavcan/src/driver/uc_can.cpp.o
 .group         0x00000000        0x8 ../../lib/uavcan/libuavcan/src/driver/uc_can.cpp.o
 .group         0x00000000        0x8 ../../lib/uavcan/libuavcan/src/driver/uc_can.cpp.o
 .group         0x00000000        0x8 ../../lib/uavcan/libuavcan/src/driver/uc_can.cpp.o
 .group         0x00000000        0x8 ../../lib/uavcan/libuavcan/src/driver/uc_can.cpp.o
 .group         0x00000000        0x8 ../../lib/uavcan/libuavcan/src/driver/uc_can.cpp.o
 .group         0x00000000        0x8 ../../lib/uavcan/libuavcan/src/driver/uc_can.cpp.o
 .group         0x00000000        0x8 ../../lib/uavcan/libuavcan/src/driver/uc_can.cpp.o
 .group         0x00000000        0x8 ../../lib/uavcan/libuavcan/src/driver/uc_can.cpp.o
 .group         0x00000000        0x8 ../../lib/uavcan/libuavcan/src/driver/uc_can.cpp.o
 .group         0x00000000        0x8 ../../lib/uavcan/libuavcan/src/driver/uc_can.cpp.o
 .group         0x00000000        0x8 ../../lib/uavcan/libuavcan/src/driver/uc_can.cpp.o
 .group         0x00000000        0x8 ../../lib/uavcan/libuavcan/src/driver/uc_can.cpp.o
 .group         0x00000000        0x8 ../../lib/uavcan/libuavcan/src/driver/uc_can.cpp.o
 .group         0x00000000        0x8 ../../lib/uavcan/libuavcan/src/driver/uc_can.cpp.o
 .group         0x00000000        0x8 ../../lib/uavcan/libuavcan/src/driver/uc_can.cpp.o
 .group         0x00000000        0x8 ../../lib/uavcan/libuavcan/src/driver/uc_can.cpp.o
 .group         0x00000000        0x8 ../../lib/uavcan/libuavcan/src/driver/uc_can.cpp.o
 .group         0x00000000        0x8 ../../lib/uavcan/libuavcan/src/driver/uc_can.cpp.o
 .group         0x00000000        0x8 ../../lib/uavcan/libuavcan/src/driver/uc_can.cpp.o
 .debug_macro   0x00000000      0x8e6 ../../lib/uavcan/libuavcan/src/driver/uc_can.cpp.o
 .debug_macro   0x00000000       0x22 ../../lib/uavcan/libuavcan/src/driver/uc_can.cpp.o
 .debug_macro   0x00000000       0x58 ../../lib/uavcan/libuavcan/src/driver/uc_can.cpp.o
 .debug_macro   0x00000000       0x16 ../../lib/uavcan/libuavcan/src/driver/uc_can.cpp.o
 .debug_macro   0x00000000       0x2e ../../lib/uavcan/libuavcan/src/driver/uc_can.cpp.o
 .debug_macro   0x00000000       0xa3 ../../lib/uavcan/libuavcan/src/driver/uc_can.cpp.o
 .debug_macro   0x00000000       0x16 ../../lib/uavcan/libuavcan/src/driver/uc_can.cpp.o
 .debug_macro   0x00000000       0x6e ../../lib/uavcan/libuavcan/src/driver/uc_can.cpp.o
 .debug_macro   0x00000000       0xef ../../lib/uavcan/libuavcan/src/driver/uc_can.cpp.o
 .debug_macro   0x00000000      0x329 ../../lib/uavcan/libuavcan/src/driver/uc_can.cpp.o
 .debug_macro   0x00000000       0x1c ../../lib/uavcan/libuavcan/src/driver/uc_can.cpp.o
 .debug_macro   0x00000000       0x4a ../../lib/uavcan/libuavcan/src/driver/uc_can.cpp.o
 .debug_macro   0x00000000      0x209 ../../lib/uavcan/libuavcan/src/driver/uc_can.cpp.o
 .debug_macro   0x00000000       0x35 ../../lib/uavcan/libuavcan/src/driver/uc_can.cpp.o
 .debug_macro   0x00000000       0x52 ../../lib/uavcan/libuavcan/src/driver/uc_can.cpp.o
 .debug_macro   0x00000000       0x16 ../../lib/uavcan/libuavcan/src/driver/uc_can.cpp.o
[...]
Memory Configuration

Name             Origin             Length             Attributes
*default*        0x00000000         0xffffffff

Linker script and memory map

LOAD uavcannode_main.cpp.o
LOAD ../../lib/uavcan/libuavcan/src/driver/uc_can.cpp.o
LOAD ../../lib/uavcan/libuavcan/src/marshal/uc_bit_array_copy.cpp.o
LOAD ../../lib/uavcan/libuavcan/src/marshal/uc_bit_stream.cpp.o
LOAD ../../lib/uavcan/libuavcan/src/marshal/uc_float_spec.cpp.o
LOAD ../../lib/uavcan/libuavcan/src/marshal/uc_scalar_codec.cpp.o
LOAD ../../lib/uavcan/libuavcan/src/node/uc_generic_publisher.cpp.o
LOAD ../../lib/uavcan/libuavcan/src/node/uc_generic_subscriber.cpp.o
LOAD ../../lib/uavcan/libuavcan/src/node/uc_global_data_type_registry.cpp.o
LOAD ../../lib/uavcan/libuavcan/src/node/uc_scheduler.cpp.o
LOAD ../../lib/uavcan/libuavcan/src/node/uc_service_client.cpp.o
LOAD ../../lib/uavcan/libuavcan/src/node/uc_timer.cpp.o
LOAD ../../lib/uavcan/libuavcan/src/protocol/uc_dynamic_node_id_client.cpp.o
LOAD ../../lib/uavcan/libuavcan/src/protocol/uc_node_status_provider.cpp.o
LOAD ../../lib/uavcan/libuavcan/src/transport/uc_can_acceptance_filter_configurator.cpp.o
LOAD ../../lib/uavcan/libuavcan/src/transport/uc_can_io.cpp.o
LOAD ../../lib/uavcan/libuavcan/src/transport/uc_crc.cpp.o
LOAD ../../lib/uavcan/libuavcan/src/transport/uc_dispatcher.cpp.o
LOAD ../../lib/uavcan/libuavcan/src/transport/uc_frame.cpp.o
LOAD ../../lib/uavcan/libuavcan/src/transport/uc_outgoing_transfer_registry.cpp.o
LOAD ../../lib/uavcan/libuavcan/src/transport/uc_transfer.cpp.o
LOAD ../../lib/uavcan/libuavcan/src/transport/uc_transfer_buffer.cpp.o
LOAD ../../lib/uavcan/libuavcan/src/transport/uc_transfer_listener.cpp.o
LOAD ../../lib/uavcan/libuavcan/src/transport/uc_transfer_receiver.cpp.o
LOAD ../../lib/uavcan/libuavcan/src/transport/uc_transfer_sender.cpp.o
LOAD ../../lib/uavcan/libuavcan/src/uc_data_type.cpp.o
LOAD ../../lib/uavcan/libuavcan/src/uc_dynamic_memory.cpp.o
LOAD ../../lib/uavcan/libuavcan/src/uc_error.cpp.o
LOAD ../../lib/uavcan/libuavcan_drivers/stm32/driver/src/uc_stm32_can.cpp.o
LOAD ../../lib/uavcan/libuavcan_drivers/stm32/driver/src/uc_stm32_clock.cpp.o
LOAD ../../lib/uavcan/libuavcan_drivers/stm32/driver/src/uc_stm32_thread.cpp.o

.interp
 *(.interp)

.note.gnu.build-id
 *(.note.gnu.build-id)

.hash
 *(.hash)

.gnu.hash
 *(.gnu.hash)

.dynsym
 *(.dynsym)

.dynstr
 *(.dynstr)

.gnu.version
 *(.gnu.version)

.gnu.version_d
 *(.gnu.version_d)

.gnu.version_r
 *(.gnu.version_r)

.rel.init
 *(.rel.init)

.rela.init
 *(.rela.init)

.rel.text
 *(.rel.text)

.rela.text
 *(.rela.text)

.rel.fini
 *(.rel.fini)

.rela.fini
 *(.rela.fini)

.rel.rodata
 *(.rel.rodata)

.rela.rodata
 *(.rela.rodata)

.rel.data.rel.ro
 *(.rel.data.rel.ro)

.rela.data.rel.ro
 *(.rela.data.rel.ro)

.rel.data
 *(.rel.data)

.rela.data
 *(.rela.data)

.rel.tdata
 *(.rel.tdata)

.rela.tdata
 *(.rela.tdata)

.rel.tbss
 *(.rel.tbss)

.rela.tbss
 *(.rela.tbss)

.rel.ctors
 *(.rel.ctors)

.rela.ctors
 *(.rela.ctors)

.rel.dtors
 *(.rel.dtors)

.rela.dtors
 *(.rela.dtors)

.rel.got
 *(.rel.got)

.rela.got
 *(.rela.got)

.rel.bss
 *(.rel.bss)

.rela.bss
 *(.rela.bss)

.rel.iplt
 *(.rel.iplt)

.rela.iplt
 *(.rela.iplt)

.rel.plt
 *(.rel.plt)

.rela.plt
 *(.rela.plt)

.init
 *(SORT(.init))

.plt
 *(.plt)

.iplt
 *(.iplt)

.text           0x00000000        0x0
 *(.text .stub)
 .text          0x00000000        0x0 uavcannode_main.cpp.o
 .text          0x00000000        0x0 ../../lib/uavcan/libuavcan/src/driver/uc_can.cpp.o
 .text          0x00000000        0x0 ../../lib/uavcan/libuavcan/src/marshal/uc_bit_array_copy.cpp.o
 .text          0x00000000        0x0 ../../lib/uavcan/libuavcan/src/marshal/uc_bit_stream.cpp.o
 .text          0x00000000        0x0 ../../lib/uavcan/libuavcan/src/marshal/uc_float_spec.cpp.o
 .text          0x00000000        0x0 ../../lib/uavcan/libuavcan/src/marshal/uc_scalar_codec.cpp.o
 .text          0x00000000        0x0 ../../lib/uavcan/libuavcan/src/node/uc_generic_publisher.cpp.o
 .text          0x00000000        0x0 ../../lib/uavcan/libuavcan/src/node/uc_generic_subscriber.cpp.o
 .text          0x00000000        0x0 ../../lib/uavcan/libuavcan/src/node/uc_global_data_type_registry.cpp.o
 .text          0x00000000        0x0 ../../lib/uavcan/libuavcan/src/node/uc_scheduler.cpp.o
 .text          0x00000000        0x0 ../../lib/uavcan/libuavcan/src/node/uc_service_client.cpp.o
 .text          0x00000000        0x0 ../../lib/uavcan/libuavcan/src/node/uc_timer.cpp.o
 .text          0x00000000        0x0 ../../lib/uavcan/libuavcan/src/protocol/uc_dynamic_node_id_client.cpp.o
 .text          0x00000000        0x0 ../../lib/uavcan/libuavcan/src/protocol/uc_node_status_provider.cpp.o
 .text          0x00000000        0x0 ../../lib/uavcan/libuavcan/src/transport/uc_can_acceptance_filter_configurator.cpp.o
 .text          0x00000000        0x0 ../../lib/uavcan/libuavcan/src/transport/uc_can_io.cpp.o
 .text          0x00000000        0x0 ../../lib/uavcan/libuavcan/src/transport/uc_crc.cpp.o
 .text          0x00000000        0x0 ../../lib/uavcan/libuavcan/src/transport/uc_dispatcher.cpp.o
 .text          0x00000000        0x0 ../../lib/uavcan/libuavcan/src/transport/uc_frame.cpp.o
 .text          0x00000000        0x0 ../../lib/uavcan/libuavcan/src/transport/uc_outgoing_transfer_registry.cpp.o
 .text          0x00000000        0x0 ../../lib/uavcan/libuavcan/src/transport/uc_transfer.cpp.o
 .text          0x00000000        0x0 ../../lib/uavcan/libuavcan/src/transport/uc_transfer_buffer.cpp.o
 .text          0x00000000        0x0 ../../lib/uavcan/libuavcan/src/transport/uc_transfer_listener.cpp.o
 .text          0x00000000        0x0 ../../lib/uavcan/libuavcan/src/transport/uc_transfer_receiver.cpp.o
 .text          0x00000000        0x0 ../../lib/uavcan/libuavcan/src/transport/uc_transfer_sender.cpp.o
 .text          0x00000000        0x0 ../../lib/uavcan/libuavcan/src/uc_data_type.cpp.o
 .text          0x00000000        0x0 ../../lib/uavcan/libuavcan/src/uc_dynamic_memory.cpp.o
 .text          0x00000000        0x0 ../../lib/uavcan/libuavcan/src/uc_error.cpp.o
 .text          0x00000000        0x0 ../../lib/uavcan/libuavcan_drivers/stm32/driver/src/uc_stm32_can.cpp.o
 .text          0x00000000        0x0 ../../lib/uavcan/libuavcan_drivers/stm32/driver/src/uc_stm32_clock.cpp.o
 .text          0x00000000        0x0 ../../lib/uavcan/libuavcan_drivers/stm32/driver/src/uc_stm32_thread.cpp.o
 *(.gnu.warning)

.text._ZN6uavcan15ITransferBufferD2Ev
                0x00000000        0xc
 .text._ZN6uavcan15ITransferBufferD2Ev
                0x00000000        0xc uavcannode_main.cpp.o
                0x00000000                uavcan::ITransferBuffer::~ITransferBuffer()
                0x00000000                uavcan::ITransferBuffer::~ITransferBuffer()

.text._ZN6uavcan14IPoolAllocatorD2Ev
                0x00000000        0xc
 .text._ZN6uavcan14IPoolAllocatorD2Ev
                0x00000000        0xc uavcannode_main.cpp.o
                0x00000000                uavcan::IPoolAllocator::~IPoolAllocator()
                0x00000000                uavcan::IPoolAllocator::~IPoolAllocator()

.text._ZN6uavcan9ICanIfaceD2Ev
                0x00000000        0xc
 .text._ZN6uavcan9ICanIfaceD2Ev
                0x00000000        0xc uavcannode_main.cpp.o
                0x00000000                uavcan::ICanIface::~ICanIface()
                0x00000000                uavcan::ICanIface::~ICanIface()

.text._ZN6uavcan10ICanDriverD2Ev
                0x00000000        0xc
 .text._ZN6uavcan10ICanDriverD2Ev
                0x00000000        0xc uavcannode_main.cpp.o
                0x00000000                uavcan::ICanDriver::~ICanDriver()
                0x00000000                uavcan::ICanDriver::~ICanDriver()

.text._ZNK6uavcan10ICanDriver8getIfaceEh
                0x00000000        0xc
 .text._ZNK6uavcan10ICanDriver8getIfaceEh
                0x00000000        0xc uavcannode_main.cpp.o
                0x00000000                uavcan::ICanDriver::getIface(unsigned char) const

.text._ZN6uavcan26TransferBufferManagerEntryD2Ev
                0x00000000        0xc
 .text._ZN6uavcan26TransferBufferManagerEntryD2Ev
                0x00000000        0xc uavcannode_main.cpp.o
                0x00000000                uavcan::TransferBufferManagerEntry::~TransferBufferManagerEntry()
                0x00000000                uavcan::TransferBufferManagerEntry::~TransferBufferManagerEntry()

.text._ZN6uavcan22ITransferBufferManagerD2Ev
                0x00000000        0xc
 .text._ZN6uavcan22ITransferBufferManagerD2Ev
                0x00000000        0xc uavcannode_main.cpp.o
                0x00000000                uavcan::ITransferBufferManager::~ITransferBufferManager()
                0x00000000                uavcan::ITransferBufferManager::~ITransferBufferManager()

.text._ZN6uavcan21TransferBufferManagerILt0ELh0EE6accessERKNS_24TransferBufferManagerKeyE
                0x00000000        0x4
 .text._ZN6uavcan21TransferBufferManagerILt0ELh0EE6accessERKNS_24TransferBufferManagerKeyE
                0x00000000        0x4 uavcannode_main.cpp.o
                0x00000000                uavcan::TransferBufferManager<(unsigned short)0, (unsigned char)0>::access(uavcan::TransferBufferManagerKey const&)

.text._ZN6uavcan21TransferBufferManagerILt0ELh0EE6createERKNS_24TransferBufferManagerKeyE
                0x00000000        0x4
 .text._ZN6uavcan21TransferBufferManagerILt0ELh0EE6createERKNS_24TransferBufferManagerKeyE
                0x00000000        0x4 uavcannode_main.cpp.o
                0x00000000                uavcan::TransferBufferManager<(unsigned short)0, (unsigned char)0>::create(uavcan::TransferBufferManagerKey const&)

.text._ZN6uavcan21TransferBufferManagerILt0ELh0EE6removeERKNS_24TransferBufferManagerKeyE
                0x00000000        0x4
 .text._ZN6uavcan21TransferBufferManagerILt0ELh0EE6removeERKNS_24TransferBufferManagerKeyE
                0x00000000        0x4 uavcannode_main.cpp.o
                0x00000000                uavcan::TransferBufferManager<(unsigned short)0, (unsigned char)0>::remove(uavcan::TransferBufferManagerKey const&)

.text._ZNK6uavcan21TransferBufferManagerILt0ELh0EE7isEmptyEv
                0x00000000        0x4
 .text._ZNK6uavcan21TransferBufferManagerILt0ELh0EE7isEmptyEv
                0x00000000        0x4 uavcannode_main.cpp.o
                0x00000000                uavcan::TransferBufferManager<(unsigned short)0, (unsigned char)0>::isEmpty() const

.text._ZN6uavcan25IOutgoingTransferRegistryD2Ev
                0x00000000        0xc
 .text._ZN6uavcan25IOutgoingTransferRegistryD2Ev
                0x00000000        0xc uavcannode_main.cpp.o
                0x00000000                uavcan::IOutgoingTransferRegistry::~IOutgoingTransferRegistry()
                0x00000000                uavcan::IOutgoingTransferRegistry::~IOutgoingTransferRegistry()

.text._ZN6uavcan5INodeD2Ev
                0x00000000        0xc
 .text._ZN6uavcan5INodeD2Ev
                0x00000000        0xc uavcannode_main.cpp.o
                0x00000000                uavcan::INode::~INode()
                0x00000000                uavcan::INode::~INode()

.text._ZN6uavcan22IRestartRequestHandlerD2Ev
                0x00000000        0xc
 .text._ZN6uavcan22IRestartRequestHandlerD2Ev
                0x00000000        0xc uavcannode_main.cpp.o
                0x00000000                uavcan::IRestartRequestHandler::~IRestartRequestHandler()
                0x00000000                uavcan::IRestartRequestHandler::~IRestartRequestHandler()

.text._ZN6uavcan13PoolAllocatorILj2048ELh48EED2Ev
                0x00000000        0xc
 .text._ZN6uavcan13PoolAllocatorILj2048ELh48EED2Ev
                0x00000000        0xc uavcannode_main.cpp.o
                0x00000000                uavcan::PoolAllocator<2048u, (unsigned char)48>::~PoolAllocator()
                0x00000000                uavcan::PoolAllocator<2048u, (unsigned char)48>::~PoolAllocator()

.text._ZN6uavcan22GlobalDataTypeRegistry5EntryD2Ev
                0x00000000        0x4
 .text._ZN6uavcan22GlobalDataTypeRegistry5EntryD2Ev
                0x00000000        0x4 uavcannode_main.cpp.o
                0x00000000                uavcan::GlobalDataTypeRegistry::Entry::~Entry()
                0x00000000                uavcan::GlobalDataTypeRegistry::Entry::~Entry()

.text._ZN6uavcan20StaticTransferBufferILt123EED2Ev
                0x00000000        0xc
 .text._ZN6uavcan20StaticTransferBufferILt123EED2Ev
                0x00000000        0xc uavcannode_main.cpp.o
                0x00000000                uavcan::StaticTransferBuffer<(unsigned short)123>::~StaticTransferBuffer()
                0x00000000                uavcan::StaticTransferBuffer<(unsigned short)123>::~StaticTransferBuffer()

.text._ZN6uavcan20StaticTransferBufferILt15EED2Ev
                0x00000000        0xc
 .text._ZN6uavcan20StaticTransferBufferILt15EED2Ev
                0x00000000        0xc uavcannode_main.cpp.o
                0x00000000                uavcan::StaticTransferBuffer<(unsigned short)15>::~StaticTransferBuffer()
                0x00000000                uavcan::StaticTransferBuffer<(unsigned short)15>::~StaticTransferBuffer()

.text._ZN6uavcan20StaticTransferBufferILt54EED2Ev
                0x00000000        0xc
 .text._ZN6uavcan20StaticTransferBufferILt54EED2Ev
                0x00000000        0xc uavcannode_main.cpp.o
                0x00000000                uavcan::StaticTransferBuffer<(unsigned short)54>::~StaticTransferBuffer()
                0x00000000                uavcan::StaticTransferBuffer<(unsigned short)54>::~StaticTransferBuffer()

.text._ZN6uavcan21TransferBufferManagerILt0ELh0EED2Ev
                0x00000000        0xc
 .text._ZN6uavcan21TransferBufferManagerILt0ELh0EED2Ev
                0x00000000        0xc uavcannode_main.cpp.o
                0x00000000                uavcan::TransferBufferManager<(unsigned short)0, (unsigned char)0>::~TransferBufferManager()
                0x00000000                uavcan::TransferBufferManager<(unsigned short)0, (unsigned char)0>::~TransferBufferManager()

.text._ZN6uavcan32StaticTransferBufferManagerEntryILt84EED2Ev
                0x00000000        0xc
 .text._ZN6uavcan32StaticTransferBufferManagerEntryILt84EED2Ev
                0x00000000        0xc uavcannode_main.cpp.o
                0x00000000                uavcan::StaticTransferBufferManagerEntry<(unsigned short)84>::~StaticTransferBufferManagerEntry()
                0x00000000                uavcan::StaticTransferBufferManagerEntry<(unsigned short)84>::~StaticTransferBufferManagerEntry()

.text._ZN6uavcan32StaticTransferBufferManagerEntryILt202EED2Ev
                0x00000000        0xc
 .text._ZN6uavcan32StaticTransferBufferManagerEntryILt202EED2Ev
                0x00000000        0xc uavcannode_main.cpp.o
                0x00000000                uavcan::StaticTransferBufferManagerEntry<(unsigned short)202>::~StaticTransferBufferManagerEntry()
                0x00000000                uavcan::StaticTransferBufferManagerEntry<(unsigned short)202>::~StaticTransferBufferManagerEntry()

.text._ZN21RestartRequestHandlerD2Ev
                0x00000000        0xc
 .text._ZN21RestartRequestHandlerD2Ev
                0x00000000        0xc uavcannode_main.cpp.o
                0x00000000                RestartRequestHandler::~RestartRequestHandler()
                0x00000000                RestartRequestHandler::~RestartRequestHandler()

.text._ZN12uavcan_stm3213CanInitHelperILj5EED2Ev
                0x00000000       0x18
 .text._ZN12uavcan_stm3213CanInitHelperILj5EED2Ev
                0x00000000       0x18 uavcannode_main.cpp.o
                0x00000000                uavcan_stm32::CanInitHelper<5u>::~CanInitHelper()
                0x00000000                uavcan_stm32::CanInitHelper<5u>::~CanInitHelper()

.text._ZNK6uavcan21TransferBufferManagerILt202ELh1EE16getStaticByIndexEt
                0x00000000        0xc
 .text._ZNK6uavcan21TransferBufferManagerILt202ELh1EE16getStaticByIndexEt
                0x00000000        0xc uavcannode_main.cpp.o
                0x00000000                uavcan::TransferBufferManager<(unsigned short)202, (unsigned char)1>::getStaticByIndex(unsigned short) const

.text._ZN6uavcan4NodeILj2048ELj10EE12getAllocatorEv
                0x00000000        0x4
 .text._ZN6uavcan4NodeILj2048ELj10EE12getAllocatorEv
                0x00000000        0x4 uavcannode_main.cpp.o
                0x00000000                uavcan::Node<2048u, 10u>::getAllocator()

.text._ZN6uavcan4NodeILj2048ELj10EE12getSchedulerEv
                0x00000000        0x8
 .text._ZN6uavcan4NodeILj2048ELj10EE12getSchedulerEv
                0x00000000        0x8 uavcannode_main.cpp.o
                0x00000000                uavcan::Node<2048u, 10u>::getScheduler()

.text._ZNK6uavcan4NodeILj2048ELj10EE12getSchedulerEv
                0x00000000        0x8
 .text._ZNK6uavcan4NodeILj2048ELj10EE12getSchedulerEv
                0x00000000        0x8 uavcannode_main.cpp.o
                0x00000000                uavcan::Node<2048u, 10u>::getScheduler() const

.text._ZN6uavcan13PoolAllocatorILj2048ELh48EE8allocateEj
                0x00000000       0x3c
 .text._ZN6uavcan13PoolAllocatorILj2048ELh48EE8allocateEj
                0x00000000       0x3c uavcannode_main.cpp.o
                0x00000000                uavcan::PoolAllocator<2048u, (unsigned char)48>::allocate(unsigned int)

.text._ZN6uavcan13PoolAllocatorILj2048ELh48EE10deallocateEPKv
                0x00000000       0x14
 .text._ZN6uavcan13PoolAllocatorILj2048ELh48EE10deallocateEPKv
                0x00000000       0x14 uavcannode_main.cpp.o
                0x00000000                uavcan::PoolAllocator<2048u, (unsigned char)48>::deallocate(void const*)

.text._ZNK6uavcan13PoolAllocatorILj2048ELh48EE12getNumBlocksEv
                0x00000000        0x4
 .text._ZNK6uavcan13PoolAllocatorILj2048ELh48EE12getNumBlocksEv
                0x00000000        0x4 uavcannode_main.cpp.o
                0x00000000                uavcan::PoolAllocator<2048u, (unsigned char)48>::getNumBlocks() const

.text._ZNK6uavcan21TransferBufferManagerILt84ELh1EE16getStaticByIndexEt
                0x00000000        0xc
 .text._ZNK6uavcan21TransferBufferManagerILt84ELh1EE16getStaticByIndexEt
                0x00000000        0xc uavcannode_main.cpp.o
                0x00000000                uavcan::TransferBufferManager<(unsigned short)84, (unsigned char)1>::getStaticByIndex(unsigned short) const

.text._ZN6uavcan17GenericSubscriberINS_8protocol18GetTransportStats_ENS2_8Request_ILi0EEENS_16TransferListenerILj0ELj0ELj2EEEE17TransferForwarder22handleIncomingTransferERNS_16IncomingTransferE
                0x00000000       0x24
 .text._ZN6uavcan17GenericSubscriberINS_8protocol18GetTransportStats_ENS2_8Request_ILi0EEENS_16TransferListenerILj0ELj0ELj2EEEE17TransferForwarder22handleIncomingTransferERNS_16IncomingTransferE
                0x00000000       0x24 uavcannode_main.cpp.o
                0x00000000                uavcan::GenericSubscriber<uavcan::protocol::GetTransportStats_, uavcan::protocol::GetTransportStats_::Request_<0>, uavcan::TransferListener<0u, 0u, 2u> >::TransferForwarder::handleIncomingTransfer(uavcan::IncomingTransfer&)

.text._ZN6uavcan20StaticTransferBufferILt129EED2Ev
                0x00000000        0xc
 .text._ZN6uavcan20StaticTransferBufferILt129EED2Ev
                0x00000000        0xc uavcannode_main.cpp.o
                0x00000000                uavcan::StaticTransferBuffer<(unsigned short)129>::~StaticTransferBuffer()
                0x00000000                uavcan::StaticTransferBuffer<(unsigned short)129>::~StaticTransferBuffer()

.text._ZN6uavcan20StaticTransferBufferILt73EED2Ev
                0x00000000        0xc
 .text._ZN6uavcan20StaticTransferBufferILt73EED2Ev
                0x00000000        0xc uavcannode_main.cpp.o
                0x00000000                uavcan::StaticTransferBuffer<(unsigned short)73>::~StaticTransferBuffer()
                0x00000000                uavcan::StaticTransferBuffer<(unsigned short)73>::~StaticTransferBuffer()

.text._ZN6uavcan20StaticTransferBufferILt1EED2Ev
                0x00000000        0xc
 .text._ZN6uavcan20StaticTransferBufferILt1EED2Ev
                0x00000000        0xc uavcannode_main.cpp.o
                0x00000000                uavcan::StaticTransferBuffer<(unsigned short)1>::~StaticTransferBuffer()
                0x00000000                uavcan::StaticTransferBuffer<(unsigned short)1>::~StaticTransferBuffer()

.text._ZN6uavcan20StaticTransferBufferILt93EED2Ev
                0x00000000        0xc
 .text._ZN6uavcan20StaticTransferBufferILt93EED2Ev
                0x00000000        0xc uavcannode_main.cpp.o
                0x00000000                uavcan::StaticTransferBuffer<(unsigned short)93>::~StaticTransferBuffer()
                0x00000000                uavcan::StaticTransferBuffer<(unsigned short)93>::~StaticTransferBuffer()

.text._ZN6uavcan20StaticTransferBufferILt377EED2Ev
                0x00000000        0xc
 .text._ZN6uavcan20StaticTransferBufferILt377EED2Ev
                0x00000000        0xc uavcannode_main.cpp.o
                0x00000000                uavcan::StaticTransferBuffer<(unsigned short)377>::~StaticTransferBuffer()
                0x00000000                uavcan::StaticTransferBuffer<(unsigned short)377>::~StaticTransferBuffer()

.text._ZN6uavcan15ITransferBufferD0Ev
                0x00000000       0x14
 .text._ZN6uavcan15ITransferBufferD0Ev
                0x00000000       0x14 uavcannode_main.cpp.o
                0x00000000                uavcan::ITransferBuffer::~ITransferBuffer()

.text._ZN6uavcan14IPoolAllocatorD0Ev
                0x00000000       0x14
 .text._ZN6uavcan14IPoolAllocatorD0Ev
                0x00000000       0x14 uavcannode_main.cpp.o
                0x00000000                uavcan::IPoolAllocator::~IPoolAllocator()

.text._ZN6uavcan9ICanIfaceD0Ev
                0x00000000       0x14
 .text._ZN6uavcan9ICanIfaceD0Ev
                0x00000000       0x14 uavcannode_main.cpp.o
                0x00000000                uavcan::ICanIface::~ICanIface()

.text._ZN6uavcan10ICanDriverD0Ev
                0x00000000       0x14
 .text._ZN6uavcan10ICanDriverD0Ev
                0x00000000       0x14 uavcannode_main.cpp.o
                0x00000000                uavcan::ICanDriver::~ICanDriver()

.text._ZN6uavcan22ITransferBufferManagerD0Ev
                0x00000000       0x14
 .text._ZN6uavcan22ITransferBufferManagerD0Ev
                0x00000000       0x14 uavcannode_main.cpp.o
                0x00000000                uavcan::ITransferBufferManager::~ITransferBufferManager()

.text._ZN6uavcan25IOutgoingTransferRegistryD0Ev
                0x00000000       0x14
 .text._ZN6uavcan25IOutgoingTransferRegistryD0Ev
                0x00000000       0x14 uavcannode_main.cpp.o
                0x00000000                uavcan::IOutgoingTransferRegistry::~IOutgoingTransferRegistry()

.text._ZN6uavcan5INodeD0Ev
                0x00000000       0x14
 .text._ZN6uavcan5INodeD0Ev
                0x00000000       0x14 uavcannode_main.cpp.o
                0x00000000                uavcan::INode::~INode()

.text._ZN6uavcan22IRestartRequestHandlerD0Ev
                0x00000000       0x14
 .text._ZN6uavcan22IRestartRequestHandlerD0Ev
                0x00000000       0x14 uavcannode_main.cpp.o
                0x00000000                uavcan::IRestartRequestHandler::~IRestartRequestHandler()

.text._ZN6uavcan20StaticTransferBufferILt123EED0Ev
                0x00000000       0x14
 .text._ZN6uavcan20StaticTransferBufferILt123EED0Ev
                0x00000000       0x14 uavcannode_main.cpp.o
                0x00000000                uavcan::StaticTransferBuffer<(unsigned short)123>::~StaticTransferBuffer()

.text._ZN6uavcan20StaticTransferBufferILt15EED0Ev
                0x00000000       0x14
 .text._ZN6uavcan20StaticTransferBufferILt15EED0Ev
                0x00000000       0x14 uavcannode_main.cpp.o
                0x00000000                uavcan::StaticTransferBuffer<(unsigned short)15>::~StaticTransferBuffer()

.text._ZN6uavcan20StaticTransferBufferILt54EED0Ev
                0x00000000       0x14
 .text._ZN6uavcan20StaticTransferBufferILt54EED0Ev
                0x00000000       0x14 uavcannode_main.cpp.o
                0x00000000                uavcan::StaticTransferBuffer<(unsigned short)54>::~StaticTransferBuffer()

.text._ZN6uavcan21TransferBufferManagerILt0ELh0EED0Ev
                0x00000000       0x14
 .text._ZN6uavcan21TransferBufferManagerILt0ELh0EED0Ev
                0x00000000       0x14 uavcannode_main.cpp.o
                0x00000000                uavcan::TransferBufferManager<(unsigned short)0, (unsigned char)0>::~TransferBufferManager()

.text._ZN21RestartRequestHandlerD0Ev
                0x00000000       0x14
 .text._ZN21RestartRequestHandlerD0Ev
                0x00000000       0x14 uavcannode_main.cpp.o
                0x00000000                RestartRequestHandler::~RestartRequestHandler()

.text._ZN6uavcan20StaticTransferBufferILt129EED0Ev
                0x00000000       0x14
 .text._ZN6uavcan20StaticTransferBufferILt129EED0Ev
                0x00000000       0x14 uavcannode_main.cpp.o
                0x00000000                uavcan::StaticTransferBuffer<(unsigned short)129>::~StaticTransferBuffer()

.text._ZN6uavcan20StaticTransferBufferILt73EED0Ev
                0x00000000       0x14
 .text._ZN6uavcan20StaticTransferBufferILt73EED0Ev
                0x00000000       0x14 uavcannode_main.cpp.o
                0x00000000                uavcan::StaticTransferBuffer<(unsigned short)73>::~StaticTransferBuffer()

.text._ZN6uavcan20StaticTransferBufferILt1EED0Ev
                0x00000000       0x14
 .text._ZN6uavcan20StaticTransferBufferILt1EED0Ev
                0x00000000       0x14 uavcannode_main.cpp.o
                0x00000000                uavcan::StaticTransferBuffer<(unsigned short)1>::~StaticTransferBuffer()

.text._ZN6uavcan20StaticTransferBufferILt93EED0Ev
                0x00000000       0x14
 .text._ZN6uavcan20StaticTransferBufferILt93EED0Ev
                0x00000000       0x14 uavcannode_main.cpp.o
                0x00000000                uavcan::StaticTransferBuffer<(unsigned short)93>::~StaticTransferBuffer()

.text._ZN6uavcan20StaticTransferBufferILt377EED0Ev
                0x00000000       0x14
 .text._ZN6uavcan20StaticTransferBufferILt377EED0Ev
                0x00000000       0x14 uavcannode_main.cpp.o
                0x00000000                uavcan::StaticTransferBuffer<(unsigned short)377>::~StaticTransferBuffer()

.text._ZN6uavcan26TransferBufferManagerEntryD0Ev
                0x00000000       0x14
 .text._ZN6uavcan26TransferBufferManagerEntryD0Ev
                0x00000000       0x14 uavcannode_main.cpp.o
                0x00000000                uavcan::TransferBufferManagerEntry::~TransferBufferManagerEntry()

.text._ZN6uavcan32StaticTransferBufferManagerEntryILt84EED0Ev
                0x00000000       0x18
 .text._ZN6uavcan32StaticTransferBufferManagerEntryILt84EED0Ev
                0x00000000       0x18 uavcannode_main.cpp.o
                0x00000000                uavcan::StaticTransferBufferManagerEntry<(unsigned short)84>::~StaticTransferBufferManagerEntry()

.text._ZN6uavcan32StaticTransferBufferManagerEntryILt202EED0Ev
                0x00000000       0x18
 .text._ZN6uavcan32StaticTransferBufferManagerEntryILt202EED0Ev
                0x00000000       0x18 uavcannode_main.cpp.o
                0x00000000                uavcan::StaticTransferBufferManagerEntry<(unsigned short)202>::~StaticTransferBufferManagerEntry()

.text._ZN6uavcan13PoolAllocatorILj2048ELh48EED0Ev
                0x00000000       0x14
 .text._ZN6uavcan13PoolAllocatorILj2048ELh48EED0Ev
                0x00000000       0x14 uavcannode_main.cpp.o
                0x00000000                uavcan::PoolAllocator<2048u, (unsigned char)48>::~PoolAllocator()

.text._ZN6uavcan15DeadlineHandlerD2Ev
                0x00000000       0x14
 .text._ZN6uavcan15DeadlineHandlerD2Ev
                0x00000000       0x14 uavcannode_main.cpp.o
                0x00000000                uavcan::DeadlineHandler::~DeadlineHandler()
                0x00000000                uavcan::DeadlineHandler::~DeadlineHandler()

.text._ZN6uavcan15DeadlineHandlerD0Ev
                0x00000000       0x1c
 .text._ZN6uavcan15DeadlineHandlerD0Ev
                0x00000000       0x1c uavcannode_main.cpp.o
                0x00000000                uavcan::DeadlineHandler::~DeadlineHandler()

.text._ZN6uavcan19TimerEventForwarderIPFvRKNS_10TimerEventEEED2Ev
                0x00000000       0x14
 .text._ZN6uavcan19TimerEventForwarderIPFvRKNS_10TimerEventEEED2Ev
                0x00000000       0x14 uavcannode_main.cpp.o
                0x00000000                uavcan::TimerEventForwarder<void (*)(uavcan::TimerEvent const&)>::~TimerEventForwarder()
                0x00000000                uavcan::TimerEventForwarder<void (*)(uavcan::TimerEvent const&)>::~TimerEventForwarder()

.text._ZN6uavcan19TimerEventForwarderIPFvRKNS_10TimerEventEEED0Ev
                0x00000000       0x1c
 .text._ZN6uavcan19TimerEventForwarderIPFvRKNS_10TimerEventEEED0Ev
                0x00000000       0x1c uavcannode_main.cpp.o
                0x00000000                uavcan::TimerEventForwarder<void (*)(uavcan::TimerEvent const&)>::~TimerEventForwarder()

.text._ZL9cb_rebootRKN6uavcan10TimerEventE
                0x00000000        0x8
 .text._ZL9cb_rebootRKN6uavcan10TimerEventE
                0x00000000        0x8 uavcannode_main.cpp.o

.text._ZN21RestartRequestHandler20handleRestartRequestEN6uavcan6NodeIDE
                0x00000000       0x30
 .text._ZN21RestartRequestHandler20handleRestartRequestEN6uavcan6NodeIDE
                0x00000000       0x30 uavcannode_main.cpp.o
                0x00000000                RestartRequestHandler::handleRestartRequest(uavcan::NodeID)

.text._ZN6uavcan17GenericSubscriberINS_8protocol12GetNodeInfo_ENS2_8Request_ILi0EEENS_16TransferListenerILj0ELj0ELj2EEEED2Ev
                0x00000000       0x38
 .text._ZN6uavcan17GenericSubscriberINS_8protocol12GetNodeInfo_ENS2_8Request_ILi0EEENS_16TransferListenerILj0ELj0ELj2EEEED2Ev
                0x00000000       0x38 uavcannode_main.cpp.o
                0x00000000                uavcan::GenericSubscriber<uavcan::protocol::GetNodeInfo_, uavcan::protocol::GetNodeInfo_::Request_<0>, uavcan::TransferListener<0u, 0u, 2u> >::~GenericSubscriber()
                0x00000000                uavcan::GenericSubscriber<uavcan::protocol::GetNodeInfo_, uavcan::protocol::GetNodeInfo_::Request_<0>, uavcan::TransferListener<0u, 0u, 2u> >::~GenericSubscriber()

.text._ZN6uavcan17GenericSubscriberINS_8protocol16GetDataTypeInfo_ENS2_8Request_ILi0EEENS_16TransferListenerILj84ELj1ELj2EEEED2Ev
                0x00000000       0x38
 .text._ZN6uavcan17GenericSubscriberINS_8protocol16GetDataTypeInfo_ENS2_8Request_ILi0EEENS_16TransferListenerILj84ELj1ELj2EEEED2Ev
                0x00000000       0x38 uavcannode_main.cpp.o
                0x00000000                uavcan::GenericSubscriber<uavcan::protocol::GetDataTypeInfo_, uavcan::protocol::GetDataTypeInfo_::Request_<0>, uavcan::TransferListener<84u, 1u, 2u> >::~GenericSubscriber()
                0x00000000                uavcan::GenericSubscriber<uavcan::protocol::GetDataTypeInfo_, uavcan::protocol::GetDataTypeInfo_::Request_<0>, uavcan::TransferListener<84u, 1u, 2u> >::~GenericSubscriber()

.text._ZN6uavcan17GenericSubscriberINS_8protocol12RestartNode_ENS2_8Request_ILi0EEENS_16TransferListenerILj0ELj0ELj2EEEED2Ev
                0x00000000       0x38
 .text._ZN6uavcan17GenericSubscriberINS_8protocol12RestartNode_ENS2_8Request_ILi0EEENS_16TransferListenerILj0ELj0ELj2EEEED2Ev
                0x00000000       0x38 uavcannode_main.cpp.o
                0x00000000                uavcan::GenericSubscriber<uavcan::protocol::RestartNode_, uavcan::protocol::RestartNode_::Request_<0>, uavcan::TransferListener<0u, 0u, 2u> >::~GenericSubscriber()
                0x00000000                uavcan::GenericSubscriber<uavcan::protocol::RestartNode_, uavcan::protocol::RestartNode_::Request_<0>, uavcan::TransferListener<0u, 0u, 2u> >::~GenericSubscriber()

.text._ZN6uavcan17GenericSubscriberINS_8protocol18GetTransportStats_ENS2_8Request_ILi0EEENS_16TransferListenerILj0ELj0ELj2EEEED2Ev
                0x00000000       0x38
 .text._ZN6uavcan17GenericSubscriberINS_8protocol18GetTransportStats_ENS2_8Request_ILi0EEENS_16TransferListenerILj0ELj0ELj2EEEED2Ev
                0x00000000       0x38 uavcannode_main.cpp.o
                0x00000000                uavcan::GenericSubscriber<uavcan::protocol::GetTransportStats_, uavcan::protocol::GetTransportStats_::Request_<0>, uavcan::TransferListener<0u, 0u, 2u> >::~GenericSubscriber()
                0x00000000                uavcan::GenericSubscriber<uavcan::protocol::GetTransportStats_, uavcan::protocol::GetTransportStats_::Request_<0>, uavcan::TransferListener<0u, 0u, 2u> >::~GenericSubscriber()

.text._ZN6uavcan17GenericSubscriberINS_8protocol15GlobalTimeSync_ILi0EEES3_NS_16TransferListenerILj0ELj0ELj2EEEED2Ev
                0x00000000       0x38
 .text._ZN6uavcan17GenericSubscriberINS_8protocol15GlobalTimeSync_ILi0EEES3_NS_16TransferListenerILj0ELj0ELj2EEEED2Ev
                0x00000000       0x38 uavcannode_main.cpp.o
                0x00000000                uavcan::GenericSubscriber<uavcan::protocol::GlobalTimeSync_<0>, uavcan::protocol::GlobalTimeSync_<0>, uavcan::TransferListener<0u, 0u, 2u> >::~GenericSubscriber()
                0x00000000                uavcan::GenericSubscriber<uavcan::protocol::GlobalTimeSync_<0>, uavcan::protocol::GlobalTimeSync_<0>, uavcan::TransferListener<0u, 0u, 2u> >::~GenericSubscriber()

.text._ZN6uavcan17GenericSubscriberINS_8protocol4file20BeginFirmwareUpdate_ENS3_8Request_ILi0EEENS_16TransferListenerILj202ELj1ELj2EEEED2Ev
                0x00000000       0x38
 .text._ZN6uavcan17GenericSubscriberINS_8protocol4file20BeginFirmwareUpdate_ENS3_8Request_ILi0EEENS_16TransferListenerILj202ELj1ELj2EEEED2Ev
                0x00000000       0x38 uavcannode_main.cpp.o
                0x00000000                uavcan::GenericSubscriber<uavcan::protocol::file::BeginFirmwareUpdate_, uavcan::protocol::file::BeginFirmwareUpdate_::Request_<0>, uavcan::TransferListener<202u, 1u, 2u> >::~GenericSubscriber()
                0x00000000                uavcan::GenericSubscriber<uavcan::protocol::file::BeginFirmwareUpdate_, uavcan::protocol::file::BeginFirmwareUpdate_::Request_<0>, uavcan::TransferListener<202u, 1u, 2u> >::~GenericSubscriber()

.text._ZN6uavcan19TimerEventForwarderIPFvRKNS_10TimerEventEEE16handleTimerEventES3_
                0x00000000       0x18
 .text._ZN6uavcan19TimerEventForwarderIPFvRKNS_10TimerEventEEE16handleTimerEventES3_
                0x00000000       0x18 uavcannode_main.cpp.o
                0x00000000                uavcan::TimerEventForwarder<void (*)(uavcan::TimerEvent const&)>::handleTimerEvent(uavcan::TimerEvent const&)

.text._ZN6uavcan10SubscriberINS_8protocol15GlobalTimeSync_ILi0EEENS_12MethodBinderIPNS_19GlobalTimeSyncSlaveEMS5_FvRKNS_21ReceivedDataStructureIS3_EEEEELj2ELj0EE24handleReceivedDataStructERS8_
                0x00000000       0x38
 .text._ZN6uavcan10SubscriberINS_8protocol15GlobalTimeSync_ILi0EEENS_12MethodBinderIPNS_19GlobalTimeSyncSlaveEMS5_FvRKNS_21ReceivedDataStructureIS3_EEEEELj2ELj0EE24handleReceivedDataStructERS8_
                0x00000000       0x38 uavcannode_main.cpp.o
                0x00000000                uavcan::Subscriber<uavcan::protocol::GlobalTimeSync_<0>, uavcan::MethodBinder<uavcan::GlobalTimeSyncSlave*, void (uavcan::GlobalTimeSyncSlave::*)(uavcan::ReceivedDataStructure<uavcan::protocol::GlobalTimeSync_<0> > const&)>, 2u, 0u>::handleReceivedDataStruct(uavcan::ReceivedDataStructure<uavcan::protocol::GlobalTimeSync_<0> >&)

.text._ZN6uavcan20DataTypeInfoProvider28handleGetDataTypeInfoRequestERKNS_8protocol16GetDataTypeInfo_8Request_ILi0EEERNS2_9Response_ILi0EEE
                0x00000000       0xe8
 .text._ZN6uavcan20DataTypeInfoProvider28handleGetDataTypeInfoRequestERKNS_8protocol16GetDataTypeInfo_8Request_ILi0EEERNS2_9Response_ILi0EEE
                0x00000000       0xe8 uavcannode_main.cpp.o
                0x00000000                uavcan::DataTypeInfoProvider::handleGetDataTypeInfoRequest(uavcan::protocol::GetDataTypeInfo_::Request_<0> const&, uavcan::protocol::GetDataTypeInfo_::Response_<0>&)

.text._ZNK6uavcan22TransportStatsProvider23handleGetTransportStatsERKNS_8protocol18GetTransportStats_8Request_ILi0EEERNS2_9Response_ILi0EEE
                0x00000000       0xa4
 .text._ZNK6uavcan22TransportStatsProvider23handleGetTransportStatsERKNS_8protocol18GetTransportStats_8Request_ILi0EEERNS2_9Response_ILi0EEE
                0x00000000       0xa4 uavcannode_main.cpp.o
                0x00000000                uavcan::TransportStatsProvider::handleGetTransportStats(uavcan::protocol::GetTransportStats_::Request_<0> const&, uavcan::protocol::GetTransportStats_::Response_<0>&) const

.text._ZN6uavcan21TransferBufferManagerILt84ELh1EED2Ev
                0x00000000       0x2c
 .text._ZN6uavcan21TransferBufferManagerILt84ELh1EED2Ev
                0x00000000       0x2c uavcannode_main.cpp.o
                0x00000000                uavcan::TransferBufferManager<(unsigned short)84, (unsigned char)1>::~TransferBufferManager()
                0x00000000                uavcan::TransferBufferManager<(unsigned short)84, (unsigned char)1>::~TransferBufferManager()

.text._ZN6uavcan21TransferBufferManagerILt202ELh1EED2Ev
                0x00000000       0x2c
 .text._ZN6uavcan21TransferBufferManagerILt202ELh1EED2Ev
                0x00000000       0x2c uavcannode_main.cpp.o
                0x00000000                uavcan::TransferBufferManager<(unsigned short)202, (unsigned char)1>::~TransferBufferManager()
                0x00000000                uavcan::TransferBufferManager<(unsigned short)202, (unsigned char)1>::~TransferBufferManager()

.text._ZN6uavcan17GenericSubscriberINS_8protocol15GlobalTimeSync_ILi0EEES3_NS_16TransferListenerILj0ELj0ELj2EEEE17TransferForwarder22handleIncomingTransferERNS_16IncomingTransferE
                0x00000000       0x80
 .text._ZN6uavcan17GenericSubscriberINS_8protocol15GlobalTimeSync_ILi0EEES3_NS_16TransferListenerILj0ELj0ELj2EEEE17TransferForwarder22handleIncomingTransferERNS_16IncomingTransferE
                0x00000000       0x80 uavcannode_main.cpp.o
                0x00000000                uavcan::GenericSubscriber<uavcan::protocol::GlobalTimeSync_<0>, uavcan::protocol::GlobalTimeSync_<0>, uavcan::TransferListener<0u, 0u, 2u> >::TransferForwarder::handleIncomingTransfer(uavcan::IncomingTransfer&)

.text._ZN6uavcan17GenericSubscriberINS_8protocol12RestartNode_ENS2_8Request_ILi0EEENS_16TransferListenerILj0ELj0ELj2EEEE17TransferForwarder22handleIncomingTransferERNS_16IncomingTransferE
                0x00000000       0x80
 .text._ZN6uavcan17GenericSubscriberINS_8protocol12RestartNode_ENS2_8Request_ILi0EEENS_16TransferListenerILj0ELj0ELj2EEEE17TransferForwarder22handleIncomingTransferERNS_16IncomingTransferE
                0x00000000       0x80 uavcannode_main.cpp.o
                0x00000000                uavcan::GenericSubscriber<uavcan::protocol::RestartNode_, uavcan::protocol::RestartNode_::Request_<0>, uavcan::TransferListener<0u, 0u, 2u> >::TransferForwarder::handleIncomingTransfer(uavcan::IncomingTransfer&)

.text._ZN10UavcanNode23cb_beginfirmware_updateERKN6uavcan21ReceivedDataStructureINS0_8protocol4file20BeginFirmwareUpdate_8Request_ILi0EEEEERNS0_28ServiceResponseDataStructureINS4_9Response_ILi0EEEEE
                0x00000000       0x88
 .text._ZN10UavcanNode23cb_beginfirmware_updateERKN6uavcan21ReceivedDataStructureINS0_8protocol4file20BeginFirmwareUpdate_8Request_ILi0EEEEERNS0_28ServiceResponseDataStructureINS4_9Response_ILi0EEEEE
                0x00000000       0x88 uavcannode_main.cpp.o
                0x00000000                UavcanNode::cb_beginfirmware_update(uavcan::ReceivedDataStructure<uavcan::protocol::file::BeginFirmwareUpdate_::Request_<0> > const&, uavcan::ServiceResponseDataStructure<uavcan::protocol::file::BeginFirmwareUpdate_::Response_<0> >&)

.text._ZNK6uavcan20RestartRequestServer17handleRestartNodeERKNS_21ReceivedDataStructureINS_8protocol12RestartNode_8Request_ILi0EEEEERNS3_9Response_ILi0EEE
                0x00000000       0x48
 .text._ZNK6uavcan20RestartRequestServer17handleRestartNodeERKNS_21ReceivedDataStructureINS_8protocol12RestartNode_8Request_ILi0EEEEERNS3_9Response_ILi0EEE
                0x00000000       0x48 uavcannode_main.cpp.o
                0x00000000                uavcan::RestartRequestServer::handleRestartNode(uavcan::ReceivedDataStructure<uavcan::protocol::RestartNode_::Request_<0> > const&, uavcan::protocol::RestartNode_::Response_<0>&) const

.text.unlikely._ZN6uavcan11IntegerSpecILj7ELNS_10SignednessE0ELNS_8CastModeE0EE6encodeEhRNS_11ScalarCodecENS_25TailArrayOptimizationModeE.isra.146
                0x00000000       0x24
 .text.unlikely._ZN6uavcan11IntegerSpecILj7ELNS_10SignednessE0ELNS_8CastModeE0EE6encodeEhRNS_11ScalarCodecENS_25TailArrayOptimizationModeE.isra.146
                0x00000000       0x24 uavcannode_main.cpp.o

.text._ZN6uavcan19GlobalTimeSyncSlave20handleGlobalTimeSyncERKNS_21ReceivedDataStructureINS_8protocol15GlobalTimeSync_ILi0EEEEE
                0x00000000      0x170
 .text._ZN6uavcan19GlobalTimeSyncSlave20handleGlobalTimeSyncERKNS_21ReceivedDataStructureINS_8protocol15GlobalTimeSync_ILi0EEEEE
                0x00000000      0x170 uavcannode_main.cpp.o
                0x00000000                uavcan::GlobalTimeSyncSlave::handleGlobalTimeSync(uavcan::ReceivedDataStructure<uavcan::protocol::GlobalTimeSync_<0> > const&)

.text._ZN6uavcan21TransferBufferManagerILt202ELh1EED0Ev
                0x00000000       0x34
 .text._ZN6uavcan21TransferBufferManagerILt202ELh1EED0Ev
                0x00000000       0x34 uavcannode_main.cpp.o
                0x00000000                uavcan::TransferBufferManager<(unsigned short)202, (unsigned char)1>::~TransferBufferManager()

.text._ZN6uavcan21TransferBufferManagerILt84ELh1EED0Ev
                0x00000000       0x34
 .text._ZN6uavcan21TransferBufferManagerILt84ELh1EED0Ev
                0x00000000       0x34 uavcannode_main.cpp.o
                0x00000000                uavcan::TransferBufferManager<(unsigned short)84, (unsigned char)1>::~TransferBufferManager()

.text._ZN6uavcan13ServiceServerINS_8protocol12RestartNode_ENS_12MethodBinderIPKNS_20RestartRequestServerEMS4_KFvRKNS_21ReceivedDataStructureINS2_8Request_ILi0EEEEERNS2_9Response_ILi0EEEEEELj2ELj1EED2Ev
                0x00000000       0x38
 .text._ZN6uavcan13ServiceServerINS_8protocol12RestartNode_ENS_12MethodBinderIPKNS_20RestartRequestServerEMS4_KFvRKNS_21ReceivedDataStructureINS2_8Request_ILi0EEEEERNS2_9Response_ILi0EEEEEELj2ELj1EED2Ev
                0x00000000       0x38 uavcannode_main.cpp.o
                0x00000000                uavcan::ServiceServer<uavcan::protocol::RestartNode_, uavcan::MethodBinder<uavcan::RestartRequestServer const*, void (uavcan::RestartRequestServer::*)(uavcan::ReceivedDataStructure<uavcan::protocol::RestartNode_::Request_<0> > const&, uavcan::protocol::RestartNode_::Response_<0>&) const>, 2u, 1u>::~ServiceServer()
                0x00000000                uavcan::ServiceServer<uavcan::protocol::RestartNode_, uavcan::MethodBinder<uavcan::RestartRequestServer const*, void (uavcan::RestartRequestServer::*)(uavcan::ReceivedDataStructure<uavcan::protocol::RestartNode_::Request_<0> > const&, uavcan::protocol::RestartNode_::Response_<0>&) const>, 2u, 1u>::~ServiceServer()

.text._ZN6uavcan13ServiceServerINS_8protocol18GetTransportStats_ENS_12MethodBinderIPKNS_22TransportStatsProviderEMS4_KFvRKNS2_8Request_ILi0EEERNS2_9Response_ILi0EEEEEELj2ELj1EED2Ev
                0x00000000       0x38
 .text._ZN6uavcan13ServiceServerINS_8protocol18GetTransportStats_ENS_12MethodBinderIPKNS_22TransportStatsProviderEMS4_KFvRKNS2_8Request_ILi0EEERNS2_9Response_ILi0EEEEEELj2ELj1EED2Ev
                0x00000000       0x38 uavcannode_main.cpp.o
                0x00000000                uavcan::ServiceServer<uavcan::protocol::GetTransportStats_, uavcan::MethodBinder<uavcan::TransportStatsProvider const*, void (uavcan::TransportStatsProvider::*)(uavcan::protocol::GetTransportStats_::Request_<0> const&, uavcan::protocol::GetTransportStats_::Response_<0>&) const>, 2u, 1u>::~ServiceServer()
                0x00000000                uavcan::ServiceServer<uavcan::protocol::GetTransportStats_, uavcan::MethodBinder<uavcan::TransportStatsProvider const*, void (uavcan::TransportStatsProvider::*)(uavcan::protocol::GetTransportStats_::Request_<0> const&, uavcan::protocol::GetTransportStats_::Response_<0>&) const>, 2u, 1u>::~ServiceServer()

.text._ZN6uavcan10SubscriberINS_8protocol15GlobalTimeSync_ILi0EEENS_12MethodBinderIPNS_19GlobalTimeSyncSlaveEMS5_FvRKNS_21ReceivedDataStructureIS3_EEEEELj2ELj0EED2Ev
                0x00000000       0x38
 .text._ZN6uavcan10SubscriberINS_8protocol15GlobalTimeSync_ILi0EEENS_12MethodBinderIPNS_19GlobalTimeSyncSlaveEMS5_FvRKNS_21ReceivedDataStructureIS3_EEEEELj2ELj0EED2Ev
                0x00000000       0x38 uavcannode_main.cpp.o
                0x00000000                uavcan::Subscriber<uavcan::protocol::GlobalTimeSync_<0>, uavcan::MethodBinder<uavcan::GlobalTimeSyncSlave*, void (uavcan::GlobalTimeSyncSlave::*)(uavcan::ReceivedDataStructure<uavcan::protocol::GlobalTimeSync_<0> > const&)>, 2u, 0u>::~Subscriber()
                0x00000000                uavcan::Subscriber<uavcan::protocol::GlobalTimeSync_<0>, uavcan::MethodBinder<uavcan::GlobalTimeSyncSlave*, void (uavcan::GlobalTimeSyncSlave::*)(uavcan::ReceivedDataStructure<uavcan::protocol::GlobalTimeSync_<0> > const&)>, 2u, 0u>::~Subscriber()

.text._ZN6uavcan13ServiceServerINS_8protocol16GetDataTypeInfo_ENS_12MethodBinderIPNS_20DataTypeInfoProviderEMS4_FvRKNS2_8Request_ILi0EEERNS2_9Response_ILi0EEEEEELj2ELj1EED2Ev
                0x00000000       0x38
 .text._ZN6uavcan13ServiceServerINS_8protocol16GetDataTypeInfo_ENS_12MethodBinderIPNS_20DataTypeInfoProviderEMS4_FvRKNS2_8Request_ILi0EEERNS2_9Response_ILi0EEEEEELj2ELj1EED2Ev
                0x00000000       0x38 uavcannode_main.cpp.o
                0x00000000                uavcan::ServiceServer<uavcan::protocol::GetDataTypeInfo_, uavcan::MethodBinder<uavcan::DataTypeInfoProvider*, void (uavcan::DataTypeInfoProvider::*)(uavcan::protocol::GetDataTypeInfo_::Request_<0> const&, uavcan::protocol::GetDataTypeInfo_::Response_<0>&)>, 2u, 1u>::~ServiceServer()
                0x00000000                uavcan::ServiceServer<uavcan::protocol::GetDataTypeInfo_, uavcan::MethodBinder<uavcan::DataTypeInfoProvider*, void (uavcan::DataTypeInfoProvider::*)(uavcan::protocol::GetDataTypeInfo_::Request_<0> const&, uavcan::protocol::GetDataTypeInfo_::Response_<0>&)>, 2u, 1u>::~ServiceServer()

.text._ZN6uavcan13ServiceServerINS_8protocol12GetNodeInfo_ENS_12MethodBinderIPNS_18NodeStatusProviderEMS4_FvRKNS2_8Request_ILi0EEERNS2_9Response_ILi0EEEEEELj2ELj1EED2Ev
                0x00000000       0x38
 .text._ZN6uavcan13ServiceServerINS_8protocol12GetNodeInfo_ENS_12MethodBinderIPNS_18NodeStatusProviderEMS4_FvRKNS2_8Request_ILi0EEERNS2_9Response_ILi0EEEEEELj2ELj1EED2Ev
                0x00000000       0x38 uavcannode_main.cpp.o
                0x00000000                uavcan::ServiceServer<uavcan::protocol::GetNodeInfo_, uavcan::MethodBinder<uavcan::NodeStatusProvider*, void (uavcan::NodeStatusProvider::*)(uavcan::protocol::GetNodeInfo_::Request_<0> const&, uavcan::protocol::GetNodeInfo_::Response_<0>&)>, 2u, 1u>::~ServiceServer()
                0x00000000                uavcan::ServiceServer<uavcan::protocol::GetNodeInfo_, uavcan::MethodBinder<uavcan::NodeStatusProvider*, void (uavcan::NodeStatusProvider::*)(uavcan::protocol::GetNodeInfo_::Request_<0> const&, uavcan::protocol::GetNodeInfo_::Response_<0>&)>, 2u, 1u>::~ServiceServer()

.text._ZN6uavcan13ServiceServerINS_8protocol4file20BeginFirmwareUpdate_ENS_12MethodBinderIP10UavcanNodeMS5_FvRKNS_21ReceivedDataStructureINS3_8Request_ILi0EEEEERNS_28ServiceResponseDataStructureINS3_9Response_ILi0EEEEEEEELj2ELj1EED2Ev
                0x00000000       0x38
 .text._ZN6uavcan13ServiceServerINS_8protocol4file20BeginFirmwareUpdate_ENS_12MethodBinderIP10UavcanNodeMS5_FvRKNS_21ReceivedDataStructureINS3_8Request_ILi0EEEEERNS_28ServiceResponseDataStructureINS3_9Response_ILi0EEEEEEEELj2ELj1EED2Ev
                0x00000000       0x38 uavcannode_main.cpp.o
                0x00000000                uavcan::ServiceServer<uavcan::protocol::file::BeginFirmwareUpdate_, uavcan::MethodBinder<UavcanNode*, void (UavcanNode::*)(uavcan::ReceivedDataStructure<uavcan::protocol::file::BeginFirmwareUpdate_::Request_<0> > const&, uavcan::ServiceResponseDataStructure<uavcan::protocol::file::BeginFirmwareUpdate_::Response_<0> >&)>, 2u, 1u>::~ServiceServer()
                0x00000000                uavcan::ServiceServer<uavcan::protocol::file::BeginFirmwareUpdate_, uavcan::MethodBinder<UavcanNode*, void (UavcanNode::*)(uavcan::ReceivedDataStructure<uavcan::protocol::file::BeginFirmwareUpdate_::Request_<0> > const&, uavcan::ServiceResponseDataStructure<uavcan::protocol::file::BeginFirmwareUpdate_::Response_<0> >&)>, 2u, 1u>::~ServiceServer()

.text._ZN6uavcan17GenericSubscriberINS_8protocol15GlobalTimeSync_ILi0EEES3_NS_16TransferListenerILj0ELj0ELj2EEEED0Ev
                0x00000000       0x3c
 .text._ZN6uavcan17GenericSubscriberINS_8protocol15GlobalTimeSync_ILi0EEES3_NS_16TransferListenerILj0ELj0ELj2EEEED0Ev
                0x00000000       0x3c uavcannode_main.cpp.o
                0x00000000                uavcan::GenericSubscriber<uavcan::protocol::GlobalTimeSync_<0>, uavcan::protocol::GlobalTimeSync_<0>, uavcan::TransferListener<0u, 0u, 2u> >::~GenericSubscriber()

.text._ZN6uavcan17GenericSubscriberINS_8protocol12RestartNode_ENS2_8Request_ILi0EEENS_16TransferListenerILj0ELj0ELj2EEEED0Ev
                0x00000000       0x3c
 .text._ZN6uavcan17GenericSubscriberINS_8protocol12RestartNode_ENS2_8Request_ILi0EEENS_16TransferListenerILj0ELj0ELj2EEEED0Ev
                0x00000000       0x3c uavcannode_main.cpp.o
                0x00000000                uavcan::GenericSubscriber<uavcan::protocol::RestartNode_, uavcan::protocol::RestartNode_::Request_<0>, uavcan::TransferListener<0u, 0u, 2u> >::~GenericSubscriber()

.text._ZN6uavcan17GenericSubscriberINS_8protocol18GetTransportStats_ENS2_8Request_ILi0EEENS_16TransferListenerILj0ELj0ELj2EEEED0Ev
                0x00000000       0x3c
 .text._ZN6uavcan17GenericSubscriberINS_8protocol18GetTransportStats_ENS2_8Request_ILi0EEENS_16TransferListenerILj0ELj0ELj2EEEED0Ev
                0x00000000       0x3c uavcannode_main.cpp.o
                0x00000000                uavcan::GenericSubscriber<uavcan::protocol::GetTransportStats_, uavcan::protocol::GetTransportStats_::Request_<0>, uavcan::TransferListener<0u, 0u, 2u> >::~GenericSubscriber()

.text._ZN6uavcan17GenericSubscriberINS_8protocol4file20BeginFirmwareUpdate_ENS3_8Request_ILi0EEENS_16TransferListenerILj202ELj1ELj2EEEED0Ev
                0x00000000       0x40
 .text._ZN6uavcan17GenericSubscriberINS_8protocol4file20BeginFirmwareUpdate_ENS3_8Request_ILi0EEENS_16TransferListenerILj202ELj1ELj2EEEED0Ev
                0x00000000       0x40 uavcannode_main.cpp.o
                0x00000000                uavcan::GenericSubscriber<uavcan::protocol::file::BeginFirmwareUpdate_, uavcan::protocol::file::BeginFirmwareUpdate_::Request_<0>, uavcan::TransferListener<202u, 1u, 2u> >::~GenericSubscriber()

.text._ZN6uavcan17GenericSubscriberINS_8protocol16GetDataTypeInfo_ENS2_8Request_ILi0EEENS_16TransferListenerILj84ELj1ELj2EEEED0Ev
                0x00000000       0x40
 .text._ZN6uavcan17GenericSubscriberINS_8protocol16GetDataTypeInfo_ENS2_8Request_ILi0EEENS_16TransferListenerILj84ELj1ELj2EEEED0Ev
                0x00000000       0x40 uavcannode_main.cpp.o
                0x00000000                uavcan::GenericSubscriber<uavcan::protocol::GetDataTypeInfo_, uavcan::protocol::GetDataTypeInfo_::Request_<0>, uavcan::TransferListener<84u, 1u, 2u> >::~GenericSubscriber()

.text._ZN6uavcan17GenericSubscriberINS_8protocol12GetNodeInfo_ENS2_8Request_ILi0EEENS_16TransferListenerILj0ELj0ELj2EEEED0Ev
                0x00000000       0x3c
 .text._ZN6uavcan17GenericSubscriberINS_8protocol12GetNodeInfo_ENS2_8Request_ILi0EEENS_16TransferListenerILj0ELj0ELj2EEEED0Ev
                0x00000000       0x3c uavcannode_main.cpp.o
                0x00000000                uavcan::GenericSubscriber<uavcan::protocol::GetNodeInfo_, uavcan::protocol::GetNodeInfo_::Request_<0>, uavcan::TransferListener<0u, 0u, 2u> >::~GenericSubscriber()

.text._ZN6uavcan13ServiceServerINS_8protocol16GetDataTypeInfo_ENS_12MethodBinderIPNS_20DataTypeInfoProviderEMS4_FvRKNS2_8Request_ILi0EEERNS2_9Response_ILi0EEEEEELj2ELj1EED0Ev
                0x00000000       0x40
 .text._ZN6uavcan13ServiceServerINS_8protocol16GetDataTypeInfo_ENS_12MethodBinderIPNS_20DataTypeInfoProviderEMS4_FvRKNS2_8Request_ILi0EEERNS2_9Response_ILi0EEEEEELj2ELj1EED0Ev
                0x00000000       0x40 uavcannode_main.cpp.o
                0x00000000                uavcan::ServiceServer<uavcan::protocol::GetDataTypeInfo_, uavcan::MethodBinder<uavcan::DataTypeInfoProvider*, void (uavcan::DataTypeInfoProvider::*)(uavcan::protocol::GetDataTypeInfo_::Request_<0> const&, uavcan::protocol::GetDataTypeInfo_::Response_<0>&)>, 2u, 1u>::~ServiceServer()

.text._ZN6uavcan13ServiceServerINS_8protocol18GetTransportStats_ENS_12MethodBinderIPKNS_22TransportStatsProviderEMS4_KFvRKNS2_8Request_ILi0EEERNS2_9Response_ILi0EEEEEELj2ELj1EED0Ev
                0x00000000       0x3c
 .text._ZN6uavcan13ServiceServerINS_8protocol18GetTransportStats_ENS_12MethodBinderIPKNS_22TransportStatsProviderEMS4_KFvRKNS2_8Request_ILi0EEERNS2_9Response_ILi0EEEEEELj2ELj1EED0Ev
                0x00000000       0x3c uavcannode_main.cpp.o
                0x00000000                uavcan::ServiceServer<uavcan::protocol::GetTransportStats_, uavcan::MethodBinder<uavcan::TransportStatsProvider const*, void (uavcan::TransportStatsProvider::*)(uavcan::protocol::GetTransportStats_::Request_<0> const&, uavcan::protocol::GetTransportStats_::Response_<0>&) const>, 2u, 1u>::~ServiceServer()

.text._ZN6uavcan13ServiceServerINS_8protocol4file20BeginFirmwareUpdate_ENS_12MethodBinderIP10UavcanNodeMS5_FvRKNS_21ReceivedDataStructureINS3_8Request_ILi0EEEEERNS_28ServiceResponseDataStructureINS3_9Response_ILi0EEEEEEEELj2ELj1EED0Ev
                0x00000000       0x40
 .text._ZN6uavcan13ServiceServerINS_8protocol4file20BeginFirmwareUpdate_ENS_12MethodBinderIP10UavcanNodeMS5_FvRKNS_21ReceivedDataStructureINS3_8Request_ILi0EEEEERNS_28ServiceResponseDataStructureINS3_9Response_ILi0EEEEEEEELj2ELj1EED0Ev
                0x00000000       0x40 uavcannode_main.cpp.o
                0x00000000                uavcan::ServiceServer<uavcan::protocol::file::BeginFirmwareUpdate_, uavcan::MethodBinder<UavcanNode*, void (UavcanNode::*)(uavcan::ReceivedDataStructure<uavcan::protocol::file::BeginFirmwareUpdate_::Request_<0> > const&, uavcan::ServiceResponseDataStructure<uavcan::protocol::file::BeginFirmwareUpdate_::Response_<0> >&)>, 2u, 1u>::~ServiceServer()

.text._ZN6uavcan13ServiceServerINS_8protocol12GetNodeInfo_ENS_12MethodBinderIPNS_18NodeStatusProviderEMS4_FvRKNS2_8Request_ILi0EEERNS2_9Response_ILi0EEEEEELj2ELj1EED0Ev
                0x00000000       0x3c
 .text._ZN6uavcan13ServiceServerINS_8protocol12GetNodeInfo_ENS_12MethodBinderIPNS_18NodeStatusProviderEMS4_FvRKNS2_8Request_ILi0EEERNS2_9Response_ILi0EEEEEELj2ELj1EED0Ev
                0x00000000       0x3c uavcannode_main.cpp.o
                0x00000000                uavcan::ServiceServer<uavcan::protocol::GetNodeInfo_, uavcan::MethodBinder<uavcan::NodeStatusProvider*, void (uavcan::NodeStatusProvider::*)(uavcan::protocol::GetNodeInfo_::Request_<0> const&, uavcan::protocol::GetNodeInfo_::Response_<0>&)>, 2u, 1u>::~ServiceServer()

.text._ZN6uavcan10SubscriberINS_8protocol15GlobalTimeSync_ILi0EEENS_12MethodBinderIPNS_19GlobalTimeSyncSlaveEMS5_FvRKNS_21ReceivedDataStructureIS3_EEEEELj2ELj0EED0Ev
                0x00000000       0x3c
 .text._ZN6uavcan10SubscriberINS_8protocol15GlobalTimeSync_ILi0EEENS_12MethodBinderIPNS_19GlobalTimeSyncSlaveEMS5_FvRKNS_21ReceivedDataStructureIS3_EEEEELj2ELj0EED0Ev
                0x00000000       0x3c uavcannode_main.cpp.o
                0x00000000                uavcan::Subscriber<uavcan::protocol::GlobalTimeSync_<0>, uavcan::MethodBinder<uavcan::GlobalTimeSyncSlave*, void (uavcan::GlobalTimeSyncSlave::*)(uavcan::ReceivedDataStructure<uavcan::protocol::GlobalTimeSync_<0> > const&)>, 2u, 0u>::~Subscriber()

.text._ZN6uavcan13ServiceServerINS_8protocol12RestartNode_ENS_12MethodBinderIPKNS_20RestartRequestServerEMS4_KFvRKNS_21ReceivedDataStructureINS2_8Request_ILi0EEEEERNS2_9Response_ILi0EEEEEELj2ELj1EED0Ev
                0x00000000       0x3c
 .text._ZN6uavcan13ServiceServerINS_8protocol12RestartNode_ENS_12MethodBinderIPKNS_20RestartRequestServerEMS4_KFvRKNS_21ReceivedDataStructureINS2_8Request_ILi0EEEEERNS2_9Response_ILi0EEEEEELj2ELj1EED0Ev
                0x00000000       0x3c uavcannode_main.cpp.o
                0x00000000                uavcan::ServiceServer<uavcan::protocol::RestartNode_, uavcan::MethodBinder<uavcan::RestartRequestServer const*, void (uavcan::RestartRequestServer::*)(uavcan::ReceivedDataStructure<uavcan::protocol::RestartNode_::Request_<0> > const&, uavcan::protocol::RestartNode_::Response_<0>&) const>, 2u, 1u>::~ServiceServer()

.text._ZN6uavcan13ServiceServerINS_8protocol12RestartNode_ENS_12MethodBinderIPKNS_20RestartRequestServerEMS4_KFvRKNS_21ReceivedDataStructureINS2_8Request_ILi0EEEEERNS2_9Response_ILi0EEEEEELj2ELj1EE24handleReceivedDataStructERSA_
                0x00000000      0x138
 .text._ZN6uavcan13ServiceServerINS_8protocol12RestartNode_ENS_12MethodBinderIPKNS_20RestartRequestServerEMS4_KFvRKNS_21ReceivedDataStructureINS2_8Request_ILi0EEEEERNS2_9Response_ILi0EEEEEELj2ELj1EE24handleReceivedDataStructERSA_
                0x00000000      0x138 uavcannode_main.cpp.o
                0x00000000                uavcan::ServiceServer<uavcan::protocol::RestartNode_, uavcan::MethodBinder<uavcan::RestartRequestServer const*, void (uavcan::RestartRequestServer::*)(uavcan::ReceivedDataStructure<uavcan::protocol::RestartNode_::Request_<0> > const&, uavcan::protocol::RestartNode_::Response_<0>&) const>, 2u, 1u>::handleReceivedDataStruct(uavcan::ReceivedDataStructure<uavcan::protocol::RestartNode_::Request_<0> >&)

.text._ZN6uavcan13ServiceServerINS_8protocol16GetDataTypeInfo_ENS_12MethodBinderIPNS_20DataTypeInfoProviderEMS4_FvRKNS2_8Request_ILi0EEERNS2_9Response_ILi0EEEEEELj2ELj1EE24handleReceivedDataStructERNS_21ReceivedDataStructureIS7_EE
                0x00000000      0x1c0
 .text._ZN6uavcan13ServiceServerINS_8protocol16GetDataTypeInfo_ENS_12MethodBinderIPNS_20DataTypeInfoProviderEMS4_FvRKNS2_8Request_ILi0EEERNS2_9Response_ILi0EEEEEELj2ELj1EE24handleReceivedDataStructERNS_21ReceivedDataStructureIS7_EE
                0x00000000      0x1c0 uavcannode_main.cpp.o
                0x00000000                uavcan::ServiceServer<uavcan::protocol::GetDataTypeInfo_, uavcan::MethodBinder<uavcan::DataTypeInfoProvider*, void (uavcan::DataTypeInfoProvider::*)(uavcan::protocol::GetDataTypeInfo_::Request_<0> const&, uavcan::protocol::GetDataTypeInfo_::Response_<0>&)>, 2u, 1u>::handleReceivedDataStruct(uavcan::ReceivedDataStructure<uavcan::protocol::GetDataTypeInfo_::Request_<0> >&)

.text._ZN6uavcan13ServiceServerINS_8protocol18GetTransportStats_ENS_12MethodBinderIPKNS_22TransportStatsProviderEMS4_KFvRKNS2_8Request_ILi0EEERNS2_9Response_ILi0EEEEEELj2ELj1EE24handleReceivedDataStructERNS_21ReceivedDataStructureIS8_EE
                0x00000000      0x280
 .text._ZN6uavcan13ServiceServerINS_8protocol18GetTransportStats_ENS_12MethodBinderIPKNS_22TransportStatsProviderEMS4_KFvRKNS2_8Request_ILi0EEERNS2_9Response_ILi0EEEEEELj2ELj1EE24handleReceivedDataStructERNS_21ReceivedDataStructureIS8_EE
                0x00000000      0x280 uavcannode_main.cpp.o
                0x00000000                uavcan::ServiceServer<uavcan::protocol::GetTransportStats_, uavcan::MethodBinder<uavcan::TransportStatsProvider const*, void (uavcan::TransportStatsProvider::*)(uavcan::protocol::GetTransportStats_::Request_<0> const&, uavcan::protocol::GetTransportStats_::Response_<0>&) const>, 2u, 1u>::handleReceivedDataStruct(uavcan::ReceivedDataStructure<uavcan::protocol::GetTransportStats_::Request_<0> >&)

.text.hrt_absolute_time
                0x00000000       0x14
 .text.hrt_absolute_time
                0x00000000       0x14 uavcannode_main.cpp.o
                0x00000000                hrt_absolute_time

.text._ZN10UavcanNodeC2ERN6uavcan10ICanDriverERNS0_12ISystemClockE
                0x00000000      0x898
 .text._ZN10UavcanNodeC2ERN6uavcan10ICanDriverERNS0_12ISystemClockE
                0x00000000      0x898 uavcannode_main.cpp.o
                0x00000000                UavcanNode::UavcanNode(uavcan::ICanDriver&, uavcan::ISystemClock&)
                0x00000000                UavcanNode::UavcanNode(uavcan::ICanDriver&, uavcan::ISystemClock&)

.text._ZN10UavcanNode4stopEv
                0x00000000        0xc
 .text._ZN10UavcanNode4stopEv
                0x00000000        0xc uavcannode_main.cpp.o
                0x00000000                UavcanNode::stop()

.text._ZN10UavcanNode14fill_node_infoEv
                0x00000000       0xe8
 .text._ZN10UavcanNode14fill_node_infoEv
                0x00000000       0xe8 uavcannode_main.cpp.o
                0x00000000                UavcanNode::fill_node_info()

.text._ZN10UavcanNode8teardownEv
                0x00000000        0x4
 .text._ZN10UavcanNode8teardownEv
                0x00000000        0x4 uavcannode_main.cpp.o
                0x00000000                UavcanNode::teardown()

.text._ZN12uavcan_stm3213CanInitHelperILj5EEC2Ev
                0x00000000       0xfc
 .text._ZN12uavcan_stm3213CanInitHelperILj5EEC2Ev
                0x00000000       0xfc uavcannode_main.cpp.o
                0x00000000                uavcan_stm32::CanInitHelper<5u>::CanInitHelper()
                0x00000000                uavcan_stm32::CanInitHelper<5u>::CanInitHelper()

.text._ZN6uavcan22GlobalDataTypeRegistry16registerDataTypeINS_8protocol11NodeStatus_ILi0EEEEENS0_18RegistrationResultENS_10DataTypeIDE
                0x00000000       0xb8
 .text._ZN6uavcan22GlobalDataTypeRegistry16registerDataTypeINS_8protocol11NodeStatus_ILi0EEEEENS0_18RegistrationResultENS_10DataTypeIDE
                0x00000000       0xb8 uavcannode_main.cpp.o
                0x00000000                uavcan::GlobalDataTypeRegistry::RegistrationResult uavcan::GlobalDataTypeRegistry::registerDataType<uavcan::protocol::NodeStatus_<0> >(uavcan::DataTypeID)

.text._ZN6uavcan22GlobalDataTypeRegistry16registerDataTypeINS_8protocol12GetNodeInfo_EEENS0_18RegistrationResultENS_10DataTypeIDE
                0x00000000      0x110
 .text._ZN6uavcan22GlobalDataTypeRegistry16registerDataTypeINS_8protocol12GetNodeInfo_EEENS0_18RegistrationResultENS_10DataTypeIDE
                0x00000000      0x110 uavcannode_main.cpp.o
                0x00000000                uavcan::GlobalDataTypeRegistry::RegistrationResult uavcan::GlobalDataTypeRegistry::registerDataType<uavcan::protocol::GetNodeInfo_>(uavcan::DataTypeID)

.text._ZN6uavcan22GlobalDataTypeRegistry16registerDataTypeINS_8protocol16GetDataTypeInfo_EEENS0_18RegistrationResultENS_10DataTypeIDE
                0x00000000       0xf8
 .text._ZN6uavcan22GlobalDataTypeRegistry16registerDataTypeINS_8protocol16GetDataTypeInfo_EEENS0_18RegistrationResultENS_10DataTypeIDE
                0x00000000       0xf8 uavcannode_main.cpp.o
                0x00000000                uavcan::GlobalDataTypeRegistry::RegistrationResult uavcan::GlobalDataTypeRegistry::registerDataType<uavcan::protocol::GetDataTypeInfo_>(uavcan::DataTypeID)

.text._ZN6uavcan22GlobalDataTypeRegistry16registerDataTypeINS_8protocol5debug11LogMessage_ILi0EEEEENS0_18RegistrationResultENS_10DataTypeIDE
                0x00000000       0xe8
 .text._ZN6uavcan22GlobalDataTypeRegistry16registerDataTypeINS_8protocol5debug11LogMessage_ILi0EEEEENS0_18RegistrationResultENS_10DataTypeIDE
                0x00000000       0xe8 uavcannode_main.cpp.o
                0x00000000                uavcan::GlobalDataTypeRegistry::RegistrationResult uavcan::GlobalDataTypeRegistry::registerDataType<uavcan::protocol::debug::LogMessage_<0> >(uavcan::DataTypeID)

.text._ZN6uavcan22GlobalDataTypeRegistry16registerDataTypeINS_8protocol12RestartNode_EEENS0_18RegistrationResultENS_10DataTypeIDE
                0x00000000       0xb8
 .text._ZN6uavcan22GlobalDataTypeRegistry16registerDataTypeINS_8protocol12RestartNode_EEENS0_18RegistrationResultENS_10DataTypeIDE
                0x00000000       0xb8 uavcannode_main.cpp.o
                0x00000000                uavcan::GlobalDataTypeRegistry::RegistrationResult uavcan::GlobalDataTypeRegistry::registerDataType<uavcan::protocol::RestartNode_>(uavcan::DataTypeID)

.text._ZN6uavcan22GlobalDataTypeRegistry16registerDataTypeINS_8protocol18GetTransportStats_EEENS0_18RegistrationResultENS_10DataTypeIDE
                0x00000000       0xe8
 .text._ZN6uavcan22GlobalDataTypeRegistry16registerDataTypeINS_8protocol18GetTransportStats_EEENS0_18RegistrationResultENS_10DataTypeIDE
                0x00000000       0xe8 uavcannode_main.cpp.o
                0x00000000                uavcan::GlobalDataTypeRegistry::RegistrationResult uavcan::GlobalDataTypeRegistry::registerDataType<uavcan::protocol::GetTransportStats_>(uavcan::DataTypeID)

.text._ZN6uavcan22GlobalDataTypeRegistry16registerDataTypeINS_8protocol15GlobalTimeSync_ILi0EEEEENS0_18RegistrationResultENS_10DataTypeIDE
                0x00000000       0xb8
 .text._ZN6uavcan22GlobalDataTypeRegistry16registerDataTypeINS_8protocol15GlobalTimeSync_ILi0EEEEENS0_18RegistrationResultENS_10DataTypeIDE
                0x00000000       0xb8 uavcannode_main.cpp.o
                0x00000000                uavcan::GlobalDataTypeRegistry::RegistrationResult uavcan::GlobalDataTypeRegistry::registerDataType<uavcan::protocol::GlobalTimeSync_<0> >(uavcan::DataTypeID)

.text._ZN6uavcan22GlobalDataTypeRegistry16registerDataTypeINS_8protocol4file20BeginFirmwareUpdate_EEENS0_18RegistrationResultENS_10DataTypeIDE
                0x00000000       0xe8
 .text._ZN6uavcan22GlobalDataTypeRegistry16registerDataTypeINS_8protocol4file20BeginFirmwareUpdate_EEENS0_18RegistrationResultENS_10DataTypeIDE
                0x00000000       0xe8 uavcannode_main.cpp.o
                0x00000000                uavcan::GlobalDataTypeRegistry::RegistrationResult uavcan::GlobalDataTypeRegistry::registerDataType<uavcan::protocol::file::BeginFirmwareUpdate_>(uavcan::DataTypeID)

.text._ZN6uavcan22GlobalDataTypeRegistry16registerDataTypeINS_9equipment12range_sensor12Measurement_ILi0EEEEENS0_18RegistrationResultENS_10DataTypeIDE
                0x00000000      0x100
 .text._ZN6uavcan22GlobalDataTypeRegistry16registerDataTypeINS_9equipment12range_sensor12Measurement_ILi0EEEEENS0_18RegistrationResultENS_10DataTypeIDE
                0x00000000      0x100 uavcannode_main.cpp.o
                0x00000000                uavcan::GlobalDataTypeRegistry::RegistrationResult uavcan::GlobalDataTypeRegistry::registerDataType<uavcan::equipment::range_sensor::Measurement_<0> >(uavcan::DataTypeID)

.text._ZN6uavcan22GlobalDataTypeRegistry16registerDataTypeIN7threedr9equipment4flow12optical_flow16LegacyRawSample_ILi0EEEEENS0_18RegistrationResultENS_10DataTypeIDE
                0x00000000      0x110
 .text._ZN6uavcan22GlobalDataTypeRegistry16registerDataTypeIN7threedr9equipment4flow12optical_flow16LegacyRawSample_ILi0EEEEENS0_18RegistrationResultENS_10DataTypeIDE
                0x00000000      0x110 uavcannode_main.cpp.o
                0x00000000                uavcan::GlobalDataTypeRegistry::RegistrationResult uavcan::GlobalDataTypeRegistry::registerDataType<threedr::equipment::flow::optical_flow::LegacyRawSample_<0> >(uavcan::DataTypeID)

.text._ZN6uavcan16GenericPublisherINS_8protocol5debug11LogMessage_ILi0EEES4_E14genericPublishERKS4_NS_12TransferTypeENS_6NodeIDEPNS_10TransferIDENS_13MonotonicTimeE
                0x00000000      0x114
 .text._ZN6uavcan16GenericPublisherINS_8protocol5debug11LogMessage_ILi0EEES4_E14genericPublishERKS4_NS_12TransferTypeENS_6NodeIDEPNS_10TransferIDENS_13MonotonicTimeE
                0x00000000      0x114 uavcannode_main.cpp.o
                0x00000000                uavcan::GenericPublisher<uavcan::protocol::debug::LogMessage_<0>, uavcan::protocol::debug::LogMessage_<0> >::genericPublish(uavcan::protocol::debug::LogMessage_<0> const&, uavcan::TransferType, uavcan::NodeID, uavcan::TransferID*, uavcan::MonotonicTime)

.text._ZN6uavcan4NodeILj2048ELj10EE23registerInternalFailureEPKc
                0x00000000       0xfc
 .text._ZN6uavcan4NodeILj2048ELj10EE23registerInternalFailureEPKc
                0x00000000       0xfc uavcannode_main.cpp.o
                0x00000000                uavcan::Node<2048u, 10u>::registerInternalFailure(char const*)

.text._ZN6uavcan17GenericSubscriberINS_8protocol16GetDataTypeInfo_ENS2_8Request_ILi0EEENS_16TransferListenerILj84ELj1ELj2EEEE9checkInitEv
                0x00000000      0x178
 .text._ZN6uavcan17GenericSubscriberINS_8protocol16GetDataTypeInfo_ENS2_8Request_ILi0EEENS_16TransferListenerILj84ELj1ELj2EEEE9checkInitEv
                0x00000000      0x178 uavcannode_main.cpp.o
                0x00000000                uavcan::GenericSubscriber<uavcan::protocol::GetDataTypeInfo_, uavcan::protocol::GetDataTypeInfo_::Request_<0>, uavcan::TransferListener<84u, 1u, 2u> >::checkInit()

.text._ZN6uavcan17GenericSubscriberINS_8protocol12RestartNode_ENS2_8Request_ILi0EEENS_16TransferListenerILj0ELj0ELj2EEEE9checkInitEv
                0x00000000      0x13c
 .text._ZN6uavcan17GenericSubscriberINS_8protocol12RestartNode_ENS2_8Request_ILi0EEENS_16TransferListenerILj0ELj0ELj2EEEE9checkInitEv
                0x00000000      0x13c uavcannode_main.cpp.o
                0x00000000                uavcan::GenericSubscriber<uavcan::protocol::RestartNode_, uavcan::protocol::RestartNode_::Request_<0>, uavcan::TransferListener<0u, 0u, 2u> >::checkInit()

.text._ZN6uavcan17GenericSubscriberINS_8protocol18GetTransportStats_ENS2_8Request_ILi0EEENS_16TransferListenerILj0ELj0ELj2EEEE9checkInitEv
                0x00000000      0x13c
 .text._ZN6uavcan17GenericSubscriberINS_8protocol18GetTransportStats_ENS2_8Request_ILi0EEENS_16TransferListenerILj0ELj0ELj2EEEE9checkInitEv
                0x00000000      0x13c uavcannode_main.cpp.o
                0x00000000                uavcan::GenericSubscriber<uavcan::protocol::GetTransportStats_, uavcan::protocol::GetTransportStats_::Request_<0>, uavcan::TransferListener<0u, 0u, 2u> >::checkInit()

.text._ZN6uavcan4NodeILj2048ELj10EE5startENS_16TransferPriorityE
                0x00000000      0x20c
 .text._ZN6uavcan4NodeILj2048ELj10EE5startENS_16TransferPriorityE
                0x00000000      0x20c uavcannode_main.cpp.o
                0x00000000                uavcan::Node<2048u, 10u>::start(uavcan::TransferPriority)

.text._ZN6uavcan17GenericSubscriberINS_8protocol15GlobalTimeSync_ILi0EEES3_NS_16TransferListenerILj0ELj0ELj2EEEE9checkInitEv
                0x00000000      0x13c
 .text._ZN6uavcan17GenericSubscriberINS_8protocol15GlobalTimeSync_ILi0EEES3_NS_16TransferListenerILj0ELj0ELj2EEEE9checkInitEv
                0x00000000      0x13c uavcannode_main.cpp.o
                0x00000000                uavcan::GenericSubscriber<uavcan::protocol::GlobalTimeSync_<0>, uavcan::protocol::GlobalTimeSync_<0>, uavcan::TransferListener<0u, 0u, 2u> >::checkInit()

.text._ZN10UavcanNode3runEv
                0x00000000       0xfc
 .text._ZN10UavcanNode3runEv
                0x00000000       0xfc uavcannode_main.cpp.o
                0x00000000                UavcanNode::run()

.text.uavcannode_run
                0x00000000      0x14c
 .text.uavcannode_run
                0x00000000      0x14c uavcannode_main.cpp.o
                0x00000000                uavcannode_run

.text._ZN6uavcan17GenericSubscriberINS_8protocol4file20BeginFirmwareUpdate_ENS3_8Request_ILi0EEENS_16TransferListenerILj202ELj1ELj2EEEE9checkInitEv
                0x00000000      0x188
 .text._ZN6uavcan17GenericSubscriberINS_8protocol4file20BeginFirmwareUpdate_ENS3_8Request_ILi0EEENS_16TransferListenerILj202ELj1ELj2EEEE9checkInitEv
                0x00000000      0x188 uavcannode_main.cpp.o
                0x00000000                uavcan::GenericSubscriber<uavcan::protocol::file::BeginFirmwareUpdate_, uavcan::protocol::file::BeginFirmwareUpdate_::Request_<0>, uavcan::TransferListener<202u, 1u, 2u> >::checkInit()

.text._ZN10UavcanNode4initEN6uavcan6NodeIDE
                0x00000000       0xcc
 .text._ZN10UavcanNode4initEN6uavcan6NodeIDE
                0x00000000       0xcc uavcannode_main.cpp.o
                0x00000000                UavcanNode::init(uavcan::NodeID)

.text._ZN10UavcanNode5startEN6uavcan6NodeIDEm
                0x00000000      0x124
 .text._ZN10UavcanNode5startEN6uavcan6NodeIDEm
                0x00000000      0x124 uavcannode_main.cpp.o
                0x00000000                UavcanNode::start(uavcan::NodeID, unsigned long)

.text.uavcannode_main
                0x00000000      0x214
 .text.uavcannode_main
                0x00000000      0x214 uavcannode_main.cpp.o
                0x00000000                uavcannode_main

.text._ZN6uavcan7MapBaseINS_27OutgoingTransferRegistryKeyENS_24OutgoingTransferRegistryILi10EE5ValueEE15optimizeStorageEv
                0x00000000       0xf0
 .text._ZN6uavcan7MapBaseINS_27OutgoingTransferRegistryKeyENS_24OutgoingTransferRegistryILi10EE5ValueEE15optimizeStorageEv
                0x00000000       0xf0 uavcannode_main.cpp.o
                0x00000000                uavcan::MapBase<uavcan::OutgoingTransferRegistryKey, uavcan::OutgoingTransferRegistry<10>::Value>::optimizeStorage()

.text._ZN6uavcan7MapBaseINS_27OutgoingTransferRegistryKeyENS_24OutgoingTransferRegistryILi10EE5ValueEE7compactEv
                0x00000000       0x58
 .text._ZN6uavcan7MapBaseINS_27OutgoingTransferRegistryKeyENS_24OutgoingTransferRegistryILi10EE5ValueEE7compactEv
                0x00000000       0x58 uavcannode_main.cpp.o
                0x00000000                uavcan::MapBase<uavcan::OutgoingTransferRegistryKey, uavcan::OutgoingTransferRegistry<10>::Value>::compact()

.text._ZN6uavcan7MapBaseINS_27OutgoingTransferRegistryKeyENS_24OutgoingTransferRegistryILi10EE5ValueEE14removeAllWhereINS5_12YesPredicateEEEvT_
                0x00000000       0xcc
 .text._ZN6uavcan7MapBaseINS_27OutgoingTransferRegistryKeyENS_24OutgoingTransferRegistryILi10EE5ValueEE14removeAllWhereINS5_12YesPredicateEEEvT_
                0x00000000       0xcc uavcannode_main.cpp.o
                0x00000000                void uavcan::MapBase<uavcan::OutgoingTransferRegistryKey, uavcan::OutgoingTransferRegistry<10>::Value>::removeAllWhere<uavcan::MapBase<uavcan::OutgoingTransferRegistryKey, uavcan::OutgoingTransferRegistry<10>::Value>::YesPredicate>(uavcan::MapBase<uavcan::OutgoingTransferRegistryKey, uavcan::OutgoingTransferRegistry<10>::Value>::YesPredicate)

.text._ZN6uavcan24OutgoingTransferRegistryILi10EED2Ev
                0x00000000       0x24
 .text._ZN6uavcan24OutgoingTransferRegistryILi10EED2Ev
                0x00000000       0x24 uavcannode_main.cpp.o
                0x00000000                uavcan::OutgoingTransferRegistry<10>::~OutgoingTransferRegistry()
                0x00000000                uavcan::OutgoingTransferRegistry<10>::~OutgoingTransferRegistry()

.text._ZN6uavcan24OutgoingTransferRegistryILi10EED0Ev
                0x00000000       0x28
 .text._ZN6uavcan24OutgoingTransferRegistryILi10EED0Ev
                0x00000000       0x28 uavcannode_main.cpp.o
                0x00000000                uavcan::OutgoingTransferRegistry<10>::~OutgoingTransferRegistry()

.text._ZN6uavcan4NodeILj2048ELj10EED2Ev
                0x00000000      0x150
 .text._ZN6uavcan4NodeILj2048ELj10EED2Ev
                0x00000000      0x150 uavcannode_main.cpp.o
                0x00000000                uavcan::Node<2048u, 10u>::~Node()
                0x00000000                uavcan::Node<2048u, 10u>::~Node()

.text._ZN6uavcan4NodeILj2048ELj10EED0Ev
                0x00000000      0x154
 .text._ZN6uavcan4NodeILj2048ELj10EED0Ev
                0x00000000      0x154 uavcannode_main.cpp.o
                0x00000000                uavcan::Node<2048u, 10u>::~Node()

.text._ZN10UavcanNodeD2Ev
                0x00000000      0x1f0
 .text._ZN10UavcanNodeD2Ev
                0x00000000      0x1f0 uavcannode_main.cpp.o
                0x00000000                UavcanNode::~UavcanNode()
                0x00000000                UavcanNode::~UavcanNode()

.text._ZN10UavcanNodeD0Ev
                0x00000000       0x14
 .text._ZN10UavcanNodeD0Ev
                0x00000000       0x14 uavcannode_main.cpp.o
                0x00000000                UavcanNode::~UavcanNode()

.text._ZN6uavcan9equipment12range_sensor12Measurement_ILi0EE6encodeERKS3_RNS_11ScalarCodecENS_25TailArrayOptimizationModeE
                0x00000000      0x1ac
 .text._ZN6uavcan9equipment12range_sensor12Measurement_ILi0EE6encodeERKS3_RNS_11ScalarCodecENS_25TailArrayOptimizationModeE
                0x00000000      0x1ac uavcannode_main.cpp.o
                0x00000000                uavcan::equipment::range_sensor::Measurement_<0>::encode(uavcan::equipment::range_sensor::Measurement_<0> const&, uavcan::ScalarCodec&, uavcan::TailArrayOptimizationMode)

.text._ZN10UavcanNode7publishEP12range_data_t
                0x00000000      0x120
 .text._ZN10UavcanNode7publishEP12range_data_t
                0x00000000      0x120 uavcannode_main.cpp.o
                0x00000000                UavcanNode::publish(range_data_t*)

.text.uavcannode_publish_range
                0x00000000      0x16c
 .text.uavcannode_publish_range
                0x00000000      0x16c uavcannode_main.cpp.o
                0x00000000                uavcannode_publish_range

.text._ZN7threedr9equipment4flow12optical_flow9I2CFrame_ILi0EE6encodeERKS4_RN6uavcan11ScalarCodecENS7_25TailArrayOptimizationModeE
                0x00000000       0xfc
 .text._ZN7threedr9equipment4flow12optical_flow9I2CFrame_ILi0EE6encodeERKS4_RN6uavcan11ScalarCodecENS7_25TailArrayOptimizationModeE
                0x00000000       0xfc uavcannode_main.cpp.o
                0x00000000                threedr::equipment::flow::optical_flow::I2CFrame_<0>::encode(threedr::equipment::flow::optical_flow::I2CFrame_<0> const&, uavcan::ScalarCodec&, uavcan::TailArrayOptimizationMode)

.text._ZN7threedr9equipment4flow12optical_flow17I2CFrameIntegral_ILi0EE6encodeERKS4_RN6uavcan11ScalarCodecENS7_25TailArrayOptimizationModeE
                0x00000000       0xe4
 .text._ZN7threedr9equipment4flow12optical_flow17I2CFrameIntegral_ILi0EE6encodeERKS4_RN6uavcan11ScalarCodecENS7_25TailArrayOptimizationModeE
                0x00000000       0xe4 uavcannode_main.cpp.o
                0x00000000                threedr::equipment::flow::optical_flow::I2CFrameIntegral_<0>::encode(threedr::equipment::flow::optical_flow::I2CFrameIntegral_<0> const&, uavcan::ScalarCodec&, uavcan::TailArrayOptimizationMode)

.text._ZN10UavcanNode7publishEP17legacy_12c_data_t
                0x00000000      0x170
 .text._ZN10UavcanNode7publishEP17legacy_12c_data_t
                0x00000000      0x170 uavcannode_main.cpp.o
                0x00000000                UavcanNode::publish(legacy_12c_data_t*)

.text.uavcannode_publish_flow
                0x00000000      0x1c4
 .text.uavcannode_publish_flow
                0x00000000      0x1c4 uavcannode_main.cpp.o
                0x00000000                uavcannode_publish_flow

.text._ZN6uavcan7MapBaseINS_24TransferBufferManagerKeyENS_16TransferReceiverEE15optimizeStorageEv
                0x00000000      0x188
 .text._ZN6uavcan7MapBaseINS_24TransferBufferManagerKeyENS_16TransferReceiverEE15optimizeStorageEv
                0x00000000      0x188 uavcannode_main.cpp.o
                0x00000000                uavcan::MapBase<uavcan::TransferBufferManagerKey, uavcan::TransferReceiver>::optimizeStorage()

.text._ZN6uavcan7MapBaseINS_24TransferBufferManagerKeyENS_16TransferReceiverEE14removeAllWhereINS3_12YesPredicateEEEvT_
                0x00000000      0x1bc
 .text._ZN6uavcan7MapBaseINS_24TransferBufferManagerKeyENS_16TransferReceiverEE14removeAllWhereINS3_12YesPredicateEEEvT_
                0x00000000      0x1bc uavcannode_main.cpp.o
                0x00000000                void uavcan::MapBase<uavcan::TransferBufferManagerKey, uavcan::TransferReceiver>::removeAllWhere<uavcan::MapBase<uavcan::TransferBufferManagerKey, uavcan::TransferReceiver>::YesPredicate>(uavcan::MapBase<uavcan::TransferBufferManagerKey, uavcan::TransferReceiver>::YesPredicate)

.text._ZN6uavcan16TransferListenerILj0ELj0ELj2EED2Ev
                0x00000000       0x38
 .text._ZN6uavcan16TransferListenerILj0ELj0ELj2EED2Ev
                0x00000000       0x38 uavcannode_main.cpp.o
                0x00000000                uavcan::TransferListener<0u, 0u, 2u>::~TransferListener()
                0x00000000                uavcan::TransferListener<0u, 0u, 2u>::~TransferListener()

.text._ZN6uavcan16TransferListenerILj84ELj1ELj2EED2Ev
                0x00000000       0x58
 .text._ZN6uavcan16TransferListenerILj84ELj1ELj2EED2Ev
                0x00000000       0x58 uavcannode_main.cpp.o
                0x00000000                uavcan::TransferListener<84u, 1u, 2u>::~TransferListener()
                0x00000000                uavcan::TransferListener<84u, 1u, 2u>::~TransferListener()

.text._ZN6uavcan16TransferListenerILj202ELj1ELj2EED2Ev
                0x00000000       0x58
 .text._ZN6uavcan16TransferListenerILj202ELj1ELj2EED2Ev
                0x00000000       0x58 uavcannode_main.cpp.o
                0x00000000                uavcan::TransferListener<202u, 1u, 2u>::~TransferListener()
                0x00000000                uavcan::TransferListener<202u, 1u, 2u>::~TransferListener()

.text._ZN6uavcan17GenericSubscriberINS_8protocol16GetDataTypeInfo_ENS2_8Request_ILi0EEENS_16TransferListenerILj84ELj1ELj2EEEE17TransferForwarderD2Ev
                0x00000000       0x58
 .text._ZN6uavcan17GenericSubscriberINS_8protocol16GetDataTypeInfo_ENS2_8Request_ILi0EEENS_16TransferListenerILj84ELj1ELj2EEEE17TransferForwarderD2Ev
                0x00000000       0x58 uavcannode_main.cpp.o
                0x00000000                uavcan::GenericSubscriber<uavcan::protocol::GetDataTypeInfo_, uavcan::protocol::GetDataTypeInfo_::Request_<0>, uavcan::TransferListener<84u, 1u, 2u> >::TransferForwarder::~TransferForwarder()
                0x00000000                uavcan::GenericSubscriber<uavcan::protocol::GetDataTypeInfo_, uavcan::protocol::GetDataTypeInfo_::Request_<0>, uavcan::TransferListener<84u, 1u, 2u> >::TransferForwarder::~TransferForwarder()

.text._ZN6uavcan17GenericSubscriberINS_8protocol4file20BeginFirmwareUpdate_ENS3_8Request_ILi0EEENS_16TransferListenerILj202ELj1ELj2EEEE17TransferForwarderD2Ev
                0x00000000       0x58
 .text._ZN6uavcan17GenericSubscriberINS_8protocol4file20BeginFirmwareUpdate_ENS3_8Request_ILi0EEENS_16TransferListenerILj202ELj1ELj2EEEE17TransferForwarderD2Ev
                0x00000000       0x58 uavcannode_main.cpp.o
                0x00000000                uavcan::GenericSubscriber<uavcan::protocol::file::BeginFirmwareUpdate_, uavcan::protocol::file::BeginFirmwareUpdate_::Request_<0>, uavcan::TransferListener<202u, 1u, 2u> >::TransferForwarder::~TransferForwarder()
                0x00000000                uavcan::GenericSubscriber<uavcan::protocol::file::BeginFirmwareUpdate_, uavcan::protocol::file::BeginFirmwareUpdate_::Request_<0>, uavcan::TransferListener<202u, 1u, 2u> >::TransferForwarder::~TransferForwarder()

.text._ZN6uavcan16TransferListenerILj202ELj1ELj2EED0Ev
                0x00000000       0x5c
 .text._ZN6uavcan16TransferListenerILj202ELj1ELj2EED0Ev
                0x00000000       0x5c uavcannode_main.cpp.o
                0x00000000                uavcan::TransferListener<202u, 1u, 2u>::~TransferListener()

.text._ZN6uavcan16TransferListenerILj84ELj1ELj2EED0Ev
                0x00000000       0x5c
 .text._ZN6uavcan16TransferListenerILj84ELj1ELj2EED0Ev
                0x00000000       0x5c uavcannode_main.cpp.o
                0x00000000                uavcan::TransferListener<84u, 1u, 2u>::~TransferListener()

.text._ZN6uavcan17GenericSubscriberINS_8protocol4file20BeginFirmwareUpdate_ENS3_8Request_ILi0EEENS_16TransferListenerILj202ELj1ELj2EEEE17TransferForwarderD0Ev
                0x00000000       0x5c
 .text._ZN6uavcan17GenericSubscriberINS_8protocol4file20BeginFirmwareUpdate_ENS3_8Request_ILi0EEENS_16TransferListenerILj202ELj1ELj2EEEE17TransferForwarderD0Ev
                0x00000000       0x5c uavcannode_main.cpp.o
                0x00000000                uavcan::GenericSubscriber<uavcan::protocol::file::BeginFirmwareUpdate_, uavcan::protocol::file::BeginFirmwareUpdate_::Request_<0>, uavcan::TransferListener<202u, 1u, 2u> >::TransferForwarder::~TransferForwarder()

.text._ZN6uavcan17GenericSubscriberINS_8protocol16GetDataTypeInfo_ENS2_8Request_ILi0EEENS_16TransferListenerILj84ELj1ELj2EEEE17TransferForwarderD0Ev
                0x00000000       0x5c
 .text._ZN6uavcan17GenericSubscriberINS_8protocol16GetDataTypeInfo_ENS2_8Request_ILi0EEENS_16TransferListenerILj84ELj1ELj2EEEE17TransferForwarderD0Ev
                0x00000000       0x5c uavcannode_main.cpp.o
                0x00000000                uavcan::GenericSubscriber<uavcan::protocol::GetDataTypeInfo_, uavcan::protocol::GetDataTypeInfo_::Request_<0>, uavcan::TransferListener<84u, 1u, 2u> >::TransferForwarder::~TransferForwarder()

.text._ZN6uavcan17GenericSubscriberINS_8protocol12RestartNode_ENS2_8Request_ILi0EEENS_16TransferListenerILj0ELj0ELj2EEEE17TransferForwarderD2Ev
                0x00000000       0x38
 .text._ZN6uavcan17GenericSubscriberINS_8protocol12RestartNode_ENS2_8Request_ILi0EEENS_16TransferListenerILj0ELj0ELj2EEEE17TransferForwarderD2Ev
                0x00000000       0x38 uavcannode_main.cpp.o
                0x00000000                uavcan::GenericSubscriber<uavcan::protocol::RestartNode_, uavcan::protocol::RestartNode_::Request_<0>, uavcan::TransferListener<0u, 0u, 2u> >::TransferForwarder::~TransferForwarder()
                0x00000000                uavcan::GenericSubscriber<uavcan::protocol::RestartNode_, uavcan::protocol::RestartNode_::Request_<0>, uavcan::TransferListener<0u, 0u, 2u> >::TransferForwarder::~TransferForwarder()

.text._ZN6uavcan17GenericSubscriberINS_8protocol18GetTransportStats_ENS2_8Request_ILi0EEENS_16TransferListenerILj0ELj0ELj2EEEE17TransferForwarderD2Ev
                0x00000000       0x38
 .text._ZN6uavcan17GenericSubscriberINS_8protocol18GetTransportStats_ENS2_8Request_ILi0EEENS_16TransferListenerILj0ELj0ELj2EEEE17TransferForwarderD2Ev
                0x00000000       0x38 uavcannode_main.cpp.o
                0x00000000                uavcan::GenericSubscriber<uavcan::protocol::GetTransportStats_, uavcan::protocol::GetTransportStats_::Request_<0>, uavcan::TransferListener<0u, 0u, 2u> >::TransferForwarder::~TransferForwarder()
                0x00000000                uavcan::GenericSubscriber<uavcan::protocol::GetTransportStats_, uavcan::protocol::GetTransportStats_::Request_<0>, uavcan::TransferListener<0u, 0u, 2u> >::TransferForwarder::~TransferForwarder()

.text._ZN6uavcan17GenericSubscriberINS_8protocol15GlobalTimeSync_ILi0EEES3_NS_16TransferListenerILj0ELj0ELj2EEEE17TransferForwarderD2Ev
                0x00000000       0x38
 .text._ZN6uavcan17GenericSubscriberINS_8protocol15GlobalTimeSync_ILi0EEES3_NS_16TransferListenerILj0ELj0ELj2EEEE17TransferForwarderD2Ev
                0x00000000       0x38 uavcannode_main.cpp.o
                0x00000000                uavcan::GenericSubscriber<uavcan::protocol::GlobalTimeSync_<0>, uavcan::protocol::GlobalTimeSync_<0>, uavcan::TransferListener<0u, 0u, 2u> >::TransferForwarder::~TransferForwarder()
                0x00000000                uavcan::GenericSubscriber<uavcan::protocol::GlobalTimeSync_<0>, uavcan::protocol::GlobalTimeSync_<0>, uavcan::TransferListener<0u, 0u, 2u> >::TransferForwarder::~TransferForwarder()

.text._ZN6uavcan16TransferListenerILj0ELj0ELj2EED0Ev
                0x00000000       0x40
 .text._ZN6uavcan16TransferListenerILj0ELj0ELj2EED0Ev
                0x00000000       0x40 uavcannode_main.cpp.o
                0x00000000                uavcan::TransferListener<0u, 0u, 2u>::~TransferListener()

.text._ZN6uavcan17GenericSubscriberINS_8protocol12RestartNode_ENS2_8Request_ILi0EEENS_16TransferListenerILj0ELj0ELj2EEEE17TransferForwarderD0Ev
                0x00000000       0x40
 .text._ZN6uavcan17GenericSubscriberINS_8protocol12RestartNode_ENS2_8Request_ILi0EEENS_16TransferListenerILj0ELj0ELj2EEEE17TransferForwarderD0Ev
                0x00000000       0x40 uavcannode_main.cpp.o
                0x00000000                uavcan::GenericSubscriber<uavcan::protocol::RestartNode_, uavcan::protocol::RestartNode_::Request_<0>, uavcan::TransferListener<0u, 0u, 2u> >::TransferForwarder::~TransferForwarder()

.text._ZN6uavcan17GenericSubscriberINS_8protocol18GetTransportStats_ENS2_8Request_ILi0EEENS_16TransferListenerILj0ELj0ELj2EEEE17TransferForwarderD0Ev
                0x00000000       0x40
 .text._ZN6uavcan17GenericSubscriberINS_8protocol18GetTransportStats_ENS2_8Request_ILi0EEENS_16TransferListenerILj0ELj0ELj2EEEE17TransferForwarderD0Ev
                0x00000000       0x40 uavcannode_main.cpp.o
                0x00000000                uavcan::GenericSubscriber<uavcan::protocol::GetTransportStats_, uavcan::protocol::GetTransportStats_::Request_<0>, uavcan::TransferListener<0u, 0u, 2u> >::TransferForwarder::~TransferForwarder()

.text._ZN6uavcan17GenericSubscriberINS_8protocol15GlobalTimeSync_ILi0EEES3_NS_16TransferListenerILj0ELj0ELj2EEEE17TransferForwarderD0Ev
                0x00000000       0x40
 .text._ZN6uavcan17GenericSubscriberINS_8protocol15GlobalTimeSync_ILi0EEES3_NS_16TransferListenerILj0ELj0ELj2EEEE17TransferForwarderD0Ev
                0x00000000       0x40 uavcannode_main.cpp.o
                0x00000000                uavcan::GenericSubscriber<uavcan::protocol::GlobalTimeSync_<0>, uavcan::protocol::GlobalTimeSync_<0>, uavcan::TransferListener<0u, 0u, 2u> >::TransferForwarder::~TransferForwarder()

.text._ZN6uavcan17GenericSubscriberINS_8protocol4file20BeginFirmwareUpdate_ENS3_8Request_ILi0EEENS_16TransferListenerILj202ELj1ELj2EEEE22handleIncomingTransferERNS_16IncomingTransferE
                0x00000000       0xbc
 .text._ZN6uavcan17GenericSubscriberINS_8protocol4file20BeginFirmwareUpdate_ENS3_8Request_ILi0EEENS_16TransferListenerILj202ELj1ELj2EEEE22handleIncomingTransferERNS_16IncomingTransferE
                0x00000000       0xbc uavcannode_main.cpp.o
                0x00000000                uavcan::GenericSubscriber<uavcan::protocol::file::BeginFirmwareUpdate_, uavcan::protocol::file::BeginFirmwareUpdate_::Request_<0>, uavcan::TransferListener<202u, 1u, 2u> >::handleIncomingTransfer(uavcan::IncomingTransfer&)

.text._ZN6uavcan17GenericSubscriberINS_8protocol4file20BeginFirmwareUpdate_ENS3_8Request_ILi0EEENS_16TransferListenerILj202ELj1ELj2EEEE17TransferForwarder22handleIncomingTransferERNS_16IncomingTransferE
                0x00000000        0xc
 .text._ZN6uavcan17GenericSubscriberINS_8protocol4file20BeginFirmwareUpdate_ENS3_8Request_ILi0EEENS_16TransferListenerILj202ELj1ELj2EEEE17TransferForwarder22handleIncomingTransferERNS_16IncomingTransferE
                0x00000000        0xc uavcannode_main.cpp.o
                0x00000000                uavcan::GenericSubscriber<uavcan::protocol::file::BeginFirmwareUpdate_, uavcan::protocol::file::BeginFirmwareUpdate_::Request_<0>, uavcan::TransferListener<202u, 1u, 2u> >::TransferForwarder::handleIncomingTransfer(uavcan::IncomingTransfer&)

.text._ZN6uavcan7MapBaseINS_27OutgoingTransferRegistryKeyENS_24OutgoingTransferRegistryILi10EE5ValueEE6insertERKS1_RKS4_
                0x00000000      0x1c8
 .text._ZN6uavcan7MapBaseINS_27OutgoingTransferRegistryKeyENS_24OutgoingTransferRegistryILi10EE5ValueEE6insertERKS1_RKS4_
                0x00000000      0x1c8 uavcannode_main.cpp.o
                0x00000000                uavcan::MapBase<uavcan::OutgoingTransferRegistryKey, uavcan::OutgoingTransferRegistry<10>::Value>::insert(uavcan::OutgoingTransferRegistryKey const&, uavcan::OutgoingTransferRegistry<10>::Value const&)

.text._ZN6uavcan24OutgoingTransferRegistryILi10EE14accessOrCreateERKNS_27OutgoingTransferRegistryKeyENS_13MonotonicTimeE
                0x00000000       0xa0
 .text._ZN6uavcan24OutgoingTransferRegistryILi10EE14accessOrCreateERKNS_27OutgoingTransferRegistryKeyENS_13MonotonicTimeE
                0x00000000       0xa0 uavcannode_main.cpp.o
                0x00000000                uavcan::OutgoingTransferRegistry<10>::accessOrCreate(uavcan::OutgoingTransferRegistryKey const&, uavcan::MonotonicTime)
